../Libraries/coreMQTT/source/core_mqtt_state.c:234:13:validateTransitionPublish	24	static
../Libraries/coreMQTT/source/core_mqtt_state.c:302:13:validateTransitionAck	24	static
../Libraries/coreMQTT/source/core_mqtt_state.c:413:13:isPublishOutgoing	24	static
../Libraries/coreMQTT/source/core_mqtt_state.c:440:15:findInRecord	32	static
../Libraries/coreMQTT/source/core_mqtt_state.c:472:13:compactRecords	24	static
../Libraries/coreMQTT/source/core_mqtt_state.c:514:21:addRecord	40	static
../Libraries/coreMQTT/source/core_mqtt_state.c:581:13:updateRecord	24	static
../Libraries/coreMQTT/source/core_mqtt_state.c:603:17:stateSelect	40	static
../Libraries/coreMQTT/source/core_mqtt_state.c:651:20:MQTT_CalculateStateAck	24	static
../Libraries/coreMQTT/source/core_mqtt_state.c:700:21:updateStateAck	40	static
../Libraries/coreMQTT/source/core_mqtt_state.c:761:21:updateStatePublish	48	static
../Libraries/coreMQTT/source/core_mqtt_state.c:819:14:MQTT_ReserveState	40	static
../Libraries/coreMQTT/source/core_mqtt_state.c:848:20:MQTT_CalculateStatePublish	24	static
../Libraries/coreMQTT/source/core_mqtt_state.c:877:14:MQTT_UpdateStatePublish	56	static
../Libraries/coreMQTT/source/core_mqtt_state.c:951:14:MQTT_RemoveStateRecord	40	static
../Libraries/coreMQTT/source/core_mqtt_state.c:999:14:MQTT_UpdateStateAck	48	static
../Libraries/coreMQTT/source/core_mqtt_state.c:1081:10:MQTT_PubrelToResend	32	static
../Libraries/coreMQTT/source/core_mqtt_state.c:1117:10:MQTT_PublishToResend	24	static
../Libraries/coreMQTT/source/core_mqtt_state.c:1147:14:MQTT_State_strerror	24	static
