../Drivers/CMSIS/Include/core_cm4.h:2059:26:ITM_SendChar	16	static,ignoring_inline_asm
../Core/Src/main.c:220:13:dbg_printf	16	static,ignoring_inline_asm
../Core/Src/main.c:235:13:log_printf	304	static
../Core/Src/main.c:261:13:PrintDebugMenu	8	static
../Core/Src/main.c:293:6:OnMqttControlMessage	120	static
../Core/Src/main.c:306:13:DispatchCommand	16	static
../Core/Src/main.c:323:6:program_alarm_RTC	80	static
../Core/Src/main.c:359:13:ApplyRTC	72	static
../Core/Src/main.c:396:12:wifi_start	40	static
../Core/Src/main.c:428:5:wifi_connect	16	static
../Core/Src/main.c:458:6:USART1_IRQHandler	8	static
../Core/Src/main.c:468:5:main	8	static
../Core/Src/main.c:601:6:SystemClock_Config	96	static
../Core/Src/main.c:664:13:MX_DFSDM1_Init	8	static
../Core/Src/main.c:702:13:MX_I2C2_Init	8	static
../Core/Src/main.c:750:13:MX_QUADSPI_Init	8	static
../Core/Src/main.c:783:13:MX_RTC_Init	80	static
../Core/Src/main.c:866:13:MX_SPI3_Init	8	static
../Core/Src/main.c:906:13:MX_USART1_UART_Init	8	static
../Core/Src/main.c:945:13:MX_USART3_UART_Init	8	static
../Core/Src/main.c:980:13:MX_USB_OTG_FS_PCD_Init	8	static
../Core/Src/main.c:1015:13:MX_GPIO_Init	48	static
../Core/Src/main.c:1221:5:_write	40	static,ignoring_inline_asm
../Core/Src/main.c:1248:13:send_mqtt_msg	1072	static
../Core/Src/main.c:1260:6:HAL_UART_RxCpltCallback	24	static
../Core/Src/main.c:1293:6:SPI3_IRQHandler	8	static
../Core/Src/main.c:1298:6:HAL_GPIO_EXTI_Callback	16	static
../Core/Src/main.c:1334:6:HAL_RTC_AlarmAEventCallback	16	static
../Core/Src/main.c:1351:17:now_ms	8	static
../Core/Src/main.c:1356:13:build_payload_block	56	static
../Core/Src/main.c:1388:6:StartWifiTask	24	static
../Core/Src/main.c:1431:6:MQTT_TaskFun	1256	static
../Core/Src/main.c:1520:6:task_envReadFunc	1208	static
../Core/Src/main.c:1647:6:Accel_Task_Func	1256	static
../Core/Src/main.c:1800:6:UartCfgTask_Func	120	static
../Core/Src/main.c:1826:6:HAL_TIM_PeriodElapsedCallback	16	static
../Core/Src/main.c:1844:6:Error_Handler	4	static,ignoring_inline_asm
