../Drivers/CMSIS/Include/core_cm4.h:2059:26:ITM_SendChar	16	static,ignoring_inline_asm
../Core/Src/main.c:220:13:dbg_printf	16	static,ignoring_inline_asm
../Core/Src/main.c:234:13:log_printf	304	static
../Core/Src/main.c:260:13:PrintDebugMenu	8	static
../Core/Src/main.c:292:6:OnMqttControlMessage	120	static
../Core/Src/main.c:305:13:DispatchCommand	16	static
../Core/Src/main.c:322:6:program_alarm_RTC	80	static
../Core/Src/main.c:358:13:ApplyRTC	72	static
../Core/Src/main.c:395:12:wifi_start	40	static
../Core/Src/main.c:427:5:wifi_connect	16	static
../Core/Src/main.c:457:6:USART1_IRQHandler	8	static
../Core/Src/main.c:467:5:main	8	static
../Core/Src/main.c:600:6:SystemClock_Config	96	static
../Core/Src/main.c:663:13:MX_DFSDM1_Init	8	static
../Core/Src/main.c:701:13:MX_I2C2_Init	8	static
../Core/Src/main.c:749:13:MX_QUADSPI_Init	8	static
../Core/Src/main.c:782:13:MX_RTC_Init	80	static
../Core/Src/main.c:865:13:MX_SPI3_Init	8	static
../Core/Src/main.c:905:13:MX_USART1_UART_Init	8	static
../Core/Src/main.c:944:13:MX_USART3_UART_Init	8	static
../Core/Src/main.c:979:13:MX_USB_OTG_FS_PCD_Init	8	static
../Core/Src/main.c:1014:13:MX_GPIO_Init	48	static
../Core/Src/main.c:1220:5:_write	40	static,ignoring_inline_asm
../Core/Src/main.c:1248:6:HAL_UART_RxCpltCallback	24	static
../Core/Src/main.c:1281:6:SPI3_IRQHandler	8	static
../Core/Src/main.c:1286:6:HAL_GPIO_EXTI_Callback	16	static
../Core/Src/main.c:1322:6:HAL_RTC_AlarmAEventCallback	16	static
../Core/Src/main.c:1339:17:now_ms	8	static
../Core/Src/main.c:1344:13:send_mqtt_msg	1072	static
../Core/Src/main.c:1356:13:build_payload_block	56	static
../Core/Src/main.c:1388:6:StartWifiTask	24	static
../Core/Src/main.c:1431:6:MQTT_TaskFun	1256	static
../Core/Src/main.c:1520:6:task_envReadFunc	1208	static
../Core/Src/main.c:1647:6:Accel_Task_Func	1256	static
../Core/Src/main.c:1800:6:UartCfgTask_Func	120	static
../Core/Src/main.c:1826:6:HAL_TIM_PeriodElapsedCallback	16	static
../Core/Src/main.c:1844:6:Error_Handler	4	static,ignoring_inline_asm
