../Drivers/CMSIS/Include/core_cm4.h:2059:26:ITM_SendChar	16	static,ignoring_inline_asm
../Core/Src/main.c:236:6:program_alarm_RTC	80	static
../Core/Src/main.c:273:12:wifi_start	40	static
../Core/Src/main.c:305:5:wifi_connect	16	static
../Core/Src/main.c:335:6:USART1_IRQHandler	8	static
../Core/Src/main.c:345:5:main	8	static
../Core/Src/main.c:473:6:SystemClock_Config	96	static
../Core/Src/main.c:536:13:MX_DFSDM1_Init	8	static
../Core/Src/main.c:574:13:MX_I2C2_Init	8	static
../Core/Src/main.c:622:13:MX_QUADSPI_Init	8	static
../Core/Src/main.c:655:13:MX_RTC_Init	80	static
../Core/Src/main.c:738:13:MX_SPI3_Init	8	static
../Core/Src/main.c:778:13:MX_USART1_UART_Init	8	static
../Core/Src/main.c:817:13:MX_USART3_UART_Init	8	static
../Core/Src/main.c:852:13:MX_USB_OTG_FS_PCD_Init	8	static
../Core/Src/main.c:887:13:MX_GPIO_Init	48	static
../Core/Src/main.c:1093:5:_write	32	static,ignoring_inline_asm
../Core/Src/main.c:1112:6:HAL_UART_RxCpltCallback	24	static
../Core/Src/main.c:1145:6:SPI3_IRQHandler	8	static
../Core/Src/main.c:1150:6:HAL_GPIO_EXTI_Callback	16	static
../Core/Src/main.c:1186:6:HAL_RTC_AlarmAEventCallback	16	static
../Core/Src/main.c:1203:17:now_ms	8	static
../Core/Src/main.c:1208:13:send_mqtt_msg	1072	static
../Core/Src/main.c:1220:13:build_payload_block	56	static
../Core/Src/main.c:1252:6:StartWifiTask	24	static
../Core/Src/main.c:1298:6:MQTT_TaskFun	1184	static
../Core/Src/main.c:1385:6:task_envReadFunc	1112	static
../Core/Src/main.c:1480:6:Accel_Task_Func	1224	static
../Core/Src/main.c:1625:6:UartCfgTask_Func	216	static
../Core/Src/main.c:1676:6:HAL_TIM_PeriodElapsedCallback	16	static
../Core/Src/main.c:1694:6:Error_Handler	4	static,ignoring_inline_asm
