../Drivers/CMSIS/Include/core_cm4.h:2059:26:ITM_SendChar	16	static,ignoring_inline_asm
../Core/Src/main.c:235:6:program_alarm_RTC	80	static
../Core/Src/main.c:272:12:wifi_start	40	static
../Core/Src/main.c:304:5:wifi_connect	16	static
../Core/Src/main.c:339:5:main	8	static
../Core/Src/main.c:467:6:SystemClock_Config	96	static
../Core/Src/main.c:530:13:MX_DFSDM1_Init	8	static
../Core/Src/main.c:568:13:MX_I2C2_Init	8	static
../Core/Src/main.c:616:13:MX_QUADSPI_Init	8	static
../Core/Src/main.c:649:13:MX_RTC_Init	80	static
../Core/Src/main.c:732:13:MX_SPI3_Init	8	static
../Core/Src/main.c:772:13:MX_USART1_UART_Init	8	static
../Core/Src/main.c:811:13:MX_USART3_UART_Init	8	static
../Core/Src/main.c:846:13:MX_USB_OTG_FS_PCD_Init	8	static
../Core/Src/main.c:881:13:MX_GPIO_Init	48	static
../Core/Src/main.c:1087:5:_write	32	static,ignoring_inline_asm
../Core/Src/main.c:1106:6:HAL_UART_RxCpltCallback	24	static
../Core/Src/main.c:1139:6:SPI3_IRQHandler	8	static
../Core/Src/main.c:1144:6:HAL_GPIO_EXTI_Callback	16	static
../Core/Src/main.c:1180:6:HAL_RTC_AlarmAEventCallback	16	static
../Core/Src/main.c:1197:17:now_ms	8	static
../Core/Src/main.c:1202:13:send_mqtt_msg	1072	static
../Core/Src/main.c:1214:13:build_payload_block	56	static
../Core/Src/main.c:1246:6:StartWifiTask	24	static
../Core/Src/main.c:1292:6:MQTT_TaskFun	1184	static
../Core/Src/main.c:1379:6:task_envReadFunc	1112	static
../Core/Src/main.c:1474:6:Accel_Task_Func	1224	static
../Core/Src/main.c:1619:6:UartCfgTask_Func	216	static
../Core/Src/main.c:1670:6:HAL_TIM_PeriodElapsedCallback	16	static
../Core/Src/main.c:1688:6:Error_Handler	4	static,ignoring_inline_asm
