../Drivers/CMSIS/Include/core_cm4.h:2059:26:ITM_SendChar	16	static,ignoring_inline_asm
../Core/Src/main.c:219:13:dbg_printf	16	static,ignoring_inline_asm
../Core/Src/main.c:234:13:log_printf	304	static
../Core/Src/main.c:254:13:PrintDebugMenu	8	static
../Core/Src/main.c:286:6:OnMqttControlMessage	120	static
../Core/Src/main.c:299:13:DispatchCommand	16	static
../Core/Src/main.c:309:6:program_alarm_RTC	80	static
../Core/Src/main.c:342:13:ApplyRTC	72	static
../Core/Src/main.c:379:12:wifi_start	40	static
../Core/Src/main.c:409:5:wifi_connect	16	static
../Core/Src/main.c:439:6:USART1_IRQHandler	8	static
../Core/Src/main.c:449:5:main	8	static
../Core/Src/main.c:578:6:SystemClock_Config	96	static
../Core/Src/main.c:641:13:MX_DFSDM1_Init	8	static
../Core/Src/main.c:679:13:MX_I2C2_Init	8	static
../Core/Src/main.c:727:13:MX_QUADSPI_Init	8	static
../Core/Src/main.c:760:13:MX_RTC_Init	80	static
../Core/Src/main.c:843:13:MX_SPI3_Init	8	static
../Core/Src/main.c:883:13:MX_USART1_UART_Init	8	static
../Core/Src/main.c:922:13:MX_USART3_UART_Init	8	static
../Core/Src/main.c:957:13:MX_USB_OTG_FS_PCD_Init	8	static
../Core/Src/main.c:992:13:MX_GPIO_Init	48	static
../Core/Src/main.c:1198:5:_write	40	static,ignoring_inline_asm
../Core/Src/main.c:1225:13:send_mqtt_msg	24	static
../Core/Src/main.c:1255:6:HAL_UART_RxCpltCallback	24	static
../Core/Src/main.c:1288:6:SPI3_IRQHandler	8	static
../Core/Src/main.c:1293:6:HAL_GPIO_EXTI_Callback	16	static
../Core/Src/main.c:1329:6:HAL_RTC_AlarmAEventCallback	16	static
../Core/Src/main.c:1346:17:now_ms	8	static
../Core/Src/main.c:1351:13:build_payload_block	56	static
../Core/Src/main.c:1383:6:StartWifiTask	24	static
../Core/Src/main.c:1426:6:MQTT_TaskFun	208	static
../Core/Src/main.c:1656:6:Accel_Task_Func	1256	static
../Core/Src/main.c:1804:6:UartCfgTask_Func	120	static
../Core/Src/main.c:1830:6:HAL_TIM_PeriodElapsedCallback	16	static
../Core/Src/main.c:1848:6:Error_Handler	4	static,ignoring_inline_asm
