Archive member included to satisfy reference by file (symbol)

C:/ST/STM32CubeIDE_1.19.0/STM32CubeIDE/plugins/com.st.stm32cube.ide.mcu.externaltools.gnu-tools-for-stm32.13.3.rel1.win32_1.0.0.202411081344/tools/bin/../lib/gcc/arm-none-eabi/13.3.1/../../../../arm-none-eabi/lib/thumb/v7e-m+fp/hard\libc_nano.a(libc_a-assert.o)
                              ./Libraries/coreMQTT/source/core_mqtt.o (__assert_func)
C:/ST/STM32CubeIDE_1.19.0/STM32CubeIDE/plugins/com.st.stm32cube.ide.mcu.externaltools.gnu-tools-for-stm32.13.3.rel1.win32_1.0.0.202411081344/tools/bin/../lib/gcc/arm-none-eabi/13.3.1/../../../../arm-none-eabi/lib/thumb/v7e-m+fp/hard\libc_nano.a(libc_a-exit.o)
                              C:/ST/STM32CubeIDE_1.19.0/STM32CubeIDE/plugins/com.st.stm32cube.ide.mcu.externaltools.gnu-tools-for-stm32.13.3.rel1.win32_1.0.0.202411081344/tools/bin/../lib/gcc/arm-none-eabi/13.3.1/../../../../arm-none-eabi/lib/thumb/v7e-m+fp/hard/crt0.o (exit)
C:/ST/STM32CubeIDE_1.19.0/STM32CubeIDE/plugins/com.st.stm32cube.ide.mcu.externaltools.gnu-tools-for-stm32.13.3.rel1.win32_1.0.0.202411081344/tools/bin/../lib/gcc/arm-none-eabi/13.3.1/../../../../arm-none-eabi/lib/thumb/v7e-m+fp/hard\libc_nano.a(libc_a-findfp.o)
                              ./Middlewares/Third_Party/FreeRTOS/Source/tasks.o (__sf)
C:/ST/STM32CubeIDE_1.19.0/STM32CubeIDE/plugins/com.st.stm32cube.ide.mcu.externaltools.gnu-tools-for-stm32.13.3.rel1.win32_1.0.0.202411081344/tools/bin/../lib/gcc/arm-none-eabi/13.3.1/../../../../arm-none-eabi/lib/thumb/v7e-m+fp/hard\libc_nano.a(libc_a-fprintf.o)
                              C:/ST/STM32CubeIDE_1.19.0/STM32CubeIDE/plugins/com.st.stm32cube.ide.mcu.externaltools.gnu-tools-for-stm32.13.3.rel1.win32_1.0.0.202411081344/tools/bin/../lib/gcc/arm-none-eabi/13.3.1/../../../../arm-none-eabi/lib/thumb/v7e-m+fp/hard\libc_nano.a(libc_a-assert.o) (fiprintf)
C:/ST/STM32CubeIDE_1.19.0/STM32CubeIDE/plugins/com.st.stm32cube.ide.mcu.externaltools.gnu-tools-for-stm32.13.3.rel1.win32_1.0.0.202411081344/tools/bin/../lib/gcc/arm-none-eabi/13.3.1/../../../../arm-none-eabi/lib/thumb/v7e-m+fp/hard\libc_nano.a(libc_a-fwalk.o)
                              C:/ST/STM32CubeIDE_1.19.0/STM32CubeIDE/plugins/com.st.stm32cube.ide.mcu.externaltools.gnu-tools-for-stm32.13.3.rel1.win32_1.0.0.202411081344/tools/bin/../lib/gcc/arm-none-eabi/13.3.1/../../../../arm-none-eabi/lib/thumb/v7e-m+fp/hard\libc_nano.a(libc_a-findfp.o) (_fwalk_sglue)
C:/ST/STM32CubeIDE_1.19.0/STM32CubeIDE/plugins/com.st.stm32cube.ide.mcu.externaltools.gnu-tools-for-stm32.13.3.rel1.win32_1.0.0.202411081344/tools/bin/../lib/gcc/arm-none-eabi/13.3.1/../../../../arm-none-eabi/lib/thumb/v7e-m+fp/hard\libc_nano.a(libc_a-printf.o)
                              ./Core/Src/main.o (printf)
C:/ST/STM32CubeIDE_1.19.0/STM32CubeIDE/plugins/com.st.stm32cube.ide.mcu.externaltools.gnu-tools-for-stm32.13.3.rel1.win32_1.0.0.202411081344/tools/bin/../lib/gcc/arm-none-eabi/13.3.1/../../../../arm-none-eabi/lib/thumb/v7e-m+fp/hard\libc_nano.a(libc_a-putchar.o)
                              ./Libraries/coreMQTT/source/transport_interface.o (putchar)
C:/ST/STM32CubeIDE_1.19.0/STM32CubeIDE/plugins/com.st.stm32cube.ide.mcu.externaltools.gnu-tools-for-stm32.13.3.rel1.win32_1.0.0.202411081344/tools/bin/../lib/gcc/arm-none-eabi/13.3.1/../../../../arm-none-eabi/lib/thumb/v7e-m+fp/hard\libc_nano.a(libc_a-puts.o)
                              ./Core/Src/main.o (puts)
C:/ST/STM32CubeIDE_1.19.0/STM32CubeIDE/plugins/com.st.stm32cube.ide.mcu.externaltools.gnu-tools-for-stm32.13.3.rel1.win32_1.0.0.202411081344/tools/bin/../lib/gcc/arm-none-eabi/13.3.1/../../../../arm-none-eabi/lib/thumb/v7e-m+fp/hard\libc_nano.a(libc_a-sprintf.o)
                              ./Core/Src/main.o (sprintf)
C:/ST/STM32CubeIDE_1.19.0/STM32CubeIDE/plugins/com.st.stm32cube.ide.mcu.externaltools.gnu-tools-for-stm32.13.3.rel1.win32_1.0.0.202411081344/tools/bin/../lib/gcc/arm-none-eabi/13.3.1/../../../../arm-none-eabi/lib/thumb/v7e-m+fp/hard\libc_nano.a(libc_a-stdio.o)
                              C:/ST/STM32CubeIDE_1.19.0/STM32CubeIDE/plugins/com.st.stm32cube.ide.mcu.externaltools.gnu-tools-for-stm32.13.3.rel1.win32_1.0.0.202411081344/tools/bin/../lib/gcc/arm-none-eabi/13.3.1/../../../../arm-none-eabi/lib/thumb/v7e-m+fp/hard\libc_nano.a(libc_a-findfp.o) (__sread)
C:/ST/STM32CubeIDE_1.19.0/STM32CubeIDE/plugins/com.st.stm32cube.ide.mcu.externaltools.gnu-tools-for-stm32.13.3.rel1.win32_1.0.0.202411081344/tools/bin/../lib/gcc/arm-none-eabi/13.3.1/../../../../arm-none-eabi/lib/thumb/v7e-m+fp/hard\libc_nano.a(libc_a-wbuf.o)
                              C:/ST/STM32CubeIDE_1.19.0/STM32CubeIDE/plugins/com.st.stm32cube.ide.mcu.externaltools.gnu-tools-for-stm32.13.3.rel1.win32_1.0.0.202411081344/tools/bin/../lib/gcc/arm-none-eabi/13.3.1/../../../../arm-none-eabi/lib/thumb/v7e-m+fp/hard\libc_nano.a(libc_a-puts.o) (__swbuf_r)
[...]
Memory Configuration

Name             Origin             Length             Attributes
RAM              0x20000000         0x00018000         xrw
RAM2             0x10000000         0x00008000         xrw
FLASH            0x08000000         0x00100000         xr
*default*        0x00000000         0xffffffff

Linker script and memory map

LOAD C:/ST/STM32CubeIDE_1.19.0/STM32CubeIDE/plugins/com.st.stm32cube.ide.mcu.externaltools.gnu-tools-for-stm32.13.3.rel1.win32_1.0.0.202411081344/tools/bin/../lib/gcc/arm-none-eabi/13.3.1/thumb/v7e-m+fp/hard/crti.o
LOAD C:/ST/STM32CubeIDE_1.19.0/STM32CubeIDE/plugins/com.st.stm32cube.ide.mcu.externaltools.gnu-tools-for-stm32.13.3.rel1.win32_1.0.0.202411081344/tools/bin/../lib/gcc/arm-none-eabi/13.3.1/thumb/v7e-m+fp/hard/crtbegin.o
LOAD C:/ST/STM32CubeIDE_1.19.0/STM32CubeIDE/plugins/com.st.stm32cube.ide.mcu.externaltools.gnu-tools-for-stm32.13.3.rel1.win32_1.0.0.202411081344/tools/bin/../lib/gcc/arm-none-eabi/13.3.1/../../../../arm-none-eabi/lib/thumb/v7e-m+fp/hard/crt0.o
LOAD ./Core/Inc/stm32l475e_iot01.o
LOAD ./Core/Src/freertos.o
LOAD ./Core/Src/main.o
LOAD ./Core/Src/mqtt_priv.o
LOAD ./Core/Src/stm32l4xx_hal_msp.o
LOAD ./Core/Src/stm32l4xx_hal_timebase_tim.o
LOAD ./Core/Src/stm32l4xx_it.o
LOAD ./Core/Src/syscalls.o
LOAD ./Core/Src/sysmem.o
LOAD ./Core/Src/system_stm32l4xx.o
LOAD ./Core/Startup/startup_stm32l475vgtx.o
LOAD ./Drivers/BSP/src/es_wifi.o
LOAD ./Drivers/BSP/src/es_wifi_io.o
LOAD ./Drivers/BSP/src/wifi.o
LOAD ./Drivers/STM32L4xx_HAL_Driver/Src/stm32l4xx_hal.o
LOAD ./Drivers/STM32L4xx_HAL_Driver/Src/stm32l4xx_hal_cortex.o
LOAD ./Drivers/STM32L4xx_HAL_Driver/Src/stm32l4xx_hal_dfsdm.o
LOAD ./Drivers/STM32L4xx_HAL_Driver/Src/stm32l4xx_hal_dma.o
LOAD ./Drivers/STM32L4xx_HAL_Driver/Src/stm32l4xx_hal_dma_ex.o
LOAD ./Drivers/STM32L4xx_HAL_Driver/Src/stm32l4xx_hal_exti.o
LOAD ./Drivers/STM32L4xx_HAL_Driver/Src/stm32l4xx_hal_flash.o
LOAD ./Drivers/STM32L4xx_HAL_Driver/Src/stm32l4xx_hal_flash_ex.o
LOAD ./Drivers/STM32L4xx_HAL_Driver/Src/stm32l4xx_hal_flash_ramfunc.o
LOAD ./Drivers/STM32L4xx_HAL_Driver/Src/stm32l4xx_hal_gpio.o
LOAD ./Drivers/STM32L4xx_HAL_Driver/Src/stm32l4xx_hal_i2c.o
LOAD ./Drivers/STM32L4xx_HAL_Driver/Src/stm32l4xx_hal_i2c_ex.o
LOAD ./Drivers/STM32L4xx_HAL_Driver/Src/stm32l4xx_hal_pcd.o
LOAD ./Drivers/STM32L4xx_HAL_Driver/Src/stm32l4xx_hal_pcd_ex.o
LOAD ./Drivers/STM32L4xx_HAL_Driver/Src/stm32l4xx_hal_pwr.o
LOAD ./Drivers/STM32L4xx_HAL_Driver/Src/stm32l4xx_hal_pwr_ex.o
LOAD ./Drivers/STM32L4xx_HAL_Driver/Src/stm32l4xx_hal_qspi.o
LOAD ./Drivers/STM32L4xx_HAL_Driver/Src/stm32l4xx_hal_rcc.o
LOAD ./Drivers/STM32L4xx_HAL_Driver/Src/stm32l4xx_hal_rcc_ex.o
LOAD ./Drivers/STM32L4xx_HAL_Driver/Src/stm32l4xx_hal_spi.o
LOAD ./Drivers/STM32L4xx_HAL_Driver/Src/stm32l4xx_hal_spi_ex.o
LOAD ./Drivers/STM32L4xx_HAL_Driver/Src/stm32l4xx_hal_tim.o
LOAD ./Drivers/STM32L4xx_HAL_Driver/Src/stm32l4xx_hal_tim_ex.o
LOAD ./Drivers/STM32L4xx_HAL_Driver/Src/stm32l4xx_hal_uart.o
LOAD ./Drivers/STM32L4xx_HAL_Driver/Src/stm32l4xx_hal_uart_ex.o
LOAD ./Drivers/STM32L4xx_HAL_Driver/Src/stm32l4xx_ll_usb.o
LOAD ./Libraries/coreMQTT/source/core_mqtt.o
LOAD ./Libraries/coreMQTT/source/core_mqtt_serializer.o
LOAD ./Libraries/coreMQTT/source/core_mqtt_state.o
LOAD ./Libraries/coreMQTT/source/transport_interface.o
LOAD ./Middlewares/Third_Party/FreeRTOS/Source/CMSIS_RTOS_V2/cmsis_os2.o
LOAD ./Middlewares/Third_Party/FreeRTOS/Source/croutine.o
LOAD ./Middlewares/Third_Party/FreeRTOS/Source/event_groups.o
LOAD ./Middlewares/Third_Party/FreeRTOS/Source/list.o
LOAD ./Middlewares/Third_Party/FreeRTOS/Source/queue.o
LOAD ./Middlewares/Third_Party/FreeRTOS/Source/stream_buffer.o
LOAD ./Middlewares/Third_Party/FreeRTOS/Source/tasks.o
LOAD ./Middlewares/Third_Party/FreeRTOS/Source/timers.o
LOAD ./Middlewares/Third_Party/FreeRTOS/Source/portable/GCC/ARM_CM4F/port.o
LOAD ./Middlewares/Third_Party/FreeRTOS/Source/portable/MemMang/heap_4.o
START GROUP
LOAD C:/ST/STM32CubeIDE_1.19.0/STM32CubeIDE/plugins/com.st.stm32cube.ide.mcu.externaltools.gnu-tools-for-stm32.13.3.rel1.win32_1.0.0.202411081344/tools/bin/../lib/gcc/arm-none-eabi/13.3.1/../../../../arm-none-eabi/lib/thumb/v7e-m+fp/hard\libc_nano.a
LOAD C:/ST/STM32CubeIDE_1.19.0/STM32CubeIDE/plugins/com.st.stm32cube.ide.mcu.externaltools.gnu-tools-for-stm32.13.3.rel1.win32_1.0.0.202411081344/tools/bin/../lib/gcc/arm-none-eabi/13.3.1/../../../../arm-none-eabi/lib/thumb/v7e-m+fp/hard\libm.a
END GROUP
START GROUP
LOAD C:/ST/STM32CubeIDE_1.19.0/STM32CubeIDE/plugins/com.st.stm32cube.ide.mcu.externaltools.gnu-tools-for-stm32.13.3.rel1.win32_1.0.0.202411081344/tools/bin/../lib/gcc/arm-none-eabi/13.3.1/thumb/v7e-m+fp/hard\libgcc.a
LOAD C:/ST/STM32CubeIDE_1.19.0/STM32CubeIDE/plugins/com.st.stm32cube.ide.mcu.externaltools.gnu-tools-for-stm32.13.3.rel1.win32_1.0.0.202411081344/tools/bin/../lib/gcc/arm-none-eabi/13.3.1/../../../../arm-none-eabi/lib/thumb/v7e-m+fp/hard\libc_nano.a
END GROUP
START GROUP
LOAD C:/ST/STM32CubeIDE_1.19.0/STM32CubeIDE/plugins/com.st.stm32cube.ide.mcu.externaltools.gnu-tools-for-stm32.13.3.rel1.win32_1.0.0.202411081344/tools/bin/../lib/gcc/arm-none-eabi/13.3.1/thumb/v7e-m+fp/hard\libgcc.a
LOAD C:/ST/STM32CubeIDE_1.19.0/STM32CubeIDE/plugins/com.st.stm32cube.ide.mcu.externaltools.gnu-tools-for-stm32.13.3.rel1.win32_1.0.0.202411081344/tools/bin/../lib/gcc/arm-none-eabi/13.3.1/../../../../arm-none-eabi/lib/thumb/v7e-m+fp/hard\libc_nano.a
LOAD C:/ST/STM32CubeIDE_1.19.0/STM32CubeIDE/plugins/com.st.stm32cube.ide.mcu.externaltools.gnu-tools-for-stm32.13.3.rel1.win32_1.0.0.202411081344/tools/bin/../lib/gcc/arm-none-eabi/13.3.1/../../../../arm-none-eabi/lib/thumb/v7e-m+fp/hard\libnosys.a
END GROUP
START GROUP
LOAD C:/ST/STM32CubeIDE_1.19.0/STM32CubeIDE/plugins/com.st.stm32cube.ide.mcu.externaltools.gnu-tools-for-stm32.13.3.rel1.win32_1.0.0.202411081344/tools/bin/../lib/gcc/arm-none-eabi/13.3.1/thumb/v7e-m+fp/hard\libgcc.a
LOAD C:/ST/STM32CubeIDE_1.19.0/STM32CubeIDE/plugins/com.st.stm32cube.ide.mcu.externaltools.gnu-tools-for-stm32.13.3.rel1.win32_1.0.0.202411081344/tools/bin/../lib/gcc/arm-none-eabi/13.3.1/../../../../arm-none-eabi/lib/thumb/v7e-m+fp/hard\libc_nano.a
LOAD C:/ST/STM32CubeIDE_1.19.0/STM32CubeIDE/plugins/com.st.stm32cube.ide.mcu.externaltools.gnu-tools-for-stm32.13.3.rel1.win32_1.0.0.202411081344/tools/bin/../lib/gcc/arm-none-eabi/13.3.1/../../../../arm-none-eabi/lib/thumb/v7e-m+fp/hard\libnosys.a
END GROUP
LOAD C:/ST/STM32CubeIDE_1.19.0/STM32CubeIDE/plugins/com.st.stm32cube.ide.mcu.externaltools.gnu-tools-for-stm32.13.3.rel1.win32_1.0.0.202411081344/tools/bin/../lib/gcc/arm-none-eabi/13.3.1/thumb/v7e-m+fp/hard/crtend.o
LOAD C:/ST/STM32CubeIDE_1.19.0/STM32CubeIDE/plugins/com.st.stm32cube.ide.mcu.externaltools.gnu-tools-for-stm32.13.3.rel1.win32_1.0.0.202411081344/tools/bin/../lib/gcc/arm-none-eabi/13.3.1/thumb/v7e-m+fp/hard/crtn.o
                0x20018000                        _estack = (ORIGIN (RAM) + LENGTH (RAM))
                0x00000200                        _Min_Heap_Size = 0x200
                0x00000400                        _Min_Stack_Size = 0x400

.isr_vector     0x08000000      0x188
                0x08000000                        . = ALIGN (0x4)
 *(.isr_vector)
 .isr_vector    0x08000000      0x188 ./Core/Startup/startup_stm32l475vgtx.o
                0x08000000                g_pfnVectors
                0x08000188                        . = ALIGN (0x4)

.text           0x08000190     0xf5d4
                0x08000190                        . = ALIGN (0x4)
 *(.text)
 .text          0x08000190       0x40 C:/ST/STM32CubeIDE_1.19.0/STM32CubeIDE/plugins/com.st.stm32cube.ide.mcu.externaltools.gnu-tools-for-stm32.13.3.rel1.win32_1.0.0.202411081344/tools/bin/../lib/gcc/arm-none-eabi/13.3.1/thumb/v7e-m+fp/hard/crtbegin.o
 .text          0x080001d0       0x10 C:/ST/STM32CubeIDE_1.19.0/STM32CubeIDE/plugins/com.st.stm32cube.ide.mcu.externaltools.gnu-tools-for-stm32.13.3.rel1.win32_1.0.0.202411081344/tools/bin/../lib/gcc/arm-none-eabi/13.3.1/../../../../arm-none-eabi/lib/thumb/v7e-m+fp/hard\libc_nano.a(libc_a-strlen.o)
                0x080001d0                strlen
 .text          0x080001e0       0xa0 C:/ST/STM32CubeIDE_1.19.0/STM32CubeIDE/plugins/com.st.stm32cube.ide.mcu.externaltools.gnu-tools-for-stm32.13.3.rel1.win32_1.0.0.202411081344/tools/bin/../lib/gcc/arm-none-eabi/13.3.1/../../../../arm-none-eabi/lib/thumb/v7e-m+fp/hard\libc_nano.a(libc_a-memchr.o)
                0x080001e0                memchr
 .text          0x08000280       0x30 C:/ST/STM32CubeIDE_1.19.0/STM32CubeIDE/plugins/com.st.stm32cube.ide.mcu.externaltools.gnu-tools-for-stm32.13.3.rel1.win32_1.0.0.202411081344/tools/bin/../lib/gcc/arm-none-eabi/13.3.1/thumb/v7e-m+fp/hard\libgcc.a(_aeabi_uldivmod.o)
                0x08000280                __aeabi_uldivmod
 .text          0x080002b0      0x2f8 C:/ST/STM32CubeIDE_1.19.0/STM32CubeIDE/plugins/com.st.stm32cube.ide.mcu.externaltools.gnu-tools-for-stm32.13.3.rel1.win32_1.0.0.202411081344/tools/bin/../lib/gcc/arm-none-eabi/13.3.1/thumb/v7e-m+fp/hard\libgcc.a(_udivmoddi4.o)
                0x080002b0                __udivmoddi4
 .text          0x080005a8        0x4 C:/ST/STM32CubeIDE_1.19.0/STM32CubeIDE/plugins/com.st.stm32cube.ide.mcu.externaltools.gnu-tools-for-stm32.13.3.rel1.win32_1.0.0.202411081344/tools/bin/../lib/gcc/arm-none-eabi/13.3.1/thumb/v7e-m+fp/hard\libgcc.a(_dvmd_tls.o)
                0x080005a8                __aeabi_idiv0
                0x080005a8                __aeabi_ldiv0
 *(.text*)
 .text.BSP_LED_On
                0x080005ac       0x2c ./Core/Inc/stm32l475e_iot01.o
                0x080005ac                BSP_LED_On
 .text.BSP_LED_Off
                0x080005d8       0x2c ./Core/Inc/stm32l475e_iot01.o
                0x080005d8                BSP_LED_Off
 .text.ITM_SendChar
                0x08000604       0x4e ./Core/Src/main.o
 *fill*         0x08000652        0x2 
 .text.wifi_start
                0x08000654       0x70 ./Core/Src/main.o
 .text.wifi_connect
                0x080006c4       0x8c ./Core/Src/main.o
                0x080006c4                wifi_connect
 .text.main     0x08000750       0x70 ./Core/Src/main.o
                0x08000750                main
 .text.SystemClock_Config
                0x080007c0       0xc4 ./Core/Src/main.o
                0x080007c0                SystemClock_Config
 .text.MX_DFSDM1_Init
                0x08000884       0x70 ./Core/Src/main.o
 .text.MX_I2C2_Init
                0x080008f4       0x7c ./Core/Src/main.o
 .text.MX_QUADSPI_Init
                0x08000970       0x4c ./Core/Src/main.o
 .text.MX_SPI3_Init
                0x080009bc       0x7c ./Core/Src/main.o
 .text.MX_USART1_UART_Init
                0x08000a38       0x60 ./Core/Src/main.o
 .text.MX_USART3_UART_Init
                0x08000a98       0x60 ./Core/Src/main.o
 .text.MX_USB_OTG_FS_PCD_Init
                0x08000af8       0x5c ./Core/Src/main.o
 .text.MX_GPIO_Init
                0x08000b54      0x374 ./Core/Src/main.o
 .text._write   0x08000ec8       0x38 ./Core/Src/main.o
                0x08000ec8                _write
 .text.SPI3_IRQHandler
                0x08000f00       0x14 ./Core/Src/main.o
                0x08000f00                SPI3_IRQHandler
 .text.HAL_GPIO_EXTI_Callback
                0x08000f14       0x20 ./Core/Src/main.o
                0x08000f14                HAL_GPIO_EXTI_Callback
 .text.StartWifiTask
                0x08000f34       0x14 ./Core/Src/main.o
                0x08000f34                StartWifiTask
 .text.MQTT_TaskFun
                0x08000f48       0x90 ./Core/Src/main.o
                0x08000f48                MQTT_TaskFun
 .text.HAL_TIM_PeriodElapsedCallback
                0x08000fd8       0x24 ./Core/Src/main.o
                0x08000fd8                HAL_TIM_PeriodElapsedCallback
 .text.Error_Handler
                0x08000ffc        0xc ./Core/Src/main.o
                0x08000ffc                Error_Handler
 .text.prvConnectToServer
                0x08001008       0x94 ./Core/Src/mqtt_priv.o
                0x08001008                prvConnectToServer
 .text.prvCreateMQTTConnectionWithBroker
                0x0800109c       0xfc ./Core/Src/mqtt_priv.o
                0x0800109c                prvCreateMQTTConnectionWithBroker
 .text.prvMQTTPublishToTopic
                0x08001198       0x74 ./Core/Src/mqtt_priv.o
                0x08001198                prvMQTTPublishToTopic
 .text.prvMQTTProcessIncomingPublish
                0x0800120c       0xe8 ./Core/Src/mqtt_priv.o
                0x0800120c                prvMQTTProcessIncomingPublish
 .text.prvGetTimeMs
                0x080012f4       0x30 ./Core/Src/mqtt_priv.o
                0x080012f4                prvGetTimeMs
 .text.prvEventCallback
                0x08001324       0x2a ./Core/Src/mqtt_priv.o
                0x08001324                prvEventCallback
 *fill*         0x0800134e        0x2 
 .text.HAL_MspInit
                0x08001350       0x50 ./Core/Src/stm32l4xx_hal_msp.o
                0x08001350                HAL_MspInit
 .text.HAL_DFSDM_ChannelMspInit
                0x080013a0       0xc8 ./Core/Src/stm32l4xx_hal_msp.o
                0x080013a0                HAL_DFSDM_ChannelMspInit
 .text.HAL_I2C_MspInit
                0x08001468       0xbc ./Core/Src/stm32l4xx_hal_msp.o
                0x08001468                HAL_I2C_MspInit
 .text.HAL_QSPI_MspInit
                0x08001524       0x88 ./Core/Src/stm32l4xx_hal_msp.o
                0x08001524                HAL_QSPI_MspInit
 .text.HAL_SPI_MspInit
                0x080015ac       0x98 ./Core/Src/stm32l4xx_hal_msp.o
                0x080015ac                HAL_SPI_MspInit
 .text.HAL_SPI_MspDeInit
                0x08001644       0x44 ./Core/Src/stm32l4xx_hal_msp.o
                0x08001644                HAL_SPI_MspDeInit
 .text.HAL_UART_MspInit
                0x08001688      0x148 ./Core/Src/stm32l4xx_hal_msp.o
                0x08001688                HAL_UART_MspInit
 .text.HAL_PCD_MspInit
                0x080017d0      0x138 ./Core/Src/stm32l4xx_hal_msp.o
                0x080017d0                HAL_PCD_MspInit
 .text.HAL_InitTick
                0x08001908       0xf4 ./Core/Src/stm32l4xx_hal_timebase_tim.o
                0x08001908                HAL_InitTick
 .text.NMI_Handler
                0x080019fc        0x8 ./Core/Src/stm32l4xx_it.o
                0x080019fc                NMI_Handler
 .text.HardFault_Handler
                0x08001a04        0x8 ./Core/Src/stm32l4xx_it.o
                0x08001a04                HardFault_Handler
 .text.MemManage_Handler
                0x08001a0c        0x8 ./Core/Src/stm32l4xx_it.o
                0x08001a0c                MemManage_Handler
 .text.BusFault_Handler
                0x08001a14        0x8 ./Core/Src/stm32l4xx_it.o
                0x08001a14                BusFault_Handler
 .text.UsageFault_Handler
                0x08001a1c        0x8 ./Core/Src/stm32l4xx_it.o
                0x08001a1c                UsageFault_Handler
 .text.DebugMon_Handler
                0x08001a24        0xe ./Core/Src/stm32l4xx_it.o
                0x08001a24                DebugMon_Handler
 .text.EXTI1_IRQHandler
                0x08001a32        0xe ./Core/Src/stm32l4xx_it.o
                0x08001a32                EXTI1_IRQHandler
 .text.EXTI9_5_IRQHandler
                0x08001a40       0x22 ./Core/Src/stm32l4xx_it.o
                0x08001a40                EXTI9_5_IRQHandler
 .text.EXTI15_10_IRQHandler
                0x08001a62       0x30 ./Core/Src/stm32l4xx_it.o
                0x08001a62                EXTI15_10_IRQHandler
 *fill*         0x08001a92        0x2 
 .text.TIM6_DAC_IRQHandler
                0x08001a94       0x14 ./Core/Src/stm32l4xx_it.o
                0x08001a94                TIM6_DAC_IRQHandler
 .text._getpid  0x08001aa8       0x10 ./Core/Src/syscalls.o
                0x08001aa8                _getpid
 .text._kill    0x08001ab8       0x20 ./Core/Src/syscalls.o
                0x08001ab8                _kill
 .text._exit    0x08001ad8       0x16 ./Core/Src/syscalls.o
                0x08001ad8                _exit
 .text._read    0x08001aee       0x3a ./Core/Src/syscalls.o
                0x08001aee                _read
 .text._close   0x08001b28       0x18 ./Core/Src/syscalls.o
                0x08001b28                _close
 .text._fstat   0x08001b40       0x20 ./Core/Src/syscalls.o
                0x08001b40                _fstat
 .text._isatty  0x08001b60       0x16 ./Core/Src/syscalls.o
                0x08001b60                _isatty
 .text._lseek   0x08001b76       0x1a ./Core/Src/syscalls.o
                0x08001b76                _lseek
 .text._sbrk    0x08001b90       0x6c ./Core/Src/sysmem.o
                0x08001b90                _sbrk
 .text.SystemInit
                0x08001bfc       0x24 ./Core/Src/system_stm32l4xx.o
                0x08001bfc                SystemInit
 .text.Reset_Handler
                0x08001c20       0x50 ./Core/Startup/startup_stm32l475vgtx.o
                0x08001c20                Reset_Handler
 .text.Default_Handler
                0x08001c70        0x2 ./Core/Startup/startup_stm32l475vgtx.o
                0x08001c70                RTC_Alarm_IRQHandler
                0x08001c70                EXTI2_IRQHandler
                0x08001c70                TIM8_TRG_COM_IRQHandler
                0x08001c70                TIM8_CC_IRQHandler
                0x08001c70                TIM1_CC_IRQHandler
                0x08001c70                TSC_IRQHandler
                0x08001c70                TAMP_STAMP_IRQHandler
                0x08001c70                EXTI3_IRQHandler
                0x08001c70                LPTIM2_IRQHandler
                0x08001c70                DFSDM1_FLT1_IRQHandler
                0x08001c70                I2C3_ER_IRQHandler
                0x08001c70                DFSDM1_FLT2_IRQHandler
                0x08001c70                EXTI0_IRQHandler
                0x08001c70                I2C2_EV_IRQHandler
                0x08001c70                CAN1_RX0_IRQHandler
                0x08001c70                FPU_IRQHandler
                0x08001c70                TIM1_UP_TIM16_IRQHandler
                0x08001c70                ADC1_2_IRQHandler
                0x08001c70                SPI1_IRQHandler
                0x08001c70                TIM8_UP_IRQHandler
                0x08001c70                DMA2_Channel2_IRQHandler
                0x08001c70                DMA1_Channel4_IRQHandler
                0x08001c70                SAI2_IRQHandler
                0x08001c70                DFSDM1_FLT3_IRQHandler
                0x08001c70                USART3_IRQHandler
                0x08001c70                DMA1_Channel7_IRQHandler
                0x08001c70                CAN1_RX1_IRQHandler
                0x08001c70                UART5_IRQHandler
                0x08001c70                ADC3_IRQHandler
                0x08001c70                TIM4_IRQHandler
                0x08001c70                DMA2_Channel1_IRQHandler
                0x08001c70                QUADSPI_IRQHandler
                0x08001c70                I2C1_EV_IRQHandler
                0x08001c70                DMA1_Channel6_IRQHandler
                0x08001c70                UART4_IRQHandler
                0x08001c70                DMA2_Channel4_IRQHandler
                0x08001c70                TIM3_IRQHandler
                0x08001c70                RCC_IRQHandler
                0x08001c70                DMA1_Channel1_IRQHandler
                0x08001c70                Default_Handler
                0x08001c70                DMA2_Channel7_IRQHandler
                0x08001c70                TIM7_IRQHandler
                0x08001c70                SDMMC1_IRQHandler
                0x08001c70                TIM5_IRQHandler
                0x08001c70                I2C3_EV_IRQHandler
                0x08001c70                RTC_WKUP_IRQHandler
                0x08001c70                PVD_PVM_IRQHandler
                0x08001c70                SPI2_IRQHandler
                0x08001c70                CAN1_TX_IRQHandler
                0x08001c70                DMA2_Channel5_IRQHandler
                0x08001c70                DMA1_Channel5_IRQHandler
                0x08001c70                EXTI4_IRQHandler
                0x08001c70                RNG_IRQHandler
                0x08001c70                TIM1_TRG_COM_TIM17_IRQHandler
                0x08001c70                DMA1_Channel3_IRQHandler
                0x08001c70                COMP_IRQHandler
                0x08001c70                WWDG_IRQHandler
                0x08001c70                LPUART1_IRQHandler
                0x08001c70                DMA2_Channel6_IRQHandler
                0x08001c70                TIM2_IRQHandler
                0x08001c70                USART2_IRQHandler
                0x08001c70                DFSDM1_FLT0_IRQHandler
                0x08001c70                I2C2_ER_IRQHandler
                0x08001c70                DMA1_Channel2_IRQHandler
                0x08001c70                TIM8_BRK_IRQHandler
                0x08001c70                CAN1_SCE_IRQHandler
                0x08001c70                FLASH_IRQHandler
                0x08001c70                USART1_IRQHandler
                0x08001c70                OTG_FS_IRQHandler
                0x08001c70                I2C1_ER_IRQHandler
                0x08001c70                FMC_IRQHandler
                0x08001c70                SWPMI1_IRQHandler
                0x08001c70                LPTIM1_IRQHandler
                0x08001c70                SAI1_IRQHandler
                0x08001c70                DMA2_Channel3_IRQHandler
                0x08001c70                TIM1_BRK_TIM15_IRQHandler
 .text.Hex2Num  0x08001c72       0x54 ./Drivers/BSP/src/es_wifi.o
 .text.ParseHexNumber
                0x08001cc6       0x80 ./Drivers/BSP/src/es_wifi.o
 .text.ParseNumber
                0x08001d46       0x88 ./Drivers/BSP/src/es_wifi.o
 .text.ParseMAC
                0x08001dce       0x56 ./Drivers/BSP/src/es_wifi.o
 .text.ParseIP  0x08001e24       0x56 ./Drivers/BSP/src/es_wifi.o
 *fill*         0x08001e7a        0x2 
 .text.AT_ParseInfo
                0x08001e7c       0xec ./Drivers/BSP/src/es_wifi.o
 .text.AT_ParseConnSettings
                0x08001f68      0x160 ./Drivers/BSP/src/es_wifi.o
 .text.AT_ParseIsConnected
                0x080020c8       0x2c ./Drivers/BSP/src/es_wifi.o
 .text.AT_ExecuteCommand
                0x080020f4       0xcc ./Drivers/BSP/src/es_wifi.o
 .text.AT_RequestSendData
                0x080021c0       0xec ./Drivers/BSP/src/es_wifi.o
 .text.AT_RequestReceiveData
                0x080022ac      0x12c ./Drivers/BSP/src/es_wifi.o
 .text.ES_WIFI_Init
                0x080023d8       0x5c ./Drivers/BSP/src/es_wifi.o
                0x080023d8                ES_WIFI_Init
 .text.ES_WIFI_RegisterBusIO
                0x08002434       0x66 ./Drivers/BSP/src/es_wifi.o
                0x08002434                ES_WIFI_RegisterBusIO
 *fill*         0x0800249a        0x2 
 .text.ES_WIFI_Connect
                0x0800249c       0xf0 ./Drivers/BSP/src/es_wifi.o
                0x0800249c                ES_WIFI_Connect
 .text.ES_WIFI_IsConnected
                0x0800258c       0x58 ./Drivers/BSP/src/es_wifi.o
                0x0800258c                ES_WIFI_IsConnected
 .text.ES_WIFI_GetNetworkSettings
                0x080025e4       0x54 ./Drivers/BSP/src/es_wifi.o
                0x080025e4                ES_WIFI_GetNetworkSettings
 .text.ES_WIFI_GetMACAddress
                0x08002638       0x64 ./Drivers/BSP/src/es_wifi.o
                0x08002638                ES_WIFI_GetMACAddress
 .text.ES_WIFI_StartClientConnection
                0x0800269c      0x1d4 ./Drivers/BSP/src/es_wifi.o
                0x0800269c                ES_WIFI_StartClientConnection
 .text.ES_WIFI_SendData
                0x08002870      0x178 ./Drivers/BSP/src/es_wifi.o
                0x08002870                ES_WIFI_SendData
 .text.ES_WIFI_ReceiveData
                0x080029e8      0x180 ./Drivers/BSP/src/es_wifi.o
                0x080029e8                ES_WIFI_ReceiveData
 .text.SPI_WIFI_MspInit
                0x08002b68      0x178 ./Drivers/BSP/src/es_wifi_io.o
                0x08002b68                SPI_WIFI_MspInit
 .text.SPI_WIFI_Init
                0x08002ce0       0xbc ./Drivers/BSP/src/es_wifi_io.o
                0x08002ce0                SPI_WIFI_Init
 .text.SPI_WIFI_ResetModule
                0x08002d9c       0xe0 ./Drivers/BSP/src/es_wifi_io.o
                0x08002d9c                SPI_WIFI_ResetModule
 .text.SPI_WIFI_DeInit
                0x08002e7c       0x14 ./Drivers/BSP/src/es_wifi_io.o
                0x08002e7c                SPI_WIFI_DeInit
 .text.wait_cmddata_rdy_high
                0x08002e90       0x44 ./Drivers/BSP/src/es_wifi_io.o
 .text.wait_cmddata_rdy_rising_event
                0x08002ed4       0x40 ./Drivers/BSP/src/es_wifi_io.o
 .text.wait_spi_rx_event
                0x08002f14       0x40 ./Drivers/BSP/src/es_wifi_io.o
 .text.wait_spi_tx_event
                0x08002f54       0x40 ./Drivers/BSP/src/es_wifi_io.o
 .text.SPI_WIFI_ReceiveData
                0x08002f94       0xf4 ./Drivers/BSP/src/es_wifi_io.o
                0x08002f94                SPI_WIFI_ReceiveData
 .text.SPI_WIFI_SendData
                0x08003088       0xdc ./Drivers/BSP/src/es_wifi_io.o
                0x08003088                SPI_WIFI_SendData
 .text.SPI_WIFI_Delay
                0x08003164       0x16 ./Drivers/BSP/src/es_wifi_io.o
                0x08003164                SPI_WIFI_Delay
 *fill*         0x0800317a        0x2 
 .text.SPI_WIFI_DelayUs
                0x0800317c       0xa4 ./Drivers/BSP/src/es_wifi_io.o
 .text.HAL_SPI_RxCpltCallback
                0x08003220       0x28 ./Drivers/BSP/src/es_wifi_io.o
                0x08003220                HAL_SPI_RxCpltCallback
 .text.HAL_SPI_TxCpltCallback
                0x08003248       0x28 ./Drivers/BSP/src/es_wifi_io.o
                0x08003248                HAL_SPI_TxCpltCallback
 .text.SPI_WIFI_ISR
                0x08003270       0x20 ./Drivers/BSP/src/es_wifi_io.o
                0x08003270                SPI_WIFI_ISR
 .text.WIFI_Init
                0x08003290       0x58 ./Drivers/BSP/src/wifi.o
                0x08003290                WIFI_Init
 .text.WIFI_Connect
                0x080032e8       0x44 ./Drivers/BSP/src/wifi.o
                0x080032e8                WIFI_Connect
 .text.WIFI_GetMAC_Address
                0x0800332c       0x2c ./Drivers/BSP/src/wifi.o
                0x0800332c                WIFI_GetMAC_Address
 .text.WIFI_GetIP_Address
                0x08003358       0x38 ./Drivers/BSP/src/wifi.o
                0x08003358                WIFI_GetIP_Address
 .text.WIFI_OpenClientConnection
                0x08003390       0x74 ./Drivers/BSP/src/wifi.o
                0x08003390                WIFI_OpenClientConnection
 .text.HAL_Init
                0x08003404       0x30 ./Drivers/STM32L4xx_HAL_Driver/Src/stm32l4xx_hal.o
                0x08003404                HAL_Init
 .text.HAL_IncTick
                0x08003434       0x28 ./Drivers/STM32L4xx_HAL_Driver/Src/stm32l4xx_hal.o
                0x08003434                HAL_IncTick
 .text.HAL_GetTick
                0x0800345c       0x18 ./Drivers/STM32L4xx_HAL_Driver/Src/stm32l4xx_hal.o
                0x0800345c                HAL_GetTick
 .text.HAL_Delay
                0x08003474       0x48 ./Drivers/STM32L4xx_HAL_Driver/Src/stm32l4xx_hal.o
                0x08003474                HAL_Delay
 .text.__NVIC_SetPriorityGrouping
                0x080034bc       0x48 ./Drivers/STM32L4xx_HAL_Driver/Src/stm32l4xx_hal_cortex.o
 .text.__NVIC_GetPriorityGrouping
                0x08003504       0x1c ./Drivers/STM32L4xx_HAL_Driver/Src/stm32l4xx_hal_cortex.o
 .text.__NVIC_EnableIRQ
                0x08003520       0x3c ./Drivers/STM32L4xx_HAL_Driver/Src/stm32l4xx_hal_cortex.o
 .text.__NVIC_DisableIRQ
                0x0800355c       0x48 ./Drivers/STM32L4xx_HAL_Driver/Src/stm32l4xx_hal_cortex.o
 .text.__NVIC_SetPriority
                0x080035a4       0x54 ./Drivers/STM32L4xx_HAL_Driver/Src/stm32l4xx_hal_cortex.o
 .text.NVIC_EncodePriority
                0x080035f8       0x66 ./Drivers/STM32L4xx_HAL_Driver/Src/stm32l4xx_hal_cortex.o
 .text.HAL_NVIC_SetPriorityGrouping
                0x0800365e       0x16 ./Drivers/STM32L4xx_HAL_Driver/Src/stm32l4xx_hal_cortex.o
                0x0800365e                HAL_NVIC_SetPriorityGrouping
 .text.HAL_NVIC_SetPriority
                0x08003674       0x38 ./Drivers/STM32L4xx_HAL_Driver/Src/stm32l4xx_hal_cortex.o
                0x08003674                HAL_NVIC_SetPriority
 .text.HAL_NVIC_EnableIRQ
                0x080036ac       0x1c ./Drivers/STM32L4xx_HAL_Driver/Src/stm32l4xx_hal_cortex.o
                0x080036ac                HAL_NVIC_EnableIRQ
 .text.HAL_NVIC_DisableIRQ
                0x080036c8       0x1c ./Drivers/STM32L4xx_HAL_Driver/Src/stm32l4xx_hal_cortex.o
                0x080036c8                HAL_NVIC_DisableIRQ
 .text.HAL_DFSDM_ChannelInit
                0x080036e4      0x180 ./Drivers/STM32L4xx_HAL_Driver/Src/stm32l4xx_hal_dfsdm.o
                0x080036e4                HAL_DFSDM_ChannelInit
 .text.DFSDM_GetChannelFromInstance
                0x08003864       0x98 ./Drivers/STM32L4xx_HAL_Driver/Src/stm32l4xx_hal_dfsdm.o
 .text.HAL_DMA_Abort_IT
                0x080038fc       0x82 ./Drivers/STM32L4xx_HAL_Driver/Src/stm32l4xx_hal_dma.o
                0x080038fc                HAL_DMA_Abort_IT
 *fill*         0x0800397e        0x2 
 .text.HAL_GPIO_Init
                0x08003980      0x354 ./Drivers/STM32L4xx_HAL_Driver/Src/stm32l4xx_hal_gpio.o
                0x08003980                HAL_GPIO_Init
 .text.HAL_GPIO_DeInit
                0x08003cd4      0x1e8 ./Drivers/STM32L4xx_HAL_Driver/Src/stm32l4xx_hal_gpio.o
                0x08003cd4                HAL_GPIO_DeInit
 .text.HAL_GPIO_ReadPin
                0x08003ebc       0x30 ./Drivers/STM32L4xx_HAL_Driver/Src/stm32l4xx_hal_gpio.o
                0x08003ebc                HAL_GPIO_ReadPin
 .text.HAL_GPIO_WritePin
                0x08003eec       0x30 ./Drivers/STM32L4xx_HAL_Driver/Src/stm32l4xx_hal_gpio.o
                0x08003eec                HAL_GPIO_WritePin
 .text.HAL_GPIO_EXTI_IRQHandler
                0x08003f1c       0x30 ./Drivers/STM32L4xx_HAL_Driver/Src/stm32l4xx_hal_gpio.o
                0x08003f1c                HAL_GPIO_EXTI_IRQHandler
 .text.HAL_I2C_Init
                0x08003f4c      0x136 ./Drivers/STM32L4xx_HAL_Driver/Src/stm32l4xx_hal_i2c.o
                0x08003f4c                HAL_I2C_Init
 .text.HAL_I2CEx_ConfigAnalogFilter
                0x08004082       0x96 ./Drivers/STM32L4xx_HAL_Driver/Src/stm32l4xx_hal_i2c_ex.o
                0x08004082                HAL_I2CEx_ConfigAnalogFilter
 .text.HAL_I2CEx_ConfigDigitalFilter
                0x08004118       0x98 ./Drivers/STM32L4xx_HAL_Driver/Src/stm32l4xx_hal_i2c_ex.o
                0x08004118                HAL_I2CEx_ConfigDigitalFilter
 .text.HAL_PCD_Init
                0x080041b0      0x21e ./Drivers/STM32L4xx_HAL_Driver/Src/stm32l4xx_hal_pcd.o
                0x080041b0                HAL_PCD_Init
 .text.HAL_PCDEx_ActivateLPM
                0x080043ce       0x48 ./Drivers/STM32L4xx_HAL_Driver/Src/stm32l4xx_hal_pcd_ex.o
                0x080043ce                HAL_PCDEx_ActivateLPM
 *fill*         0x08004416        0x2 
 .text.HAL_PWR_EnableBkUpAccess
                0x08004418       0x20 ./Drivers/STM32L4xx_HAL_Driver/Src/stm32l4xx_hal_pwr.o
                0x08004418                HAL_PWR_EnableBkUpAccess
 .text.HAL_PWREx_GetVoltageRange
                0x08004438       0x1c ./Drivers/STM32L4xx_HAL_Driver/Src/stm32l4xx_hal_pwr_ex.o
                0x08004438                HAL_PWREx_GetVoltageRange
 .text.HAL_PWREx_ControlVoltageScaling
                0x08004454       0xac ./Drivers/STM32L4xx_HAL_Driver/Src/stm32l4xx_hal_pwr_ex.o
                0x08004454                HAL_PWREx_ControlVoltageScaling
 .text.HAL_PWREx_EnableVddUSB
                0x08004500       0x20 ./Drivers/STM32L4xx_HAL_Driver/Src/stm32l4xx_hal_pwr_ex.o
                0x08004500                HAL_PWREx_EnableVddUSB
 .text.HAL_QSPI_Init
                0x08004520       0xec ./Drivers/STM32L4xx_HAL_Driver/Src/stm32l4xx_hal_qspi.o
                0x08004520                HAL_QSPI_Init
 .text.HAL_QSPI_SetTimeout
                0x0800460c       0x1c ./Drivers/STM32L4xx_HAL_Driver/Src/stm32l4xx_hal_qspi.o
                0x0800460c                HAL_QSPI_SetTimeout
 .text.QSPI_WaitFlagStateUntilTimeout
                0x08004628       0x6e ./Drivers/STM32L4xx_HAL_Driver/Src/stm32l4xx_hal_qspi.o
 *fill*         0x08004696        0x2 
 .text.HAL_RCC_OscConfig
                0x08004698      0x7b8 ./Drivers/STM32L4xx_HAL_Driver/Src/stm32l4xx_hal_rcc.o
                0x08004698                HAL_RCC_OscConfig
 .text.HAL_RCC_ClockConfig
                0x08004e50      0x200 ./Drivers/STM32L4xx_HAL_Driver/Src/stm32l4xx_hal_rcc.o
                0x08004e50                HAL_RCC_ClockConfig
 .text.HAL_RCC_GetSysClockFreq
                0x08005050      0x118 ./Drivers/STM32L4xx_HAL_Driver/Src/stm32l4xx_hal_rcc.o
                0x08005050                HAL_RCC_GetSysClockFreq
 .text.HAL_RCC_GetHCLKFreq
                0x08005168       0x18 ./Drivers/STM32L4xx_HAL_Driver/Src/stm32l4xx_hal_rcc.o
                0x08005168                HAL_RCC_GetHCLKFreq
 .text.HAL_RCC_GetPCLK1Freq
                0x08005180       0x2c ./Drivers/STM32L4xx_HAL_Driver/Src/stm32l4xx_hal_rcc.o
                0x08005180                HAL_RCC_GetPCLK1Freq
 .text.HAL_RCC_GetPCLK2Freq
                0x080051ac       0x2c ./Drivers/STM32L4xx_HAL_Driver/Src/stm32l4xx_hal_rcc.o
                0x080051ac                HAL_RCC_GetPCLK2Freq
 .text.HAL_RCC_GetClockConfig
                0x080051d8       0x64 ./Drivers/STM32L4xx_HAL_Driver/Src/stm32l4xx_hal_rcc.o
                0x080051d8                HAL_RCC_GetClockConfig
 .text.RCC_SetFlashLatencyFromMSIRange
                0x0800523c       0xc0 ./Drivers/STM32L4xx_HAL_Driver/Src/stm32l4xx_hal_rcc.o
 .text.HAL_RCCEx_PeriphCLKConfig
                0x080052fc      0x5d4 ./Drivers/STM32L4xx_HAL_Driver/Src/stm32l4xx_hal_rcc_ex.o
                0x080052fc                HAL_RCCEx_PeriphCLKConfig
 .text.HAL_RCCEx_EnableMSIPLLMode
                0x080058d0       0x20 ./Drivers/STM32L4xx_HAL_Driver/Src/stm32l4xx_hal_rcc_ex.o
                0x080058d0                HAL_RCCEx_EnableMSIPLLMode
 .text.RCCEx_PLLSAI1_Config
                0x080058f0      0x1e8 ./Drivers/STM32L4xx_HAL_Driver/Src/stm32l4xx_hal_rcc_ex.o
 .text.RCCEx_PLLSAI2_Config
                0x08005ad8      0x1bc ./Drivers/STM32L4xx_HAL_Driver/Src/stm32l4xx_hal_rcc_ex.o
 .text.HAL_SPI_Init
                0x08005c94      0x146 ./Drivers/STM32L4xx_HAL_Driver/Src/stm32l4xx_hal_spi.o
                0x08005c94                HAL_SPI_Init
 .text.HAL_SPI_DeInit
                0x08005dda       0x50 ./Drivers/STM32L4xx_HAL_Driver/Src/stm32l4xx_hal_spi.o
                0x08005dda                HAL_SPI_DeInit
 .text.HAL_SPI_Receive
                0x08005e2a      0x270 ./Drivers/STM32L4xx_HAL_Driver/Src/stm32l4xx_hal_spi.o
                0x08005e2a                HAL_SPI_Receive
 .text.HAL_SPI_TransmitReceive
                0x0800609a      0x43e ./Drivers/STM32L4xx_HAL_Driver/Src/stm32l4xx_hal_spi.o
                0x0800609a                HAL_SPI_TransmitReceive
 .text.HAL_SPI_Transmit_IT
                0x080064d8      0x110 ./Drivers/STM32L4xx_HAL_Driver/Src/stm32l4xx_hal_spi.o
                0x080064d8                HAL_SPI_Transmit_IT
 .text.HAL_SPI_Receive_IT
                0x080065e8      0x154 ./Drivers/STM32L4xx_HAL_Driver/Src/stm32l4xx_hal_spi.o
                0x080065e8                HAL_SPI_Receive_IT
 .text.HAL_SPI_TransmitReceive_IT
                0x0800673c      0x154 ./Drivers/STM32L4xx_HAL_Driver/Src/stm32l4xx_hal_spi.o
                0x0800673c                HAL_SPI_TransmitReceive_IT
 .text.HAL_SPI_IRQHandler
                0x08006890      0x200 ./Drivers/STM32L4xx_HAL_Driver/Src/stm32l4xx_hal_spi.o
                0x08006890                HAL_SPI_IRQHandler
 .text.HAL_SPI_TxRxCpltCallback
                0x08006a90       0x14 ./Drivers/STM32L4xx_HAL_Driver/Src/stm32l4xx_hal_spi.o
                0x08006a90                HAL_SPI_TxRxCpltCallback
 .text.HAL_SPI_ErrorCallback
                0x08006aa4       0x14 ./Drivers/STM32L4xx_HAL_Driver/Src/stm32l4xx_hal_spi.o
                0x08006aa4                HAL_SPI_ErrorCallback
 .text.SPI_DMAAbortOnError
                0x08006ab8       0x2a ./Drivers/STM32L4xx_HAL_Driver/Src/stm32l4xx_hal_spi.o
 .text.SPI_2linesRxISR_8BIT
                0x08006ae2       0xbe ./Drivers/STM32L4xx_HAL_Driver/Src/stm32l4xx_hal_spi.o
 .text.SPI_2linesTxISR_8BIT
                0x08006ba0       0x92 ./Drivers/STM32L4xx_HAL_Driver/Src/stm32l4xx_hal_spi.o
 .text.SPI_2linesRxISR_16BIT
                0x08006c32       0x66 ./Drivers/STM32L4xx_HAL_Driver/Src/stm32l4xx_hal_spi.o
 .text.SPI_2linesTxISR_16BIT
                0x08006c98       0x60 ./Drivers/STM32L4xx_HAL_Driver/Src/stm32l4xx_hal_spi.o
 .text.SPI_RxISR_8BIT
                0x08006cf8       0x50 ./Drivers/STM32L4xx_HAL_Driver/Src/stm32l4xx_hal_spi.o
 .text.SPI_RxISR_16BIT
                0x08006d48       0x4c ./Drivers/STM32L4xx_HAL_Driver/Src/stm32l4xx_hal_spi.o
 .text.SPI_TxISR_8BIT
                0x08006d94       0x46 ./Drivers/STM32L4xx_HAL_Driver/Src/stm32l4xx_hal_spi.o
 .text.SPI_TxISR_16BIT
                0x08006dda       0x44 ./Drivers/STM32L4xx_HAL_Driver/Src/stm32l4xx_hal_spi.o
 *fill*         0x08006e1e        0x2 
 .text.SPI_WaitFlagStateUntilTimeout
                0x08006e20      0x110 ./Drivers/STM32L4xx_HAL_Driver/Src/stm32l4xx_hal_spi.o
 .text.SPI_WaitFifoStateUntilTimeout
                0x08006f30      0x12c ./Drivers/STM32L4xx_HAL_Driver/Src/stm32l4xx_hal_spi.o
 .text.SPI_EndRxTransaction
                0x0800705c       0xb0 ./Drivers/STM32L4xx_HAL_Driver/Src/stm32l4xx_hal_spi.o
 .text.SPI_EndRxTxTransaction
                0x0800710c       0x8c ./Drivers/STM32L4xx_HAL_Driver/Src/stm32l4xx_hal_spi.o
 .text.SPI_CloseRxTx_ISR
                0x08007198       0x84 ./Drivers/STM32L4xx_HAL_Driver/Src/stm32l4xx_hal_spi.o
 .text.SPI_CloseRx_ISR
                0x0800721c       0x60 ./Drivers/STM32L4xx_HAL_Driver/Src/stm32l4xx_hal_spi.o
 .text.SPI_CloseTx_ISR
                0x0800727c       0x7e ./Drivers/STM32L4xx_HAL_Driver/Src/stm32l4xx_hal_spi.o
 .text.HAL_TIM_Base_Init
                0x080072fa       0xae ./Drivers/STM32L4xx_HAL_Driver/Src/stm32l4xx_hal_tim.o
                0x080072fa                HAL_TIM_Base_Init
 .text.HAL_TIM_Base_MspInit
                0x080073a8       0x14 ./Drivers/STM32L4xx_HAL_Driver/Src/stm32l4xx_hal_tim.o
                0x080073a8                HAL_TIM_Base_MspInit
 .text.HAL_TIM_Base_Start_IT
                0x080073bc       0xe0 ./Drivers/STM32L4xx_HAL_Driver/Src/stm32l4xx_hal_tim.o
                0x080073bc                HAL_TIM_Base_Start_IT
 .text.HAL_TIM_IRQHandler
                0x0800749c      0x20e ./Drivers/STM32L4xx_HAL_Driver/Src/stm32l4xx_hal_tim.o
                0x0800749c                HAL_TIM_IRQHandler
 .text.HAL_TIM_OC_DelayElapsedCallback
                0x080076aa       0x14 ./Drivers/STM32L4xx_HAL_Driver/Src/stm32l4xx_hal_tim.o
                0x080076aa                HAL_TIM_OC_DelayElapsedCallback
 .text.HAL_TIM_IC_CaptureCallback
                0x080076be       0x14 ./Drivers/STM32L4xx_HAL_Driver/Src/stm32l4xx_hal_tim.o
                0x080076be                HAL_TIM_IC_CaptureCallback
 .text.HAL_TIM_PWM_PulseFinishedCallback
                0x080076d2       0x14 ./Drivers/STM32L4xx_HAL_Driver/Src/stm32l4xx_hal_tim.o
                0x080076d2                HAL_TIM_PWM_PulseFinishedCallback
 .text.HAL_TIM_TriggerCallback
                0x080076e6       0x14 ./Drivers/STM32L4xx_HAL_Driver/Src/stm32l4xx_hal_tim.o
                0x080076e6                HAL_TIM_TriggerCallback
 *fill*         0x080076fa        0x2 
 .text.TIM_Base_SetConfig
                0x080076fc      0x140 ./Drivers/STM32L4xx_HAL_Driver/Src/stm32l4xx_hal_tim.o
                0x080076fc                TIM_Base_SetConfig
 .text.HAL_TIMEx_CommutCallback
                0x0800783c       0x14 ./Drivers/STM32L4xx_HAL_Driver/Src/stm32l4xx_hal_tim_ex.o
                0x0800783c                HAL_TIMEx_CommutCallback
 .text.HAL_TIMEx_BreakCallback
                0x08007850       0x14 ./Drivers/STM32L4xx_HAL_Driver/Src/stm32l4xx_hal_tim_ex.o
                0x08007850                HAL_TIMEx_BreakCallback
 .text.HAL_TIMEx_Break2Callback
                0x08007864       0x14 ./Drivers/STM32L4xx_HAL_Driver/Src/stm32l4xx_hal_tim_ex.o
                0x08007864                HAL_TIMEx_Break2Callback
 .text.HAL_UART_Init
                0x08007878       0x9c ./Drivers/STM32L4xx_HAL_Driver/Src/stm32l4xx_hal_uart.o
                0x08007878                HAL_UART_Init
 .text.UART_SetConfig
                0x08007914      0x570 ./Drivers/STM32L4xx_HAL_Driver/Src/stm32l4xx_hal_uart.o
                0x08007914                UART_SetConfig
 .text.UART_AdvFeatureConfig
                0x08007e84      0x144 ./Drivers/STM32L4xx_HAL_Driver/Src/stm32l4xx_hal_uart.o
                0x08007e84                UART_AdvFeatureConfig
 .text.UART_CheckIdleState
                0x08007fc8      0x150 ./Drivers/STM32L4xx_HAL_Driver/Src/stm32l4xx_hal_uart.o
                0x08007fc8                UART_CheckIdleState
 .text.UART_WaitOnFlagUntilTimeout
                0x08008118       0xda ./Drivers/STM32L4xx_HAL_Driver/Src/stm32l4xx_hal_uart.o
                0x08008118                UART_WaitOnFlagUntilTimeout
 .text.UART_EndRxTransfer
                0x080081f2       0xc8 ./Drivers/STM32L4xx_HAL_Driver/Src/stm32l4xx_hal_uart.o
 .text.USB_CoreInit
                0x080082ba       0x5a ./Drivers/STM32L4xx_HAL_Driver/Src/stm32l4xx_ll_usb.o
                0x080082ba                USB_CoreInit
 .text.USB_DisableGlobalInt
                0x08008314       0x22 ./Drivers/STM32L4xx_HAL_Driver/Src/stm32l4xx_ll_usb.o
                0x08008314                USB_DisableGlobalInt
 .text.USB_SetCurrentMode
                0x08008336       0x98 ./Drivers/STM32L4xx_HAL_Driver/Src/stm32l4xx_ll_usb.o
                0x08008336                USB_SetCurrentMode
 *fill*         0x080083ce        0x2 
 .text.USB_DevInit
                0x080083d0      0x290 ./Drivers/STM32L4xx_HAL_Driver/Src/stm32l4xx_ll_usb.o
                0x080083d0                USB_DevInit
 .text.USB_FlushTxFifo
                0x08008660       0x64 ./Drivers/STM32L4xx_HAL_Driver/Src/stm32l4xx_ll_usb.o
                0x08008660                USB_FlushTxFifo
 .text.USB_FlushRxFifo
                0x080086c4       0x5c ./Drivers/STM32L4xx_HAL_Driver/Src/stm32l4xx_ll_usb.o
                0x080086c4                USB_FlushRxFifo
 .text.USB_SetDevSpeed
                0x08008720       0x32 ./Drivers/STM32L4xx_HAL_Driver/Src/stm32l4xx_ll_usb.o
                0x08008720                USB_SetDevSpeed
 .text.USB_DevDisconnect
                0x08008752       0x42 ./Drivers/STM32L4xx_HAL_Driver/Src/stm32l4xx_ll_usb.o
                0x08008752                USB_DevDisconnect
 .text.USB_GetMode
                0x08008794       0x1c ./Drivers/STM32L4xx_HAL_Driver/Src/stm32l4xx_ll_usb.o
                0x08008794                USB_GetMode
 .text.USB_CoreReset
                0x080087b0       0x70 ./Drivers/STM32L4xx_HAL_Driver/Src/stm32l4xx_ll_usb.o
 .text.sendMessageVector
                0x08008820      0x1e4 ./Libraries/coreMQTT/source/core_mqtt.o
 .text.sendBuffer
                0x08008a04      0x134 ./Libraries/coreMQTT/source/core_mqtt.o
 .text.calculateElapsedTime
                0x08008b38       0x1c ./Libraries/coreMQTT/source/core_mqtt.o
 .text.getAckFromPacketType
                0x08008b54       0x64 ./Libraries/coreMQTT/source/core_mqtt.o
 .text.recvExact
                0x08008bb8      0x174 ./Libraries/coreMQTT/source/core_mqtt.o
 .text.discardPacket
                0x08008d2c      0x104 ./Libraries/coreMQTT/source/core_mqtt.o
 .text.receivePacket
                0x08008e30       0xa0 ./Libraries/coreMQTT/source/core_mqtt.o
 .text.getAckTypeToSend
                0x08008ed0       0x54 ./Libraries/coreMQTT/source/core_mqtt.o
 .text.sendPublishAcks
                0x08008f24       0xe8 ./Libraries/coreMQTT/source/core_mqtt.o
 .text.addEncodedStringToVector
                0x0800900c       0xb0 ./Libraries/coreMQTT/source/core_mqtt.o
 .text.sendPublishWithoutCopy
                0x080090bc      0x182 ./Libraries/coreMQTT/source/core_mqtt.o
 *fill*         0x0800923e        0x2 
 .text.sendConnectWithoutCopy
                0x08009240      0x228 ./Libraries/coreMQTT/source/core_mqtt.o
 .text.receiveConnack
                0x08009468      0x184 ./Libraries/coreMQTT/source/core_mqtt.o
 .text.handleUncleanSessionResumption
                0x080095ec      0x100 ./Libraries/coreMQTT/source/core_mqtt.o
 .text.handleCleanSession
                0x080096ec       0xbc ./Libraries/coreMQTT/source/core_mqtt.o
 .text.validatePublishParams
                0x080097a8       0x70 ./Libraries/coreMQTT/source/core_mqtt.o
 .text.MQTT_Init
                0x08009818       0xaa ./Libraries/coreMQTT/source/core_mqtt.o
                0x08009818                MQTT_Init
 .text.MQTT_Connect
                0x080098c2      0x170 ./Libraries/coreMQTT/source/core_mqtt.o
                0x080098c2                MQTT_Connect
 .text.MQTT_Publish
                0x08009a32      0x12c ./Libraries/coreMQTT/source/core_mqtt.o
                0x08009a32                MQTT_Publish
 .text.remainingLengthEncodedSize
                0x08009b5e       0x42 ./Libraries/coreMQTT/source/core_mqtt_serializer.o
 .text.encodeRemainingLength
                0x08009ba0       0x70 ./Libraries/coreMQTT/source/core_mqtt_serializer.o
 .text.encodeString
                0x08009c10       0x7c ./Libraries/coreMQTT/source/core_mqtt_serializer.o
 .text.calculatePublishPacketSize
                0x08009c8c       0xf0 ./Libraries/coreMQTT/source/core_mqtt_serializer.o
 .text.MQTT_SerializePublishHeaderWithoutTopic
                0x08009d7c       0xb2 ./Libraries/coreMQTT/source/core_mqtt_serializer.o
                0x08009d7c                MQTT_SerializePublishHeaderWithoutTopic
 .text.getRemainingLength
                0x08009e2e       0xa8 ./Libraries/coreMQTT/source/core_mqtt_serializer.o
 .text.incomingPacketValid
                0x08009ed6       0x7e ./Libraries/coreMQTT/source/core_mqtt_serializer.o
 .text.logConnackResponse
                0x08009f54       0x4c ./Libraries/coreMQTT/source/core_mqtt_serializer.o
 .text.deserializeConnack
                0x08009fa0       0xd0 ./Libraries/coreMQTT/source/core_mqtt_serializer.o
 .text.readSubackStatus
                0x0800a070       0x88 ./Libraries/coreMQTT/source/core_mqtt_serializer.o
 .text.deserializeSuback
                0x0800a0f8       0xac ./Libraries/coreMQTT/source/core_mqtt_serializer.o
 .text.deserializeSimpleAck
                0x0800a1a4       0x8c ./Libraries/coreMQTT/source/core_mqtt_serializer.o
 .text.deserializePingresp
                0x0800a230       0x44 ./Libraries/coreMQTT/source/core_mqtt_serializer.o
 .text.MQTT_SerializeConnectFixedHeader
                0x0800a274       0xf0 ./Libraries/coreMQTT/source/core_mqtt_serializer.o
                0x0800a274                MQTT_SerializeConnectFixedHeader
 .text.MQTT_GetConnectPacketSize
                0x0800a364      0x118 ./Libraries/coreMQTT/source/core_mqtt_serializer.o
                0x0800a364                MQTT_GetConnectPacketSize
 .text.MQTT_GetPublishPacketSize
                0x0800a47c       0x62 ./Libraries/coreMQTT/source/core_mqtt_serializer.o
                0x0800a47c                MQTT_GetPublishPacketSize
 .text.MQTT_SerializeAck
                0x0800a4de       0xa6 ./Libraries/coreMQTT/source/core_mqtt_serializer.o
                0x0800a4de                MQTT_SerializeAck
 .text.MQTT_DeserializeAck
                0x0800a584       0xe6 ./Libraries/coreMQTT/source/core_mqtt_serializer.o
                0x0800a584                MQTT_DeserializeAck
 .text.MQTT_GetIncomingPacketTypeAndLength
                0x0800a66a       0x8c ./Libraries/coreMQTT/source/core_mqtt_serializer.o
                0x0800a66a                MQTT_GetIncomingPacketTypeAndLength
 .text.MQTT_UpdateDuplicatePublishFlag
                0x0800a6f6       0x60 ./Libraries/coreMQTT/source/core_mqtt_serializer.o
                0x0800a6f6                MQTT_UpdateDuplicatePublishFlag
 *fill*         0x0800a756        0x2 
 .text.validateTransitionPublish
                0x0800a758       0xcc ./Libraries/coreMQTT/source/core_mqtt_state.o
 .text.validateTransitionAck
                0x0800a824       0xe8 ./Libraries/coreMQTT/source/core_mqtt_state.o
 .text.isPublishOutgoing
                0x0800a90c       0x5a ./Libraries/coreMQTT/source/core_mqtt_state.o
 *fill*         0x0800a966        0x2 
 .text.findInRecord
                0x0800a968       0x94 ./Libraries/coreMQTT/source/core_mqtt_state.o
 .text.compactRecords
                0x0800a9fc       0xdc ./Libraries/coreMQTT/source/core_mqtt_state.o
 .text.addRecord
                0x0800aad8      0x108 ./Libraries/coreMQTT/source/core_mqtt_state.o
 .text.updateRecord
                0x0800abe0       0x78 ./Libraries/coreMQTT/source/core_mqtt_state.o
 .text.stateSelect
                0x0800ac58      0x150 ./Libraries/coreMQTT/source/core_mqtt_state.o
 .text.MQTT_CalculateStateAck
                0x0800ada8       0x98 ./Libraries/coreMQTT/source/core_mqtt_state.o
                0x0800ada8                MQTT_CalculateStateAck
 .text.updateStateAck
                0x0800ae40       0xb8 ./Libraries/coreMQTT/source/core_mqtt_state.o
 .text.updateStatePublish
                0x0800aef8       0xe0 ./Libraries/coreMQTT/source/core_mqtt_state.o
 .text.MQTT_ReserveState
                0x0800afd8       0x54 ./Libraries/coreMQTT/source/core_mqtt_state.o
                0x0800afd8                MQTT_ReserveState
 .text.MQTT_CalculateStatePublish
                0x0800b02c       0x5e ./Libraries/coreMQTT/source/core_mqtt_state.o
                0x0800b02c                MQTT_CalculateStatePublish
 .text.MQTT_UpdateStatePublish
                0x0800b08a       0xe6 ./Libraries/coreMQTT/source/core_mqtt_state.o
                0x0800b08a                MQTT_UpdateStatePublish
 .text.MQTT_UpdateStateAck
                0x0800b170       0xf6 ./Libraries/coreMQTT/source/core_mqtt_state.o
                0x0800b170                MQTT_UpdateStateAck
 .text.MQTT_PubrelToResend
                0x0800b266       0x5c ./Libraries/coreMQTT/source/core_mqtt_state.o
                0x0800b266                MQTT_PubrelToResend
 .text.MQTT_PublishToResend
                0x0800b2c2       0x50 ./Libraries/coreMQTT/source/core_mqtt_state.o
                0x0800b2c2                MQTT_PublishToResend
 *fill*         0x0800b312        0x2 
 .text.transport_recv
                0x0800b314      0x18c ./Libraries/coreMQTT/source/transport_interface.o
                0x0800b314                transport_recv
 .text.transport_send
                0x0800b4a0       0xc4 ./Libraries/coreMQTT/source/transport_interface.o
                0x0800b4a0                transport_send
 .text.init_transport_from_socket
                0x0800b564       0x4c ./Libraries/coreMQTT/source/transport_interface.o
                0x0800b564                init_transport_from_socket
 .text.__NVIC_SetPriority
                0x0800b5b0       0x54 ./Middlewares/Third_Party/FreeRTOS/Source/CMSIS_RTOS_V2/cmsis_os2.o
 .text.SysTick_Handler
                0x0800b604       0x20 ./Middlewares/Third_Party/FreeRTOS/Source/CMSIS_RTOS_V2/cmsis_os2.o
                0x0800b604                SysTick_Handler
 .text.SVC_Setup
                0x0800b624       0x12 ./Middlewares/Third_Party/FreeRTOS/Source/CMSIS_RTOS_V2/cmsis_os2.o
 *fill*         0x0800b636        0x2 
 .text.osKernelInitialize
                0x0800b638       0x48 ./Middlewares/Third_Party/FreeRTOS/Source/CMSIS_RTOS_V2/cmsis_os2.o
                0x0800b638                osKernelInitialize
 .text.osKernelStart
                0x0800b680       0x4c ./Middlewares/Third_Party/FreeRTOS/Source/CMSIS_RTOS_V2/cmsis_os2.o
                0x0800b680                osKernelStart
 .text.osThreadNew
                0x0800b6cc      0x124 ./Middlewares/Third_Party/FreeRTOS/Source/CMSIS_RTOS_V2/cmsis_os2.o
                0x0800b6cc                osThreadNew
 .text.osDelay  0x0800b7f0       0x36 ./Middlewares/Third_Party/FreeRTOS/Source/CMSIS_RTOS_V2/cmsis_os2.o
                0x0800b7f0                osDelay
 *fill*         0x0800b826        0x2 
 .text.vApplicationGetIdleTaskMemory
                0x0800b828       0x34 ./Middlewares/Third_Party/FreeRTOS/Source/CMSIS_RTOS_V2/cmsis_os2.o
                0x0800b828                vApplicationGetIdleTaskMemory
 .text.vApplicationGetTimerTaskMemory
                0x0800b85c       0x34 ./Middlewares/Third_Party/FreeRTOS/Source/CMSIS_RTOS_V2/cmsis_os2.o
                0x0800b85c                vApplicationGetTimerTaskMemory
 .text.vListInitialise
                0x0800b890       0x40 ./Middlewares/Third_Party/FreeRTOS/Source/list.o
                0x0800b890                vListInitialise
 .text.vListInitialiseItem
                0x0800b8d0       0x1a ./Middlewares/Third_Party/FreeRTOS/Source/list.o
                0x0800b8d0                vListInitialiseItem
 .text.vListInsertEnd
                0x0800b8ea       0x48 ./Middlewares/Third_Party/FreeRTOS/Source/list.o
                0x0800b8ea                vListInsertEnd
 .text.vListInsert
                0x0800b932       0x72 ./Middlewares/Third_Party/FreeRTOS/Source/list.o
                0x0800b932                vListInsert
 .text.uxListRemove
                0x0800b9a4       0x54 ./Middlewares/Third_Party/FreeRTOS/Source/list.o
                0x0800b9a4                uxListRemove
 .text.xQueueGenericReset
                0x0800b9f8       0xd4 ./Middlewares/Third_Party/FreeRTOS/Source/queue.o
                0x0800b9f8                xQueueGenericReset
 .text.xQueueGenericCreateStatic
                0x0800bacc       0xfa ./Middlewares/Third_Party/FreeRTOS/Source/queue.o
                0x0800bacc                xQueueGenericCreateStatic
 .text.prvInitialiseNewQueue
                0x0800bbc6       0x46 ./Middlewares/Third_Party/FreeRTOS/Source/queue.o
 .text.xQueueGenericSend
                0x0800bc0c      0x204 ./Middlewares/Third_Party/FreeRTOS/Source/queue.o
                0x0800bc0c                xQueueGenericSend
 .text.xQueueGenericSendFromISR
                0x0800be10      0x13c ./Middlewares/Third_Party/FreeRTOS/Source/queue.o
                0x0800be10                xQueueGenericSendFromISR
 .text.xQueueReceive
                0x0800bf4c      0x1c4 ./Middlewares/Third_Party/FreeRTOS/Source/queue.o
                0x0800bf4c                xQueueReceive
 .text.prvCopyDataToQueue
                0x0800c110       0xd4 ./Middlewares/Third_Party/FreeRTOS/Source/queue.o
 .text.prvCopyDataFromQueue
                0x0800c1e4       0x4c ./Middlewares/Third_Party/FreeRTOS/Source/queue.o
 .text.prvUnlockQueue
                0x0800c230       0xa4 ./Middlewares/Third_Party/FreeRTOS/Source/queue.o
 .text.prvIsQueueEmpty
                0x0800c2d4       0x2c ./Middlewares/Third_Party/FreeRTOS/Source/queue.o
 .text.prvIsQueueFull
                0x0800c300       0x30 ./Middlewares/Third_Party/FreeRTOS/Source/queue.o
 .text.vQueueAddToRegistry
                0x0800c330       0x54 ./Middlewares/Third_Party/FreeRTOS/Source/queue.o
                0x0800c330                vQueueAddToRegistry
 .text.vQueueWaitForMessageRestricted
                0x0800c384       0x68 ./Middlewares/Third_Party/FreeRTOS/Source/queue.o
                0x0800c384                vQueueWaitForMessageRestricted
 .text.xTaskCreateStatic
                0x0800c3ec       0xc0 ./Middlewares/Third_Party/FreeRTOS/Source/tasks.o
                0x0800c3ec                xTaskCreateStatic
 .text.xTaskCreate
                0x0800c4ac       0x8a ./Middlewares/Third_Party/FreeRTOS/Source/tasks.o
                0x0800c4ac                xTaskCreate
 *fill*         0x0800c536        0x2 
 .text.prvInitialiseNewTask
                0x0800c538      0x150 ./Middlewares/Third_Party/FreeRTOS/Source/tasks.o
 .text.prvAddNewTaskToReadyList
                0x0800c688       0xe0 ./Middlewares/Third_Party/FreeRTOS/Source/tasks.o
 .text.vTaskDelay
                0x0800c768       0x6c ./Middlewares/Third_Party/FreeRTOS/Source/tasks.o
                0x0800c768                vTaskDelay
 .text.vTaskStartScheduler
                0x0800c7d4       0xe0 ./Middlewares/Third_Party/FreeRTOS/Source/tasks.o
                0x0800c7d4                vTaskStartScheduler
 .text.vTaskSuspendAll
                0x0800c8b4       0x1c ./Middlewares/Third_Party/FreeRTOS/Source/tasks.o
                0x0800c8b4                vTaskSuspendAll
 .text.xTaskResumeAll
                0x0800c8d0      0x13c ./Middlewares/Third_Party/FreeRTOS/Source/tasks.o
                0x0800c8d0                xTaskResumeAll
 .text.xTaskGetTickCount
                0x0800ca0c       0x20 ./Middlewares/Third_Party/FreeRTOS/Source/tasks.o
                0x0800ca0c                xTaskGetTickCount
 .text.xTaskIncrementTick
                0x0800ca2c      0x174 ./Middlewares/Third_Party/FreeRTOS/Source/tasks.o
                0x0800ca2c                xTaskIncrementTick
 .text.vTaskSwitchContext
                0x0800cba0       0xcc ./Middlewares/Third_Party/FreeRTOS/Source/tasks.o
                0x0800cba0                vTaskSwitchContext
 .text.vTaskPlaceOnEventList
                0x0800cc6c       0x4c ./Middlewares/Third_Party/FreeRTOS/Source/tasks.o
                0x0800cc6c                vTaskPlaceOnEventList
 .text.vTaskPlaceOnEventListRestricted
                0x0800ccb8       0x58 ./Middlewares/Third_Party/FreeRTOS/Source/tasks.o
                0x0800ccb8                vTaskPlaceOnEventListRestricted
 .text.xTaskRemoveFromEventList
                0x0800cd10       0xc8 ./Middlewares/Third_Party/FreeRTOS/Source/tasks.o
                0x0800cd10                xTaskRemoveFromEventList
 .text.vTaskInternalSetTimeOutState
                0x0800cdd8       0x2c ./Middlewares/Third_Party/FreeRTOS/Source/tasks.o
                0x0800cdd8                vTaskInternalSetTimeOutState
 .text.xTaskCheckForTimeOut
                0x0800ce04       0xc8 ./Middlewares/Third_Party/FreeRTOS/Source/tasks.o
                0x0800ce04                xTaskCheckForTimeOut
 .text.vTaskMissedYield
                0x0800cecc       0x18 ./Middlewares/Third_Party/FreeRTOS/Source/tasks.o
                0x0800cecc                vTaskMissedYield
 .text.prvIdleTask
                0x0800cee4       0x30 ./Middlewares/Third_Party/FreeRTOS/Source/tasks.o
 .text.prvInitialiseTaskLists
                0x0800cf14       0x80 ./Middlewares/Third_Party/FreeRTOS/Source/tasks.o
 .text.prvCheckTasksWaitingTermination
                0x0800cf94       0x5c ./Middlewares/Third_Party/FreeRTOS/Source/tasks.o
 .text.prvDeleteTCB
                0x0800cff0       0x6a ./Middlewares/Third_Party/FreeRTOS/Source/tasks.o
 *fill*         0x0800d05a        0x2 
 .text.prvResetNextTaskUnblockTime
                0x0800d05c       0x40 ./Middlewares/Third_Party/FreeRTOS/Source/tasks.o
 .text.xTaskGetSchedulerState
                0x0800d09c       0x3c ./Middlewares/Third_Party/FreeRTOS/Source/tasks.o
                0x0800d09c                xTaskGetSchedulerState
 .text.xTaskPriorityDisinherit
                0x0800d0d8       0xe0 ./Middlewares/Third_Party/FreeRTOS/Source/tasks.o
                0x0800d0d8                xTaskPriorityDisinherit
 .text.prvAddCurrentTaskToDelayedList
                0x0800d1b8       0xa8 ./Middlewares/Third_Party/FreeRTOS/Source/tasks.o
 .text.xTimerCreateTimerTask
                0x0800d260       0x94 ./Middlewares/Third_Party/FreeRTOS/Source/timers.o
                0x0800d260                xTimerCreateTimerTask
 .text.xTimerGenericCommand
                0x0800d2f4       0x9c ./Middlewares/Third_Party/FreeRTOS/Source/timers.o
                0x0800d2f4                xTimerGenericCommand
 .text.prvProcessExpiredTimer
                0x0800d390       0x9c ./Middlewares/Third_Party/FreeRTOS/Source/timers.o
 .text.prvTimerTask
                0x0800d42c       0x26 ./Middlewares/Third_Party/FreeRTOS/Source/timers.o
 *fill*         0x0800d452        0x2 
 .text.prvProcessTimerOrBlockTask
                0x0800d454       0x9c ./Middlewares/Third_Party/FreeRTOS/Source/timers.o
 .text.prvGetNextExpireTime
                0x0800d4f0       0x48 ./Middlewares/Third_Party/FreeRTOS/Source/timers.o
 .text.prvSampleTimeNow
                0x0800d538       0x40 ./Middlewares/Third_Party/FreeRTOS/Source/timers.o
 .text.prvInsertTimerInActiveList
                0x0800d578       0x84 ./Middlewares/Third_Party/FreeRTOS/Source/timers.o
 .text.prvProcessReceivedCommands
                0x0800d5fc      0x1cc ./Middlewares/Third_Party/FreeRTOS/Source/timers.o
 .text.prvSwitchTimerLists
                0x0800d7c8       0xcc ./Middlewares/Third_Party/FreeRTOS/Source/timers.o
 .text.prvCheckForValidListAndQueue
                0x0800d894       0x80 ./Middlewares/Third_Party/FreeRTOS/Source/timers.o
 .text.pxPortInitialiseStack
                0x0800d914       0x68 ./Middlewares/Third_Party/FreeRTOS/Source/portable/GCC/ARM_CM4F/port.o
                0x0800d914                pxPortInitialiseStack
 .text.prvTaskExitError
                0x0800d97c       0x5c ./Middlewares/Third_Party/FreeRTOS/Source/portable/GCC/ARM_CM4F/port.o
 *fill*         0x0800d9d8        0x8 
 .text.SVC_Handler
                0x0800d9e0       0x28 ./Middlewares/Third_Party/FreeRTOS/Source/portable/GCC/ARM_CM4F/port.o
                0x0800d9e0                SVC_Handler
 .text.prvPortStartFirstTask
                0x0800da08       0x28 ./Middlewares/Third_Party/FreeRTOS/Source/portable/GCC/ARM_CM4F/port.o
 .text.xPortStartScheduler
                0x0800da30      0x148 ./Middlewares/Third_Party/FreeRTOS/Source/portable/GCC/ARM_CM4F/port.o
                0x0800da30                xPortStartScheduler
 .text.vPortEnterCritical
                0x0800db78       0x64 ./Middlewares/Third_Party/FreeRTOS/Source/portable/GCC/ARM_CM4F/port.o
                0x0800db78                vPortEnterCritical
 .text.vPortExitCritical
                0x0800dbdc       0x54 ./Middlewares/Third_Party/FreeRTOS/Source/portable/GCC/ARM_CM4F/port.o
                0x0800dbdc                vPortExitCritical
 .text.PendSV_Handler
                0x0800dc30       0x68 ./Middlewares/Third_Party/FreeRTOS/Source/portable/GCC/ARM_CM4F/port.o
                0x0800dc30                PendSV_Handler
 .text.xPortSysTickHandler
                0x0800dc98       0x44 ./Middlewares/Third_Party/FreeRTOS/Source/portable/GCC/ARM_CM4F/port.o
                0x0800dc98                xPortSysTickHandler
 .text.vPortSetupTimerInterrupt
                0x0800dcdc       0x48 ./Middlewares/Third_Party/FreeRTOS/Source/portable/GCC/ARM_CM4F/port.o
                0x0800dcdc                vPortSetupTimerInterrupt
 .text.vPortEnableVFP
                0x0800dd24       0x14 ./Middlewares/Third_Party/FreeRTOS/Source/portable/GCC/ARM_CM4F/port.o
 .text.vPortValidateInterruptPriority
                0x0800dd38       0x84 ./Middlewares/Third_Party/FreeRTOS/Source/portable/GCC/ARM_CM4F/port.o
                0x0800dd38                vPortValidateInterruptPriority
 .text.pvPortMalloc
                0x0800ddbc      0x19c ./Middlewares/Third_Party/FreeRTOS/Source/portable/MemMang/heap_4.o
                0x0800ddbc                pvPortMalloc
 .text.vPortFree
                0x0800df58       0xc8 ./Middlewares/Third_Party/FreeRTOS/Source/portable/MemMang/heap_4.o
                0x0800df58                vPortFree
 .text.prvHeapInit
                0x0800e020       0xc4 ./Middlewares/Third_Party/FreeRTOS/Source/portable/MemMang/heap_4.o
 .text.prvInsertBlockIntoFreeList
                0x0800e0e4       0xb4 ./Middlewares/Third_Party/FreeRTOS/Source/portable/MemMang/heap_4.o
 .text.__assert_func
                0x0800e198       0x3c C:/ST/STM32CubeIDE_1.19.0/STM32CubeIDE/plugins/com.st.stm32cube.ide.mcu.externaltools.gnu-tools-for-stm32.13.3.rel1.win32_1.0.0.202411081344/tools/bin/../lib/gcc/arm-none-eabi/13.3.1/../../../../arm-none-eabi/lib/thumb/v7e-m+fp/hard\libc_nano.a(libc_a-assert.o)
                0x0800e198                __assert_func
 .text.std      0x0800e1d4       0x6c C:/ST/STM32CubeIDE_1.19.0/STM32CubeIDE/plugins/com.st.stm32cube.ide.mcu.externaltools.gnu-tools-for-stm32.13.3.rel1.win32_1.0.0.202411081344/tools/bin/../lib/gcc/arm-none-eabi/13.3.1/../../../../arm-none-eabi/lib/thumb/v7e-m+fp/hard\libc_nano.a(libc_a-findfp.o)
 .text.stdio_exit_handler
                0x0800e240       0x18 C:/ST/STM32CubeIDE_1.19.0/STM32CubeIDE/plugins/com.st.stm32cube.ide.mcu.externaltools.gnu-tools-for-stm32.13.3.rel1.win32_1.0.0.202411081344/tools/bin/../lib/gcc/arm-none-eabi/13.3.1/../../../../arm-none-eabi/lib/thumb/v7e-m+fp/hard\libc_nano.a(libc_a-findfp.o)
 .text.cleanup_stdio
                0x0800e258       0x40 C:/ST/STM32CubeIDE_1.19.0/STM32CubeIDE/plugins/com.st.stm32cube.ide.mcu.externaltools.gnu-tools-for-stm32.13.3.rel1.win32_1.0.0.202411081344/tools/bin/../lib/gcc/arm-none-eabi/13.3.1/../../../../arm-none-eabi/lib/thumb/v7e-m+fp/hard\libc_nano.a(libc_a-findfp.o)
 .text.global_stdio_init.part.0
                0x0800e298       0x3c C:/ST/STM32CubeIDE_1.19.0/STM32CubeIDE/plugins/com.st.stm32cube.ide.mcu.externaltools.gnu-tools-for-stm32.13.3.rel1.win32_1.0.0.202411081344/tools/bin/../lib/gcc/arm-none-eabi/13.3.1/../../../../arm-none-eabi/lib/thumb/v7e-m+fp/hard\libc_nano.a(libc_a-findfp.o)
 .text.__sfp_lock_acquire
                0x0800e2d4        0xc C:/ST/STM32CubeIDE_1.19.0/STM32CubeIDE/plugins/com.st.stm32cube.ide.mcu.externaltools.gnu-tools-for-stm32.13.3.rel1.win32_1.0.0.202411081344/tools/bin/../lib/gcc/arm-none-eabi/13.3.1/../../../../arm-none-eabi/lib/thumb/v7e-m+fp/hard\libc_nano.a(libc_a-findfp.o)
                0x0800e2d4                __sfp_lock_acquire
 .text.__sfp_lock_release
                0x0800e2e0        0xc C:/ST/STM32CubeIDE_1.19.0/STM32CubeIDE/plugins/com.st.stm32cube.ide.mcu.externaltools.gnu-tools-for-stm32.13.3.rel1.win32_1.0.0.202411081344/tools/bin/../lib/gcc/arm-none-eabi/13.3.1/../../../../arm-none-eabi/lib/thumb/v7e-m+fp/hard\libc_nano.a(libc_a-findfp.o)
                0x0800e2e0                __sfp_lock_release
 .text.__sinit  0x0800e2ec       0x30 C:/ST/STM32CubeIDE_1.19.0/STM32CubeIDE/plugins/com.st.stm32cube.ide.mcu.externaltools.gnu-tools-for-stm32.13.3.rel1.win32_1.0.0.202411081344/tools/bin/../lib/gcc/arm-none-eabi/13.3.1/../../../../arm-none-eabi/lib/thumb/v7e-m+fp/hard\libc_nano.a(libc_a-findfp.o)
                0x0800e2ec                __sinit
 .text.fprintf  0x0800e31c       0x24 C:/ST/STM32CubeIDE_1.19.0/STM32CubeIDE/plugins/com.st.stm32cube.ide.mcu.externaltools.gnu-tools-for-stm32.13.3.rel1.win32_1.0.0.202411081344/tools/bin/../lib/gcc/arm-none-eabi/13.3.1/../../../../arm-none-eabi/lib/thumb/v7e-m+fp/hard\libc_nano.a(libc_a-fprintf.o)
                0x0800e31c                fiprintf
                0x0800e31c                fprintf
 .text._fwalk_sglue
                0x0800e340       0x3c C:/ST/STM32CubeIDE_1.19.0/STM32CubeIDE/plugins/com.st.stm32cube.ide.mcu.externaltools.gnu-tools-for-stm32.13.3.rel1.win32_1.0.0.202411081344/tools/bin/../lib/gcc/arm-none-eabi/13.3.1/../../../../arm-none-eabi/lib/thumb/v7e-m+fp/hard\libc_nano.a(libc_a-fwalk.o)
                0x0800e340                _fwalk_sglue
 .text.printf   0x0800e37c       0x24 C:/ST/STM32CubeIDE_1.19.0/STM32CubeIDE/plugins/com.st.stm32cube.ide.mcu.externaltools.gnu-tools-for-stm32.13.3.rel1.win32_1.0.0.202411081344/tools/bin/../lib/gcc/arm-none-eabi/13.3.1/../../../../arm-none-eabi/lib/thumb/v7e-m+fp/hard\libc_nano.a(libc_a-printf.o)
                0x0800e37c                iprintf
                0x0800e37c                printf
 .text._puts_r  0x0800e3a0       0xaa C:/ST/STM32CubeIDE_1.19.0/STM32CubeIDE/plugins/com.st.stm32cube.ide.mcu.externaltools.gnu-tools-for-stm32.13.3.rel1.win32_1.0.0.202411081344/tools/bin/../lib/gcc/arm-none-eabi/13.3.1/../../../../arm-none-eabi/lib/thumb/v7e-m+fp/hard\libc_nano.a(libc_a-puts.o)
                0x0800e3a0                _puts_r
 *fill*         0x0800e44a        0x2 
 .text.puts     0x0800e44c       0x10 C:/ST/STM32CubeIDE_1.19.0/STM32CubeIDE/plugins/com.st.stm32cube.ide.mcu.externaltools.gnu-tools-for-stm32.13.3.rel1.win32_1.0.0.202411081344/tools/bin/../lib/gcc/arm-none-eabi/13.3.1/../../../../arm-none-eabi/lib/thumb/v7e-m+fp/hard\libc_nano.a(libc_a-puts.o)
                0x0800e44c                puts
 .text.sprintf  0x0800e45c       0x44 C:/ST/STM32CubeIDE_1.19.0/STM32CubeIDE/plugins/com.st.stm32cube.ide.mcu.externaltools.gnu-tools-for-stm32.13.3.rel1.win32_1.0.0.202411081344/tools/bin/../lib/gcc/arm-none-eabi/13.3.1/../../../../arm-none-eabi/lib/thumb/v7e-m+fp/hard\libc_nano.a(libc_a-sprintf.o)
                0x0800e45c                siprintf
                0x0800e45c                sprintf
 .text.__sread  0x0800e4a0       0x22 C:/ST/STM32CubeIDE_1.19.0/STM32CubeIDE/plugins/com.st.stm32cube.ide.mcu.externaltools.gnu-tools-for-stm32.13.3.rel1.win32_1.0.0.202411081344/tools/bin/../lib/gcc/arm-none-eabi/13.3.1/../../../../arm-none-eabi/lib/thumb/v7e-m+fp/hard\libc_nano.a(libc_a-stdio.o)
                0x0800e4a0                __sread
 .text.__swrite
                0x0800e4c2       0x38 C:/ST/STM32CubeIDE_1.19.0/STM32CubeIDE/plugins/com.st.stm32cube.ide.mcu.externaltools.gnu-tools-for-stm32.13.3.rel1.win32_1.0.0.202411081344/tools/bin/../lib/gcc/arm-none-eabi/13.3.1/../../../../arm-none-eabi/lib/thumb/v7e-m+fp/hard\libc_nano.a(libc_a-stdio.o)
                0x0800e4c2                __swrite
 .text.__sseek  0x0800e4fa       0x24 C:/ST/STM32CubeIDE_1.19.0/STM32CubeIDE/plugins/com.st.stm32cube.ide.mcu.externaltools.gnu-tools-for-stm32.13.3.rel1.win32_1.0.0.202411081344/tools/bin/../lib/gcc/arm-none-eabi/13.3.1/../../../../arm-none-eabi/lib/thumb/v7e-m+fp/hard\libc_nano.a(libc_a-stdio.o)
                0x0800e4fa                __sseek
 .text.__sclose
                0x0800e51e        0x8 C:/ST/STM32CubeIDE_1.19.0/STM32CubeIDE/plugins/com.st.stm32cube.ide.mcu.externaltools.gnu-tools-for-stm32.13.3.rel1.win32_1.0.0.202411081344/tools/bin/../lib/gcc/arm-none-eabi/13.3.1/../../../../arm-none-eabi/lib/thumb/v7e-m+fp/hard\libc_nano.a(libc_a-stdio.o)
                0x0800e51e                __sclose
 .text.__swbuf_r
                0x0800e526       0x7c C:/ST/STM32CubeIDE_1.19.0/STM32CubeIDE/plugins/com.st.stm32cube.ide.mcu.externaltools.gnu-tools-for-stm32.13.3.rel1.win32_1.0.0.202411081344/tools/bin/../lib/gcc/arm-none-eabi/13.3.1/../../../../arm-none-eabi/lib/thumb/v7e-m+fp/hard\libc_nano.a(libc_a-wbuf.o)
                0x0800e526                __swbuf_r
 *fill*         0x0800e5a2        0x2 
 .text.__swsetup_r
                0x0800e5a4       0xac C:/ST/STM32CubeIDE_1.19.0/STM32CubeIDE/plugins/com.st.stm32cube.ide.mcu.externaltools.gnu-tools-for-stm32.13.3.rel1.win32_1.0.0.202411081344/tools/bin/../lib/gcc/arm-none-eabi/13.3.1/../../../../arm-none-eabi/lib/thumb/v7e-m+fp/hard\libc_nano.a(libc_a-wsetup.o)
                0x0800e5a4                __swsetup_r
 .text.memcmp   0x0800e650       0x20 C:/ST/STM32CubeIDE_1.19.0/STM32CubeIDE/plugins/com.st.stm32cube.ide.mcu.externaltools.gnu-tools-for-stm32.13.3.rel1.win32_1.0.0.202411081344/tools/bin/../lib/gcc/arm-none-eabi/13.3.1/../../../../arm-none-eabi/lib/thumb/v7e-m+fp/hard\libc_nano.a(libc_a-memcmp.o)
                0x0800e650                memcmp
 .text.memmove  0x0800e670       0x34 C:/ST/STM32CubeIDE_1.19.0/STM32CubeIDE/plugins/com.st.stm32cube.ide.mcu.externaltools.gnu-tools-for-stm32.13.3.rel1.win32_1.0.0.202411081344/tools/bin/../lib/gcc/arm-none-eabi/13.3.1/../../../../arm-none-eabi/lib/thumb/v7e-m+fp/hard\libc_nano.a(libc_a-memmove.o)
                0x0800e670                memmove
 .text.memset   0x0800e6a4       0x10 C:/ST/STM32CubeIDE_1.19.0/STM32CubeIDE/plugins/com.st.stm32cube.ide.mcu.externaltools.gnu-tools-for-stm32.13.3.rel1.win32_1.0.0.202411081344/tools/bin/../lib/gcc/arm-none-eabi/13.3.1/../../../../arm-none-eabi/lib/thumb/v7e-m+fp/hard\libc_nano.a(libc_a-memset.o)
                0x0800e6a4                memset
 .text.strncpy  0x0800e6b4       0x26 C:/ST/STM32CubeIDE_1.19.0/STM32CubeIDE/plugins/com.st.stm32cube.ide.mcu.externaltools.gnu-tools-for-stm32.13.3.rel1.win32_1.0.0.202411081344/tools/bin/../lib/gcc/arm-none-eabi/13.3.1/../../../../arm-none-eabi/lib/thumb/v7e-m+fp/hard\libc_nano.a(libc_a-strncpy.o)
                0x0800e6b4                strncpy
 *fill*         0x0800e6da        0x2 
 .text.strtok   0x0800e6dc       0x68 C:/ST/STM32CubeIDE_1.19.0/STM32CubeIDE/plugins/com.st.stm32cube.ide.mcu.externaltools.gnu-tools-for-stm32.13.3.rel1.win32_1.0.0.202411081344/tools/bin/../lib/gcc/arm-none-eabi/13.3.1/../../../../arm-none-eabi/lib/thumb/v7e-m+fp/hard\libc_nano.a(libc_a-strtok.o)
                0x0800e6dc                strtok
 .text.__strtok_r
                0x0800e744       0x50 C:/ST/STM32CubeIDE_1.19.0/STM32CubeIDE/plugins/com.st.stm32cube.ide.mcu.externaltools.gnu-tools-for-stm32.13.3.rel1.win32_1.0.0.202411081344/tools/bin/../lib/gcc/arm-none-eabi/13.3.1/../../../../arm-none-eabi/lib/thumb/v7e-m+fp/hard\libc_nano.a(libc_a-strtok_r.o)
                0x0800e744                __strtok_r
 .text.strstr   0x0800e794       0x2c C:/ST/STM32CubeIDE_1.19.0/STM32CubeIDE/plugins/com.st.stm32cube.ide.mcu.externaltools.gnu-tools-for-stm32.13.3.rel1.win32_1.0.0.202411081344/tools/bin/../lib/gcc/arm-none-eabi/13.3.1/../../../../arm-none-eabi/lib/thumb/v7e-m+fp/hard\libc_nano.a(libc_a-strstr.o)
                0x0800e794                strstr
 .text._close_r
                0x0800e7c0       0x20 C:/ST/STM32CubeIDE_1.19.0/STM32CubeIDE/plugins/com.st.stm32cube.ide.mcu.externaltools.gnu-tools-for-stm32.13.3.rel1.win32_1.0.0.202411081344/tools/bin/../lib/gcc/arm-none-eabi/13.3.1/../../../../arm-none-eabi/lib/thumb/v7e-m+fp/hard\libc_nano.a(libc_a-closer.o)
                0x0800e7c0                _close_r
 .text._reclaim_reent
                0x0800e7e0       0xbc C:/ST/STM32CubeIDE_1.19.0/STM32CubeIDE/plugins/com.st.stm32cube.ide.mcu.externaltools.gnu-tools-for-stm32.13.3.rel1.win32_1.0.0.202411081344/tools/bin/../lib/gcc/arm-none-eabi/13.3.1/../../../../arm-none-eabi/lib/thumb/v7e-m+fp/hard\libc_nano.a(libc_a-reent.o)
                0x0800e7e0                _reclaim_reent
 .text._lseek_r
                0x0800e89c       0x24 C:/ST/STM32CubeIDE_1.19.0/STM32CubeIDE/plugins/com.st.stm32cube.ide.mcu.externaltools.gnu-tools-for-stm32.13.3.rel1.win32_1.0.0.202411081344/tools/bin/../lib/gcc/arm-none-eabi/13.3.1/../../../../arm-none-eabi/lib/thumb/v7e-m+fp/hard\libc_nano.a(libc_a-lseekr.o)
                0x0800e89c                _lseek_r
 .text._read_r  0x0800e8c0       0x24 C:/ST/STM32CubeIDE_1.19.0/STM32CubeIDE/plugins/com.st.stm32cube.ide.mcu.externaltools.gnu-tools-for-stm32.13.3.rel1.win32_1.0.0.202411081344/tools/bin/../lib/gcc/arm-none-eabi/13.3.1/../../../../arm-none-eabi/lib/thumb/v7e-m+fp/hard\libc_nano.a(libc_a-readr.o)
                0x0800e8c0                _read_r
 .text._write_r
                0x0800e8e4       0x24 C:/ST/STM32CubeIDE_1.19.0/STM32CubeIDE/plugins/com.st.stm32cube.ide.mcu.externaltools.gnu-tools-for-stm32.13.3.rel1.win32_1.0.0.202411081344/tools/bin/../lib/gcc/arm-none-eabi/13.3.1/../../../../arm-none-eabi/lib/thumb/v7e-m+fp/hard\libc_nano.a(libc_a-writer.o)
                0x0800e8e4                _write_r
 .text.__errno  0x0800e908        0xc C:/ST/STM32CubeIDE_1.19.0/STM32CubeIDE/plugins/com.st.stm32cube.ide.mcu.externaltools.gnu-tools-for-stm32.13.3.rel1.win32_1.0.0.202411081344/tools/bin/../lib/gcc/arm-none-eabi/13.3.1/../../../../arm-none-eabi/lib/thumb/v7e-m+fp/hard\libc_nano.a(libc_a-errno.o)
                0x0800e908                __errno
 .text.__libc_init_array
                0x0800e914       0x48 C:/ST/STM32CubeIDE_1.19.0/STM32CubeIDE/plugins/com.st.stm32cube.ide.mcu.externaltools.gnu-tools-for-stm32.13.3.rel1.win32_1.0.0.202411081344/tools/bin/../lib/gcc/arm-none-eabi/13.3.1/../../../../arm-none-eabi/lib/thumb/v7e-m+fp/hard\libc_nano.a(libc_a-init.o)
                0x0800e914                __libc_init_array
 .text.__retarget_lock_init_recursive
                0x0800e95c        0x2 C:/ST/STM32CubeIDE_1.19.0/STM32CubeIDE/plugins/com.st.stm32cube.ide.mcu.externaltools.gnu-tools-for-stm32.13.3.rel1.win32_1.0.0.202411081344/tools/bin/../lib/gcc/arm-none-eabi/13.3.1/../../../../arm-none-eabi/lib/thumb/v7e-m+fp/hard\libc_nano.a(libc_a-lock.o)
                0x0800e95c                __retarget_lock_init_recursive
 .text.__retarget_lock_acquire_recursive
                0x0800e95e        0x2 C:/ST/STM32CubeIDE_1.19.0/STM32CubeIDE/plugins/com.st.stm32cube.ide.mcu.externaltools.gnu-tools-for-stm32.13.3.rel1.win32_1.0.0.202411081344/tools/bin/../lib/gcc/arm-none-eabi/13.3.1/../../../../arm-none-eabi/lib/thumb/v7e-m+fp/hard\libc_nano.a(libc_a-lock.o)
                0x0800e95e                __retarget_lock_acquire_recursive
 .text.__retarget_lock_release_recursive
                0x0800e960        0x2 C:/ST/STM32CubeIDE_1.19.0/STM32CubeIDE/plugins/com.st.stm32cube.ide.mcu.externaltools.gnu-tools-for-stm32.13.3.rel1.win32_1.0.0.202411081344/tools/bin/../lib/gcc/arm-none-eabi/13.3.1/../../../../arm-none-eabi/lib/thumb/v7e-m+fp/hard\libc_nano.a(libc_a-lock.o)
                0x0800e960                __retarget_lock_release_recursive
 .text.memcpy   0x0800e962       0x1c C:/ST/STM32CubeIDE_1.19.0/STM32CubeIDE/plugins/com.st.stm32cube.ide.mcu.externaltools.gnu-tools-for-stm32.13.3.rel1.win32_1.0.0.202411081344/tools/bin/../lib/gcc/arm-none-eabi/13.3.1/../../../../arm-none-eabi/lib/thumb/v7e-m+fp/hard\libc_nano.a(libc_a-memcpy-stub.o)
                0x0800e962                memcpy
 .text.abort    0x0800e97e        0xe C:/ST/STM32CubeIDE_1.19.0/STM32CubeIDE/plugins/com.st.stm32cube.ide.mcu.externaltools.gnu-tools-for-stm32.13.3.rel1.win32_1.0.0.202411081344/tools/bin/../lib/gcc/arm-none-eabi/13.3.1/../../../../arm-none-eabi/lib/thumb/v7e-m+fp/hard\libc_nano.a(libc_a-abort.o)
                0x0800e97e                abort
 .text._free_r  0x0800e98c       0x94 C:/ST/STM32CubeIDE_1.19.0/STM32CubeIDE/plugins/com.st.stm32cube.ide.mcu.externaltools.gnu-tools-for-stm32.13.3.rel1.win32_1.0.0.202411081344/tools/bin/../lib/gcc/arm-none-eabi/13.3.1/../../../../arm-none-eabi/lib/thumb/v7e-m+fp/hard\libc_nano.a(libc_a-freer.o)
                0x0800e98c                _free_r
 .text.malloc   0x0800ea20       0x10 C:/ST/STM32CubeIDE_1.19.0/STM32CubeIDE/plugins/com.st.stm32cube.ide.mcu.externaltools.gnu-tools-for-stm32.13.3.rel1.win32_1.0.0.202411081344/tools/bin/../lib/gcc/arm-none-eabi/13.3.1/../../../../arm-none-eabi/lib/thumb/v7e-m+fp/hard\libc_nano.a(libc_a-malloc.o)
                0x0800ea20                malloc
 .text.sbrk_aligned
                0x0800ea30       0x44 C:/ST/STM32CubeIDE_1.19.0/STM32CubeIDE/plugins/com.st.stm32cube.ide.mcu.externaltools.gnu-tools-for-stm32.13.3.rel1.win32_1.0.0.202411081344/tools/bin/../lib/gcc/arm-none-eabi/13.3.1/../../../../arm-none-eabi/lib/thumb/v7e-m+fp/hard\libc_nano.a(libc_a-mallocr.o)
 .text._malloc_r
                0x0800ea74      0x100 C:/ST/STM32CubeIDE_1.19.0/STM32CubeIDE/plugins/com.st.stm32cube.ide.mcu.externaltools.gnu-tools-for-stm32.13.3.rel1.win32_1.0.0.202411081344/tools/bin/../lib/gcc/arm-none-eabi/13.3.1/../../../../arm-none-eabi/lib/thumb/v7e-m+fp/hard\libc_nano.a(libc_a-mallocr.o)
                0x0800ea74                _malloc_r
 .text.__malloc_lock
                0x0800eb74        0xc C:/ST/STM32CubeIDE_1.19.0/STM32CubeIDE/plugins/com.st.stm32cube.ide.mcu.externaltools.gnu-tools-for-stm32.13.3.rel1.win32_1.0.0.202411081344/tools/bin/../lib/gcc/arm-none-eabi/13.3.1/../../../../arm-none-eabi/lib/thumb/v7e-m+fp/hard\libc_nano.a(libc_a-mlock.o)
                0x0800eb74                __malloc_lock
 .text.__malloc_unlock
                0x0800eb80        0xc C:/ST/STM32CubeIDE_1.19.0/STM32CubeIDE/plugins/com.st.stm32cube.ide.mcu.externaltools.gnu-tools-for-stm32.13.3.rel1.win32_1.0.0.202411081344/tools/bin/../lib/gcc/arm-none-eabi/13.3.1/../../../../arm-none-eabi/lib/thumb/v7e-m+fp/hard\libc_nano.a(libc_a-mlock.o)
                0x0800eb80                __malloc_unlock
 .text.__ssputs_r
                0x0800eb8c       0xb6 C:/ST/STM32CubeIDE_1.19.0/STM32CubeIDE/plugins/com.st.stm32cube.ide.mcu.externaltools.gnu-tools-for-stm32.13.3.rel1.win32_1.0.0.202411081344/tools/bin/../lib/gcc/arm-none-eabi/13.3.1/../../../../arm-none-eabi/lib/thumb/v7e-m+fp/hard\libc_nano.a(libc_a-nano-svfprintf.o)
                0x0800eb8c                __ssputs_r
 *fill*         0x0800ec42        0x2 
 .text._svfprintf_r
                0x0800ec44      0x1f8 C:/ST/STM32CubeIDE_1.19.0/STM32CubeIDE/plugins/com.st.stm32cube.ide.mcu.externaltools.gnu-tools-for-stm32.13.3.rel1.win32_1.0.0.202411081344/tools/bin/../lib/gcc/arm-none-eabi/13.3.1/../../../../arm-none-eabi/lib/thumb/v7e-m+fp/hard\libc_nano.a(libc_a-nano-svfprintf.o)
                0x0800ec44                _svfiprintf_r
                0x0800ec44                _svfprintf_r
 .text.__sfputc_r
                0x0800ee3c       0x2e C:/ST/STM32CubeIDE_1.19.0/STM32CubeIDE/plugins/com.st.stm32cube.ide.mcu.externaltools.gnu-tools-for-stm32.13.3.rel1.win32_1.0.0.202411081344/tools/bin/../lib/gcc/arm-none-eabi/13.3.1/../../../../arm-none-eabi/lib/thumb/v7e-m+fp/hard\libc_nano.a(libc_a-nano-vfprintf.o)
 .text.__sfputs_r
                0x0800ee6a       0x24 C:/ST/STM32CubeIDE_1.19.0/STM32CubeIDE/plugins/com.st.stm32cube.ide.mcu.externaltools.gnu-tools-for-stm32.13.3.rel1.win32_1.0.0.202411081344/tools/bin/../lib/gcc/arm-none-eabi/13.3.1/../../../../arm-none-eabi/lib/thumb/v7e-m+fp/hard\libc_nano.a(libc_a-nano-vfprintf.o)
                0x0800ee6a                __sfputs_r
 *fill*         0x0800ee8e        0x2 
 .text._vfprintf_r
                0x0800ee90      0x230 C:/ST/STM32CubeIDE_1.19.0/STM32CubeIDE/plugins/com.st.stm32cube.ide.mcu.externaltools.gnu-tools-for-stm32.13.3.rel1.win32_1.0.0.202411081344/tools/bin/../lib/gcc/arm-none-eabi/13.3.1/../../../../arm-none-eabi/lib/thumb/v7e-m+fp/hard\libc_nano.a(libc_a-nano-vfprintf.o)
                0x0800ee90                _vfprintf_r
                0x0800ee90                _vfiprintf_r
 .text._printf_common
                0x0800f0c0       0xda C:/ST/STM32CubeIDE_1.19.0/STM32CubeIDE/plugins/com.st.stm32cube.ide.mcu.externaltools.gnu-tools-for-stm32.13.3.rel1.win32_1.0.0.202411081344/tools/bin/../lib/gcc/arm-none-eabi/13.3.1/../../../../arm-none-eabi/lib/thumb/v7e-m+fp/hard\libc_nano.a(libc_a-nano-vfprintf_i.o)
                0x0800f0c0                _printf_common
 *fill*         0x0800f19a        0x2 
 .text._printf_i
                0x0800f19c      0x23c C:/ST/STM32CubeIDE_1.19.0/STM32CubeIDE/plugins/com.st.stm32cube.ide.mcu.externaltools.gnu-tools-for-stm32.13.3.rel1.win32_1.0.0.202411081344/tools/bin/../lib/gcc/arm-none-eabi/13.3.1/../../../../arm-none-eabi/lib/thumb/v7e-m+fp/hard\libc_nano.a(libc_a-nano-vfprintf_i.o)
                0x0800f19c                _printf_i
 .text.__sflush_r
                0x0800f3d8      0x108 C:/ST/STM32CubeIDE_1.19.0/STM32CubeIDE/plugins/com.st.stm32cube.ide.mcu.externaltools.gnu-tools-for-stm32.13.3.rel1.win32_1.0.0.202411081344/tools/bin/../lib/gcc/arm-none-eabi/13.3.1/../../../../arm-none-eabi/lib/thumb/v7e-m+fp/hard\libc_nano.a(libc_a-fflush.o)
                0x0800f3d8                __sflush_r
 .text._fflush_r
                0x0800f4e0       0x50 C:/ST/STM32CubeIDE_1.19.0/STM32CubeIDE/plugins/com.st.stm32cube.ide.mcu.externaltools.gnu-tools-for-stm32.13.3.rel1.win32_1.0.0.202411081344/tools/bin/../lib/gcc/arm-none-eabi/13.3.1/../../../../arm-none-eabi/lib/thumb/v7e-m+fp/hard\libc_nano.a(libc_a-fflush.o)
                0x0800f4e0                _fflush_r
 .text.__swhatbuf_r
                0x0800f530       0x4c C:/ST/STM32CubeIDE_1.19.0/STM32CubeIDE/plugins/com.st.stm32cube.ide.mcu.externaltools.gnu-tools-for-stm32.13.3.rel1.win32_1.0.0.202411081344/tools/bin/../lib/gcc/arm-none-eabi/13.3.1/../../../../arm-none-eabi/lib/thumb/v7e-m+fp/hard\libc_nano.a(libc_a-makebuf.o)
                0x0800f530                __swhatbuf_r
 .text.__smakebuf_r
                0x0800f57c       0x78 C:/ST/STM32CubeIDE_1.19.0/STM32CubeIDE/plugins/com.st.stm32cube.ide.mcu.externaltools.gnu-tools-for-stm32.13.3.rel1.win32_1.0.0.202411081344/tools/bin/../lib/gcc/arm-none-eabi/13.3.1/../../../../arm-none-eabi/lib/thumb/v7e-m+fp/hard\libc_nano.a(libc_a-makebuf.o)
                0x0800f57c                __smakebuf_r
 .text._raise_r
                0x0800f5f4       0x50 C:/ST/STM32CubeIDE_1.19.0/STM32CubeIDE/plugins/com.st.stm32cube.ide.mcu.externaltools.gnu-tools-for-stm32.13.3.rel1.win32_1.0.0.202411081344/tools/bin/../lib/gcc/arm-none-eabi/13.3.1/../../../../arm-none-eabi/lib/thumb/v7e-m+fp/hard\libc_nano.a(libc_a-signal.o)
                0x0800f5f4                _raise_r
 .text.raise    0x0800f644       0x10 C:/ST/STM32CubeIDE_1.19.0/STM32CubeIDE/plugins/com.st.stm32cube.ide.mcu.externaltools.gnu-tools-for-stm32.13.3.rel1.win32_1.0.0.202411081344/tools/bin/../lib/gcc/arm-none-eabi/13.3.1/../../../../arm-none-eabi/lib/thumb/v7e-m+fp/hard\libc_nano.a(libc_a-signal.o)
                0x0800f644                raise
 .text._fstat_r
                0x0800f654       0x24 C:/ST/STM32CubeIDE_1.19.0/STM32CubeIDE/plugins/com.st.stm32cube.ide.mcu.externaltools.gnu-tools-for-stm32.13.3.rel1.win32_1.0.0.202411081344/tools/bin/../lib/gcc/arm-none-eabi/13.3.1/../../../../arm-none-eabi/lib/thumb/v7e-m+fp/hard\libc_nano.a(libc_a-fstatr.o)
                0x0800f654                _fstat_r
 .text._isatty_r
                0x0800f678       0x20 C:/ST/STM32CubeIDE_1.19.0/STM32CubeIDE/plugins/com.st.stm32cube.ide.mcu.externaltools.gnu-tools-for-stm32.13.3.rel1.win32_1.0.0.202411081344/tools/bin/../lib/gcc/arm-none-eabi/13.3.1/../../../../arm-none-eabi/lib/thumb/v7e-m+fp/hard\libc_nano.a(libc_a-isattyr.o)
                0x0800f678                _isatty_r
 .text._kill_r  0x0800f698       0x24 C:/ST/STM32CubeIDE_1.19.0/STM32CubeIDE/plugins/com.st.stm32cube.ide.mcu.externaltools.gnu-tools-for-stm32.13.3.rel1.win32_1.0.0.202411081344/tools/bin/../lib/gcc/arm-none-eabi/13.3.1/../../../../arm-none-eabi/lib/thumb/v7e-m+fp/hard\libc_nano.a(libc_a-signalr.o)
                0x0800f698                _kill_r
 .text._getpid_r
                0x0800f6bc        0x4 C:/ST/STM32CubeIDE_1.19.0/STM32CubeIDE/plugins/com.st.stm32cube.ide.mcu.externaltools.gnu-tools-for-stm32.13.3.rel1.win32_1.0.0.202411081344/tools/bin/../lib/gcc/arm-none-eabi/13.3.1/../../../../arm-none-eabi/lib/thumb/v7e-m+fp/hard\libc_nano.a(libc_a-signalr.o)
                0x0800f6bc                _getpid_r
 .text._sbrk_r  0x0800f6c0       0x20 C:/ST/STM32CubeIDE_1.19.0/STM32CubeIDE/plugins/com.st.stm32cube.ide.mcu.externaltools.gnu-tools-for-stm32.13.3.rel1.win32_1.0.0.202411081344/tools/bin/../lib/gcc/arm-none-eabi/13.3.1/../../../../arm-none-eabi/lib/thumb/v7e-m+fp/hard\libc_nano.a(libc_a-sbrkr.o)
                0x0800f6c0                _sbrk_r
 .text._realloc_r
                0x0800f6e0       0x5c C:/ST/STM32CubeIDE_1.19.0/STM32CubeIDE/plugins/com.st.stm32cube.ide.mcu.externaltools.gnu-tools-for-stm32.13.3.rel1.win32_1.0.0.202411081344/tools/bin/../lib/gcc/arm-none-eabi/13.3.1/../../../../arm-none-eabi/lib/thumb/v7e-m+fp/hard\libc_nano.a(libc_a-reallocr.o)
                0x0800f6e0                _realloc_r
 .text._malloc_usable_size_r
                0x0800f73c       0x10 C:/ST/STM32CubeIDE_1.19.0/STM32CubeIDE/plugins/com.st.stm32cube.ide.mcu.externaltools.gnu-tools-for-stm32.13.3.rel1.win32_1.0.0.202411081344/tools/bin/../lib/gcc/arm-none-eabi/13.3.1/../../../../arm-none-eabi/lib/thumb/v7e-m+fp/hard\libc_nano.a(libc_a-msizer.o)
                0x0800f73c                _malloc_usable_size_r
 *(.glue_7)
 .glue_7        0x0800f74c        0x0 linker stubs
 *(.glue_7t)
 .glue_7t       0x0800f74c        0x0 linker stubs
 *(.eh_frame)
 .eh_frame      0x0800f74c        0x0 C:/ST/STM32CubeIDE_1.19.0/STM32CubeIDE/plugins/com.st.stm32cube.ide.mcu.externaltools.gnu-tools-for-stm32.13.3.rel1.win32_1.0.0.202411081344/tools/bin/../lib/gcc/arm-none-eabi/13.3.1/thumb/v7e-m+fp/hard/crtbegin.o
 *(.init)
 .init          0x0800f74c        0x4 C:/ST/STM32CubeIDE_1.19.0/STM32CubeIDE/plugins/com.st.stm32cube.ide.mcu.externaltools.gnu-tools-for-stm32.13.3.rel1.win32_1.0.0.202411081344/tools/bin/../lib/gcc/arm-none-eabi/13.3.1/thumb/v7e-m+fp/hard/crti.o
                0x0800f74c                _init
 .init          0x0800f750        0x8 C:/ST/STM32CubeIDE_1.19.0/STM32CubeIDE/plugins/com.st.stm32cube.ide.mcu.externaltools.gnu-tools-for-stm32.13.3.rel1.win32_1.0.0.202411081344/tools/bin/../lib/gcc/arm-none-eabi/13.3.1/thumb/v7e-m+fp/hard/crtn.o
 *(.fini)
 .fini          0x0800f758        0x4 C:/ST/STM32CubeIDE_1.19.0/STM32CubeIDE/plugins/com.st.stm32cube.ide.mcu.externaltools.gnu-tools-for-stm32.13.3.rel1.win32_1.0.0.202411081344/tools/bin/../lib/gcc/arm-none-eabi/13.3.1/thumb/v7e-m+fp/hard/crti.o
                0x0800f758                _fini
 .fini          0x0800f75c        0x8 C:/ST/STM32CubeIDE_1.19.0/STM32CubeIDE/plugins/com.st.stm32cube.ide.mcu.externaltools.gnu-tools-for-stm32.13.3.rel1.win32_1.0.0.202411081344/tools/bin/../lib/gcc/arm-none-eabi/13.3.1/thumb/v7e-m+fp/hard/crtn.o
                0x0800f764                        . = ALIGN (0x4)
                0x0800f764                        _etext = .

.vfp11_veneer   0x0800f764        0x0
 .vfp11_veneer  0x0800f764        0x0 linker stubs

.v4_bx          0x0800f764        0x0
 .v4_bx         0x0800f764        0x0 linker stubs

.iplt           0x0800f764        0x0
 .iplt          0x0800f764        0x0 C:/ST/STM32CubeIDE_1.19.0/STM32CubeIDE/plugins/com.st.stm32cube.ide.mcu.externaltools.gnu-tools-for-stm32.13.3.rel1.win32_1.0.0.202411081344/tools/bin/../lib/gcc/arm-none-eabi/13.3.1/thumb/v7e-m+fp/hard/crtbegin.o

.rodata         0x0800f764     0x16c0
                0x0800f764                        . = ALIGN (0x4)
 *(.rodata)
 .rodata        0x0800f764      0x15c ./Core/Src/main.o
 .rodata        0x0800f8c0      0x1f5 ./Core/Src/mqtt_priv.o
 *fill*         0x0800fab5        0x3 
 .rodata        0x0800fab8      0x4ba ./Drivers/BSP/src/es_wifi.o
 *fill*         0x0800ff72        0x2 
 .rodata        0x0800ff74      0x511 ./Libraries/coreMQTT/source/core_mqtt.o
 *fill*         0x08010485        0x3 
 .rodata        0x08010488      0x3f1 ./Libraries/coreMQTT/source/core_mqtt_serializer.o
 *fill*         0x08010879        0x3 
 .rodata        0x0801087c      0x1d7 ./Libraries/coreMQTT/source/core_mqtt_state.o
 *fill*         0x08010a53        0x1 
 .rodata        0x08010a54       0x2f ./Libraries/coreMQTT/source/transport_interface.o
 *fill*         0x08010a83        0x1 
 .rodata        0x08010a84        0x5 ./Middlewares/Third_Party/FreeRTOS/Source/tasks.o
 *fill*         0x08010a89        0x3 
 .rodata        0x08010a8c        0xd ./Middlewares/Third_Party/FreeRTOS/Source/timers.o
 *(.rodata*)
 *fill*         0x08010a99        0x3 
 .rodata.WifiTask_attributes
                0x08010a9c       0x24 ./Core/Src/main.o
                0x08010a9c                WifiTask_attributes
 .rodata.MQTT_Task_attributes
                0x08010ac0       0x24 ./Core/Src/main.o
                0x08010ac0                MQTT_Task_attributes
 .rodata.AHBPrescTable
                0x08010ae4       0x10 ./Core/Src/system_stm32l4xx.o
                0x08010ae4                AHBPrescTable
 .rodata.APBPrescTable
                0x08010af4        0x8 ./Core/Src/system_stm32l4xx.o
                0x08010af4                APBPrescTable
 .rodata.MSIRangeTable
                0x08010afc       0x30 ./Core/Src/system_stm32l4xx.o
                0x08010afc                MSIRangeTable
 .rodata.__func__.18
                0x08010b2c       0x12 ./Libraries/coreMQTT/source/core_mqtt.o
 *fill*         0x08010b3e        0x2 
 .rodata.__func__.17
                0x08010b40        0xb ./Libraries/coreMQTT/source/core_mqtt.o
 *fill*         0x08010b4b        0x1 
 .rodata.__func__.16
                0x08010b4c       0x15 ./Libraries/coreMQTT/source/core_mqtt.o
 *fill*         0x08010b61        0x3 
 .rodata.__func__.15
                0x08010b64        0xa ./Libraries/coreMQTT/source/core_mqtt.o
 *fill*         0x08010b6e        0x2 
 .rodata.__func__.14
                0x08010b70        0xe ./Libraries/coreMQTT/source/core_mqtt.o
 *fill*         0x08010b7e        0x2 
 .rodata.__func__.12
                0x08010b80        0xe ./Libraries/coreMQTT/source/core_mqtt.o
 *fill*         0x08010b8e        0x2 
 .rodata.__func__.11
                0x08010b90       0x10 ./Libraries/coreMQTT/source/core_mqtt.o
 .rodata.__func__.5
                0x08010ba0       0x19 ./Libraries/coreMQTT/source/core_mqtt.o
 *fill*         0x08010bb9        0x3 
 .rodata.__func__.4
                0x08010bbc       0x17 ./Libraries/coreMQTT/source/core_mqtt.o
 *fill*         0x08010bd3        0x1 
 .rodata.__func__.3
                0x08010bd4        0xf ./Libraries/coreMQTT/source/core_mqtt.o
 *fill*         0x08010be3        0x1 
 .rodata.__func__.2
                0x08010be4       0x1f ./Libraries/coreMQTT/source/core_mqtt.o
 *fill*         0x08010c03        0x1 
 .rodata.__func__.1
                0x08010c04       0x13 ./Libraries/coreMQTT/source/core_mqtt.o
 *fill*         0x08010c17        0x1 
 .rodata.__func__.13
                0x08010c18       0x16 ./Libraries/coreMQTT/source/core_mqtt_serializer.o
 *fill*         0x08010c2e        0x2 
 .rodata.__func__.12
                0x08010c30        0xd ./Libraries/coreMQTT/source/core_mqtt_serializer.o
 *fill*         0x08010c3d        0x3 
 .rodata.__func__.11
                0x08010c40       0x1b ./Libraries/coreMQTT/source/core_mqtt_serializer.o
 *fill*         0x08010c5b        0x1 
 .rodata.__func__.8
                0x08010c5c       0x13 ./Libraries/coreMQTT/source/core_mqtt_serializer.o
 *fill*         0x08010c6f        0x1 
 .rodata.__func__.7