Archive member included to satisfy reference by file (symbol)

/opt/st/stm32cubeide_1.19.0/plugins/com.st.stm32cube.ide.mcu.externaltools.gnu-tools-for-stm32.13.3.rel1.linux64_1.0.0.202410170706/tools/bin/../lib/gcc/arm-none-eabi/13.3.1/../../../../arm-none-eabi/lib/thumb/v7e-m+fp/hard/libc_nano.a(libc_a-assert.o)
                              ./Libraries/coreMQTT/source/core_mqtt.o (__assert_func)
/opt/st/stm32cubeide_1.19.0/plugins/com.st.stm32cube.ide.mcu.externaltools.gnu-tools-for-stm32.13.3.rel1.linux64_1.0.0.202410170706/tools/bin/../lib/gcc/arm-none-eabi/13.3.1/../../../../arm-none-eabi/lib/thumb/v7e-m+fp/hard/libc_nano.a(libc_a-exit.o)
                              /opt/st/stm32cubeide_1.19.0/plugins/com.st.stm32cube.ide.mcu.externaltools.gnu-tools-for-stm32.13.3.rel1.linux64_1.0.0.202410170706/tools/bin/../lib/gcc/arm-none-eabi/13.3.1/../../../../arm-none-eabi/lib/thumb/v7e-m+fp/hard/crt0.o (exit)
/opt/st/stm32cubeide_1.19.0/plugins/com.st.stm32cube.ide.mcu.externaltools.gnu-tools-for-stm32.13.3.rel1.linux64_1.0.0.202410170706/tools/bin/../lib/gcc/arm-none-eabi/13.3.1/../../../../arm-none-eabi/lib/thumb/v7e-m+fp/hard/libc_nano.a(libc_a-findfp.o)
                              ./Middlewares/Third_Party/FreeRTOS/Source/tasks.o (__sf)
/opt/st/stm32cubeide_1.19.0/plugins/com.st.stm32cube.ide.mcu.externaltools.gnu-tools-for-stm32.13.3.rel1.linux64_1.0.0.202410170706/tools/bin/../lib/gcc/arm-none-eabi/13.3.1/../../../../arm-none-eabi/lib/thumb/v7e-m+fp/hard/libc_nano.a(libc_a-fprintf.o)
                              /opt/st/stm32cubeide_1.19.0/plugins/com.st.stm32cube.ide.mcu.externaltools.gnu-tools-for-stm32.13.3.rel1.linux64_1.0.0.202410170706/tools/bin/../lib/gcc/arm-none-eabi/13.3.1/../../../../arm-none-eabi/lib/thumb/v7e-m+fp/hard/libc_nano.a(libc_a-assert.o) (fiprintf)
/opt/st/stm32cubeide_1.19.0/plugins/com.st.stm32cube.ide.mcu.externaltools.gnu-tools-for-stm32.13.3.rel1.linux64_1.0.0.202410170706/tools/bin/../lib/gcc/arm-none-eabi/13.3.1/../../../../arm-none-eabi/lib/thumb/v7e-m+fp/hard/libc_nano.a(libc_a-fwalk.o)
                              /opt/st/stm32cubeide_1.19.0/plugins/com.st.stm32cube.ide.mcu.externaltools.gnu-tools-for-stm32.13.3.rel1.linux64_1.0.0.202410170706/tools/bin/../lib/gcc/arm-none-eabi/13.3.1/../../../../arm-none-eabi/lib/thumb/v7e-m+fp/hard/libc_nano.a(libc_a-findfp.o) (_fwalk_sglue)
/opt/st/stm32cubeide_1.19.0/plugins/com.st.stm32cube.ide.mcu.externaltools.gnu-tools-for-stm32.13.3.rel1.linux64_1.0.0.202410170706/tools/bin/../lib/gcc/arm-none-eabi/13.3.1/../../../../arm-none-eabi/lib/thumb/v7e-m+fp/hard/libc_nano.a(libc_a-printf.o)
                              ./Core/Src/main.o (printf)
/opt/st/stm32cubeide_1.19.0/plugins/com.st.stm32cube.ide.mcu.externaltools.gnu-tools-for-stm32.13.3.rel1.linux64_1.0.0.202410170706/tools/bin/../lib/gcc/arm-none-eabi/13.3.1/../../../../arm-none-eabi/lib/thumb/v7e-m+fp/hard/libc_nano.a(libc_a-putchar.o)
                              ./Libraries/coreMQTT/source/transport_interface.o (putchar)
/opt/st/stm32cubeide_1.19.0/plugins/com.st.stm32cube.ide.mcu.externaltools.gnu-tools-for-stm32.13.3.rel1.linux64_1.0.0.202410170706/tools/bin/../lib/gcc/arm-none-eabi/13.3.1/../../../../arm-none-eabi/lib/thumb/v7e-m+fp/hard/libc_nano.a(libc_a-puts.o)
                              ./Core/Src/main.o (puts)
/opt/st/stm32cubeide_1.19.0/plugins/com.st.stm32cube.ide.mcu.externaltools.gnu-tools-for-stm32.13.3.rel1.linux64_1.0.0.202410170706/tools/bin/../lib/gcc/arm-none-eabi/13.3.1/../../../../arm-none-eabi/lib/thumb/v7e-m+fp/hard/libc_nano.a(libc_a-snprintf.o)
                              ./Core/Src/main.o (snprintf)
/opt/st/stm32cubeide_1.19.0/plugins/com.st.stm32cube.ide.mcu.externaltools.gnu-tools-for-stm32.13.3.rel1.linux64_1.0.0.202410170706/tools/bin/../lib/gcc/arm-none-eabi/13.3.1/../../../../arm-none-eabi/lib/thumb/v7e-m+fp/hard/libc_nano.a(libc_a-sprintf.o)
                              ./Core/Src/main.o (sprintf)
/opt/st/stm32cubeide_1.19.0/plugins/com.st.stm32cube.ide.mcu.externaltools.gnu-tools-for-stm32.13.3.rel1.linux64_1.0.0.202410170706/tools/bin/../lib/gcc/arm-none-eabi/13.3.1/../../../../arm-none-eabi/lib/thumb/v7e-m+fp/hard/libc_nano.a(libc_a-stdio.o)
                              /opt/st/stm32cubeide_1.19.0/plugins/com.st.stm32cube.ide.mcu.externaltools.gnu-tools-for-stm32.13.3.rel1.linux64_1.0.0.202410170706/tools/bin/../lib/gcc/arm-none-eabi/13.3.1/../../../../arm-none-eabi/lib/thumb/v7e-m+fp/hard/libc_nano.a(libc_a-findfp.o) (__sread)
/opt/st/stm32cubeide_1.19.0/plugins/com.st.stm32cube.ide.mcu.externaltools.gnu-tools-for-stm32.13.3.rel1.linux64_1.0.0.202410170706/tools/bin/../lib/gcc/arm-none-eabi/13.3.1/../../../../arm-none-eabi/lib/thumb/v7e-m+fp/hard/libc_nano.a(libc_a-wbuf.o)
[...]
Memory Configuration

Name             Origin             Length             Attributes
RAM              0x20000000         0x00018000         xrw
RAM2             0x10000000         0x00008000         xrw
FLASH            0x08000000         0x00100000         xr
*default*        0x00000000         0xffffffff

Linker script and memory map

LOAD /opt/st/stm32cubeide_1.19.0/plugins/com.st.stm32cube.ide.mcu.externaltools.gnu-tools-for-stm32.13.3.rel1.linux64_1.0.0.202410170706/tools/bin/../lib/gcc/arm-none-eabi/13.3.1/thumb/v7e-m+fp/hard/crti.o
LOAD /opt/st/stm32cubeide_1.19.0/plugins/com.st.stm32cube.ide.mcu.externaltools.gnu-tools-for-stm32.13.3.rel1.linux64_1.0.0.202410170706/tools/bin/../lib/gcc/arm-none-eabi/13.3.1/thumb/v7e-m+fp/hard/crtbegin.o
LOAD /opt/st/stm32cubeide_1.19.0/plugins/com.st.stm32cube.ide.mcu.externaltools.gnu-tools-for-stm32.13.3.rel1.linux64_1.0.0.202410170706/tools/bin/../lib/gcc/arm-none-eabi/13.3.1/../../../../arm-none-eabi/lib/thumb/v7e-m+fp/hard/crt0.o
LOAD ./Core/Src/freertos.o
LOAD ./Core/Src/main.o
LOAD ./Core/Src/mqtt_priv.o
LOAD ./Core/Src/stm32l4xx_hal_msp.o
LOAD ./Core/Src/stm32l4xx_hal_timebase_tim.o
LOAD ./Core/Src/stm32l4xx_it.o
LOAD ./Core/Src/syscalls.o
LOAD ./Core/Src/sysmem.o
LOAD ./Core/Src/system_stm32l4xx.o
LOAD ./Core/Startup/startup_stm32l475vgtx.o
LOAD ./Drivers/BSP/src/es_wifi.o
LOAD ./Drivers/BSP/src/es_wifi_io.o
LOAD ./Drivers/BSP/src/hts221.o
LOAD ./Drivers/BSP/src/stm32l475e_iot01.o
LOAD ./Drivers/BSP/src/stm32l475e_iot01_hsensor.o
LOAD ./Drivers/BSP/src/stm32l475e_iot01_tsensor.o
LOAD ./Drivers/BSP/src/wifi.o
LOAD ./Drivers/STM32L4xx_HAL_Driver/Src/stm32l4xx_hal.o
LOAD ./Drivers/STM32L4xx_HAL_Driver/Src/stm32l4xx_hal_cortex.o
LOAD ./Drivers/STM32L4xx_HAL_Driver/Src/stm32l4xx_hal_dfsdm.o
LOAD ./Drivers/STM32L4xx_HAL_Driver/Src/stm32l4xx_hal_dma.o
LOAD ./Drivers/STM32L4xx_HAL_Driver/Src/stm32l4xx_hal_dma_ex.o
LOAD ./Drivers/STM32L4xx_HAL_Driver/Src/stm32l4xx_hal_exti.o
LOAD ./Drivers/STM32L4xx_HAL_Driver/Src/stm32l4xx_hal_flash.o
LOAD ./Drivers/STM32L4xx_HAL_Driver/Src/stm32l4xx_hal_flash_ex.o
LOAD ./Drivers/STM32L4xx_HAL_Driver/Src/stm32l4xx_hal_flash_ramfunc.o
LOAD ./Drivers/STM32L4xx_HAL_Driver/Src/stm32l4xx_hal_gpio.o
LOAD ./Drivers/STM32L4xx_HAL_Driver/Src/stm32l4xx_hal_i2c.o
LOAD ./Drivers/STM32L4xx_HAL_Driver/Src/stm32l4xx_hal_i2c_ex.o
LOAD ./Drivers/STM32L4xx_HAL_Driver/Src/stm32l4xx_hal_pcd.o
LOAD ./Drivers/STM32L4xx_HAL_Driver/Src/stm32l4xx_hal_pcd_ex.o
LOAD ./Drivers/STM32L4xx_HAL_Driver/Src/stm32l4xx_hal_pwr.o
LOAD ./Drivers/STM32L4xx_HAL_Driver/Src/stm32l4xx_hal_pwr_ex.o
LOAD ./Drivers/STM32L4xx_HAL_Driver/Src/stm32l4xx_hal_qspi.o
LOAD ./Drivers/STM32L4xx_HAL_Driver/Src/stm32l4xx_hal_rcc.o
LOAD ./Drivers/STM32L4xx_HAL_Driver/Src/stm32l4xx_hal_rcc_ex.o
LOAD ./Drivers/STM32L4xx_HAL_Driver/Src/stm32l4xx_hal_rtc.o
LOAD ./Drivers/STM32L4xx_HAL_Driver/Src/stm32l4xx_hal_rtc_ex.o
LOAD ./Drivers/STM32L4xx_HAL_Driver/Src/stm32l4xx_hal_spi.o
LOAD ./Drivers/STM32L4xx_HAL_Driver/Src/stm32l4xx_hal_spi_ex.o
LOAD ./Drivers/STM32L4xx_HAL_Driver/Src/stm32l4xx_hal_tim.o
LOAD ./Drivers/STM32L4xx_HAL_Driver/Src/stm32l4xx_hal_tim_ex.o
LOAD ./Drivers/STM32L4xx_HAL_Driver/Src/stm32l4xx_hal_uart.o
LOAD ./Drivers/STM32L4xx_HAL_Driver/Src/stm32l4xx_hal_uart_ex.o
LOAD ./Drivers/STM32L4xx_HAL_Driver/Src/stm32l4xx_ll_usb.o
LOAD ./Libraries/coreMQTT/source/core_mqtt.o
LOAD ./Libraries/coreMQTT/source/core_mqtt_serializer.o
LOAD ./Libraries/coreMQTT/source/core_mqtt_state.o
LOAD ./Libraries/coreMQTT/source/transport_interface.o
LOAD ./Middlewares/Third_Party/FreeRTOS/Source/CMSIS_RTOS_V2/cmsis_os2.o
LOAD ./Middlewares/Third_Party/FreeRTOS/Source/croutine.o
LOAD ./Middlewares/Third_Party/FreeRTOS/Source/event_groups.o
LOAD ./Middlewares/Third_Party/FreeRTOS/Source/list.o
LOAD ./Middlewares/Third_Party/FreeRTOS/Source/queue.o
LOAD ./Middlewares/Third_Party/FreeRTOS/Source/stream_buffer.o
LOAD ./Middlewares/Third_Party/FreeRTOS/Source/tasks.o
LOAD ./Middlewares/Third_Party/FreeRTOS/Source/timers.o
LOAD ./Middlewares/Third_Party/FreeRTOS/Source/portable/GCC/ARM_CM4F/port.o
LOAD ./Middlewares/Third_Party/FreeRTOS/Source/portable/MemMang/heap_4.o
START GROUP
LOAD /opt/st/stm32cubeide_1.19.0/plugins/com.st.stm32cube.ide.mcu.externaltools.gnu-tools-for-stm32.13.3.rel1.linux64_1.0.0.202410170706/tools/bin/../lib/gcc/arm-none-eabi/13.3.1/../../../../arm-none-eabi/lib/thumb/v7e-m+fp/hard/libc_nano.a
LOAD /opt/st/stm32cubeide_1.19.0/plugins/com.st.stm32cube.ide.mcu.externaltools.gnu-tools-for-stm32.13.3.rel1.linux64_1.0.0.202410170706/tools/bin/../lib/gcc/arm-none-eabi/13.3.1/../../../../arm-none-eabi/lib/thumb/v7e-m+fp/hard/libm.a
END GROUP
START GROUP
LOAD /opt/st/stm32cubeide_1.19.0/plugins/com.st.stm32cube.ide.mcu.externaltools.gnu-tools-for-stm32.13.3.rel1.linux64_1.0.0.202410170706/tools/bin/../lib/gcc/arm-none-eabi/13.3.1/thumb/v7e-m+fp/hard/libgcc.a
LOAD /opt/st/stm32cubeide_1.19.0/plugins/com.st.stm32cube.ide.mcu.externaltools.gnu-tools-for-stm32.13.3.rel1.linux64_1.0.0.202410170706/tools/bin/../lib/gcc/arm-none-eabi/13.3.1/../../../../arm-none-eabi/lib/thumb/v7e-m+fp/hard/libc_nano.a
END GROUP
START GROUP
LOAD /opt/st/stm32cubeide_1.19.0/plugins/com.st.stm32cube.ide.mcu.externaltools.gnu-tools-for-stm32.13.3.rel1.linux64_1.0.0.202410170706/tools/bin/../lib/gcc/arm-none-eabi/13.3.1/thumb/v7e-m+fp/hard/libgcc.a
LOAD /opt/st/stm32cubeide_1.19.0/plugins/com.st.stm32cube.ide.mcu.externaltools.gnu-tools-for-stm32.13.3.rel1.linux64_1.0.0.202410170706/tools/bin/../lib/gcc/arm-none-eabi/13.3.1/../../../../arm-none-eabi/lib/thumb/v7e-m+fp/hard/libc_nano.a
LOAD /opt/st/stm32cubeide_1.19.0/plugins/com.st.stm32cube.ide.mcu.externaltools.gnu-tools-for-stm32.13.3.rel1.linux64_1.0.0.202410170706/tools/bin/../lib/gcc/arm-none-eabi/13.3.1/../../../../arm-none-eabi/lib/thumb/v7e-m+fp/hard/libnosys.a
END GROUP
START GROUP
LOAD /opt/st/stm32cubeide_1.19.0/plugins/com.st.stm32cube.ide.mcu.externaltools.gnu-tools-for-stm32.13.3.rel1.linux64_1.0.0.202410170706/tools/bin/../lib/gcc/arm-none-eabi/13.3.1/thumb/v7e-m+fp/hard/libgcc.a
LOAD /opt/st/stm32cubeide_1.19.0/plugins/com.st.stm32cube.ide.mcu.externaltools.gnu-tools-for-stm32.13.3.rel1.linux64_1.0.0.202410170706/tools/bin/../lib/gcc/arm-none-eabi/13.3.1/../../../../arm-none-eabi/lib/thumb/v7e-m+fp/hard/libc_nano.a
LOAD /opt/st/stm32cubeide_1.19.0/plugins/com.st.stm32cube.ide.mcu.externaltools.gnu-tools-for-stm32.13.3.rel1.linux64_1.0.0.202410170706/tools/bin/../lib/gcc/arm-none-eabi/13.3.1/../../../../arm-none-eabi/lib/thumb/v7e-m+fp/hard/libnosys.a
END GROUP
LOAD /opt/st/stm32cubeide_1.19.0/plugins/com.st.stm32cube.ide.mcu.externaltools.gnu-tools-for-stm32.13.3.rel1.linux64_1.0.0.202410170706/tools/bin/../lib/gcc/arm-none-eabi/13.3.1/thumb/v7e-m+fp/hard/crtend.o
LOAD /opt/st/stm32cubeide_1.19.0/plugins/com.st.stm32cube.ide.mcu.externaltools.gnu-tools-for-stm32.13.3.rel1.linux64_1.0.0.202410170706/tools/bin/../lib/gcc/arm-none-eabi/13.3.1/thumb/v7e-m+fp/hard/crtn.o
                0x20018000                        _estack = (ORIGIN (RAM) + LENGTH (RAM))
                0x00000200                        _Min_Heap_Size = 0x200
                0x00000400                        _Min_Stack_Size = 0x400

.isr_vector     0x08000000      0x188
                0x08000000                        . = ALIGN (0x4)
 *(.isr_vector)
 .isr_vector    0x08000000      0x188 ./Core/Startup/startup_stm32l475vgtx.o
                0x08000000                g_pfnVectors
                0x08000188                        . = ALIGN (0x4)

.text           0x08000190    0x13030
                0x08000190                        . = ALIGN (0x4)
 *(.text)
 .text          0x08000190       0x40 /opt/st/stm32cubeide_1.19.0/plugins/com.st.stm32cube.ide.mcu.externaltools.gnu-tools-for-stm32.13.3.rel1.linux64_1.0.0.202410170706/tools/bin/../lib/gcc/arm-none-eabi/13.3.1/thumb/v7e-m+fp/hard/crtbegin.o
 .text          0x080001d0       0x10 /opt/st/stm32cubeide_1.19.0/plugins/com.st.stm32cube.ide.mcu.externaltools.gnu-tools-for-stm32.13.3.rel1.linux64_1.0.0.202410170706/tools/bin/../lib/gcc/arm-none-eabi/13.3.1/../../../../arm-none-eabi/lib/thumb/v7e-m+fp/hard/libc_nano.a(libc_a-strlen.o)
                0x080001d0                strlen
 .text          0x080001e0       0xa0 /opt/st/stm32cubeide_1.19.0/plugins/com.st.stm32cube.ide.mcu.externaltools.gnu-tools-for-stm32.13.3.rel1.linux64_1.0.0.202410170706/tools/bin/../lib/gcc/arm-none-eabi/13.3.1/../../../../arm-none-eabi/lib/thumb/v7e-m+fp/hard/libc_nano.a(libc_a-memchr.o)
                0x080001e0                memchr
 .text          0x08000280       0x30 /opt/st/stm32cubeide_1.19.0/plugins/com.st.stm32cube.ide.mcu.externaltools.gnu-tools-for-stm32.13.3.rel1.linux64_1.0.0.202410170706/tools/bin/../lib/gcc/arm-none-eabi/13.3.1/thumb/v7e-m+fp/hard/libgcc.a(_aeabi_uldivmod.o)
                0x08000280                __aeabi_uldivmod
 .text          0x080002b0      0x2f8 /opt/st/stm32cubeide_1.19.0/plugins/com.st.stm32cube.ide.mcu.externaltools.gnu-tools-for-stm32.13.3.rel1.linux64_1.0.0.202410170706/tools/bin/../lib/gcc/arm-none-eabi/13.3.1/thumb/v7e-m+fp/hard/libgcc.a(_udivmoddi4.o)
                0x080002b0                __udivmoddi4
 .text          0x080005a8        0x4 /opt/st/stm32cubeide_1.19.0/plugins/com.st.stm32cube.ide.mcu.externaltools.gnu-tools-for-stm32.13.3.rel1.linux64_1.0.0.202410170706/tools/bin/../lib/gcc/arm-none-eabi/13.3.1/thumb/v7e-m+fp/hard/libgcc.a(_dvmd_tls.o)
                0x080005a8                __aeabi_ldiv0
                0x080005a8                __aeabi_idiv0
 *(.text*)
 .text.ITM_SendChar
                0x080005ac       0x4e ./Core/Src/main.o
 *fill*         0x080005fa        0x2 
 .text.program_alarm_RTC
                0x080005fc       0xb4 ./Core/Src/main.o
                0x080005fc                program_alarm_RTC
 .text.get_timestamp
                0x080006b0       0x6c ./Core/Src/main.o
                0x080006b0                get_timestamp
 .text.wifi_start
                0x0800071c       0x70 ./Core/Src/main.o
 .text.wifi_connect
                0x0800078c       0x8c ./Core/Src/main.o
                0x0800078c                wifi_connect
 .text.main     0x08000818      0x118 ./Core/Src/main.o
                0x08000818                main
 .text.SystemClock_Config
                0x08000930       0xc8 ./Core/Src/main.o
                0x08000930                SystemClock_Config
 .text.MX_DFSDM1_Init
                0x080009f8       0x70 ./Core/Src/main.o
 .text.MX_I2C2_Init
                0x08000a68       0x80 ./Core/Src/main.o
 .text.MX_QUADSPI_Init
                0x08000ae8       0x4c ./Core/Src/main.o
 .text.MX_RTC_Init
                0x08000b34      0x120 ./Core/Src/main.o
 .text.MX_SPI3_Init
                0x08000c54       0x7c ./Core/Src/main.o
 .text.MX_USART1_UART_Init
                0x08000cd0       0x60 ./Core/Src/main.o
 .text.MX_USART3_UART_Init
                0x08000d30       0x60 ./Core/Src/main.o
 .text.MX_USB_OTG_FS_PCD_Init
                0x08000d90       0x5c ./Core/Src/main.o
 .text.MX_GPIO_Init
                0x08000dec      0x374 ./Core/Src/main.o
 .text._write   0x08001160       0x38 ./Core/Src/main.o
                0x08001160                _write
 .text.SPI3_IRQHandler
                0x08001198       0x14 ./Core/Src/main.o
                0x08001198                SPI3_IRQHandler
 .text.HAL_GPIO_EXTI_Callback
                0x080011ac       0x38 ./Core/Src/main.o
                0x080011ac                HAL_GPIO_EXTI_Callback
 .text.HAL_RTC_AlarmAEventCallback
                0x080011e4       0x20 ./Core/Src/main.o
                0x080011e4                HAL_RTC_AlarmAEventCallback
 .text.StartWifiTask
                0x08001204       0x68 ./Core/Src/main.o
                0x08001204                StartWifiTask
 .text.MQTT_TaskFun
                0x0800126c      0x128 ./Core/Src/main.o
                0x0800126c                MQTT_TaskFun
 .text.task_envReadFunc
                0x08001394      0x2a8 ./Core/Src/main.o
                0x08001394                task_envReadFunc
 .text.HAL_TIM_PeriodElapsedCallback
                0x0800163c       0x24 ./Core/Src/main.o
                0x0800163c                HAL_TIM_PeriodElapsedCallback
 .text.Error_Handler
                0x08001660        0xc ./Core/Src/main.o
                0x08001660                Error_Handler
 .text.prvConnectToServer
                0x0800166c       0x98 ./Core/Src/mqtt_priv.o
                0x0800166c                prvConnectToServer
 .text.prvCreateMQTTConnectionWithBroker
                0x08001704      0x100 ./Core/Src/mqtt_priv.o
                0x08001704                prvCreateMQTTConnectionWithBroker
 .text.prvMQTTPublishToTopic
                0x08001804       0x74 ./Core/Src/mqtt_priv.o
                0x08001804                prvMQTTPublishToTopic
 .text.prvMQTTProcessIncomingPublish
                0x08001878       0xe8 ./Core/Src/mqtt_priv.o
                0x08001878                prvMQTTProcessIncomingPublish
 .text.prvGetTimeMs
                0x08001960       0x30 ./Core/Src/mqtt_priv.o
                0x08001960                prvGetTimeMs
 .text.prvEventCallback
                0x08001990       0x2a ./Core/Src/mqtt_priv.o
                0x08001990                prvEventCallback
 *fill*         0x080019ba        0x2 
 .text.HAL_MspInit
                0x080019bc       0x50 ./Core/Src/stm32l4xx_hal_msp.o
                0x080019bc                HAL_MspInit
 .text.HAL_DFSDM_ChannelMspInit
                0x08001a0c       0xc8 ./Core/Src/stm32l4xx_hal_msp.o
                0x08001a0c                HAL_DFSDM_ChannelMspInit
 .text.HAL_I2C_MspInit
                0x08001ad4       0xbc ./Core/Src/stm32l4xx_hal_msp.o
                0x08001ad4                HAL_I2C_MspInit
 .text.HAL_I2C_MspDeInit
                0x08001b90       0x48 ./Core/Src/stm32l4xx_hal_msp.o
                0x08001b90                HAL_I2C_MspDeInit
 .text.HAL_QSPI_MspInit
                0x08001bd8       0x88 ./Core/Src/stm32l4xx_hal_msp.o
                0x08001bd8                HAL_QSPI_MspInit
 .text.HAL_RTC_MspInit
                0x08001c60       0x74 ./Core/Src/stm32l4xx_hal_msp.o
                0x08001c60                HAL_RTC_MspInit
 .text.HAL_SPI_MspInit
                0x08001cd4       0x98 ./Core/Src/stm32l4xx_hal_msp.o
                0x08001cd4                HAL_SPI_MspInit
 .text.HAL_SPI_MspDeInit
                0x08001d6c       0x44 ./Core/Src/stm32l4xx_hal_msp.o
                0x08001d6c                HAL_SPI_MspDeInit
 .text.HAL_UART_MspInit
                0x08001db0      0x148 ./Core/Src/stm32l4xx_hal_msp.o
                0x08001db0                HAL_UART_MspInit
 .text.HAL_PCD_MspInit
                0x08001ef8      0x138 ./Core/Src/stm32l4xx_hal_msp.o
                0x08001ef8                HAL_PCD_MspInit
 .text.HAL_InitTick
                0x08002030       0xf4 ./Core/Src/stm32l4xx_hal_timebase_tim.o
                0x08002030                HAL_InitTick
 .text.NMI_Handler
                0x08002124        0x8 ./Core/Src/stm32l4xx_it.o
                0x08002124                NMI_Handler
 .text.HardFault_Handler
                0x0800212c        0x8 ./Core/Src/stm32l4xx_it.o
                0x0800212c                HardFault_Handler
 .text.MemManage_Handler
                0x08002134        0x8 ./Core/Src/stm32l4xx_it.o
                0x08002134                MemManage_Handler
 .text.BusFault_Handler
                0x0800213c        0x8 ./Core/Src/stm32l4xx_it.o
                0x0800213c                BusFault_Handler
 .text.UsageFault_Handler
                0x08002144        0x8 ./Core/Src/stm32l4xx_it.o
                0x08002144                UsageFault_Handler
 .text.DebugMon_Handler
                0x0800214c        0xe ./Core/Src/stm32l4xx_it.o
                0x0800214c                DebugMon_Handler
 .text.EXTI1_IRQHandler
                0x0800215a        0xe ./Core/Src/stm32l4xx_it.o
                0x0800215a                EXTI1_IRQHandler
 .text.EXTI9_5_IRQHandler
                0x08002168       0x22 ./Core/Src/stm32l4xx_it.o
                0x08002168                EXTI9_5_IRQHandler
 .text.EXTI15_10_IRQHandler
                0x0800218a       0x30 ./Core/Src/stm32l4xx_it.o
                0x0800218a                EXTI15_10_IRQHandler
 *fill*         0x080021ba        0x2 
 .text.RTC_Alarm_IRQHandler
                0x080021bc       0x14 ./Core/Src/stm32l4xx_it.o
                0x080021bc                RTC_Alarm_IRQHandler
 .text.TIM6_DAC_IRQHandler
                0x080021d0       0x14 ./Core/Src/stm32l4xx_it.o
                0x080021d0                TIM6_DAC_IRQHandler
 .text._getpid  0x080021e4       0x10 ./Core/Src/syscalls.o
                0x080021e4                _getpid
 .text._kill    0x080021f4       0x20 ./Core/Src/syscalls.o
                0x080021f4                _kill
 .text._exit    0x08002214       0x16 ./Core/Src/syscalls.o
                0x08002214                _exit
 .text._read    0x0800222a       0x3a ./Core/Src/syscalls.o
                0x0800222a                _read
 .text._close   0x08002264       0x18 ./Core/Src/syscalls.o
                0x08002264                _close
 .text._fstat   0x0800227c       0x20 ./Core/Src/syscalls.o
                0x0800227c                _fstat
 .text._isatty  0x0800229c       0x16 ./Core/Src/syscalls.o
                0x0800229c                _isatty
 .text._lseek   0x080022b2       0x1a ./Core/Src/syscalls.o
                0x080022b2                _lseek
 .text._sbrk    0x080022cc       0x6c ./Core/Src/sysmem.o
                0x080022cc                _sbrk
 .text.SystemInit
                0x08002338       0x24 ./Core/Src/system_stm32l4xx.o
                0x08002338                SystemInit
 .text.Reset_Handler
                0x0800235c       0x50 ./Core/Startup/startup_stm32l475vgtx.o
                0x0800235c                Reset_Handler
 .text.Default_Handler
                0x080023ac        0x2 ./Core/Startup/startup_stm32l475vgtx.o
                0x080023ac                EXTI2_IRQHandler
                0x080023ac                TIM8_TRG_COM_IRQHandler
                0x080023ac                TIM8_CC_IRQHandler
                0x080023ac                TIM1_CC_IRQHandler
                0x080023ac                TSC_IRQHandler
                0x080023ac                TAMP_STAMP_IRQHandler
                0x080023ac                EXTI3_IRQHandler
                0x080023ac                LPTIM2_IRQHandler
                0x080023ac                DFSDM1_FLT1_IRQHandler
                0x080023ac                I2C3_ER_IRQHandler
                0x080023ac                DFSDM1_FLT2_IRQHandler
                0x080023ac                EXTI0_IRQHandler
                0x080023ac                I2C2_EV_IRQHandler
                0x080023ac                CAN1_RX0_IRQHandler
                0x080023ac                FPU_IRQHandler
                0x080023ac                TIM1_UP_TIM16_IRQHandler
                0x080023ac                ADC1_2_IRQHandler
                0x080023ac                SPI1_IRQHandler
                0x080023ac                TIM8_UP_IRQHandler
                0x080023ac                DMA2_Channel2_IRQHandler
                0x080023ac                DMA1_Channel4_IRQHandler
                0x080023ac                SAI2_IRQHandler
                0x080023ac                DFSDM1_FLT3_IRQHandler
                0x080023ac                USART3_IRQHandler
                0x080023ac                DMA1_Channel7_IRQHandler
                0x080023ac                CAN1_RX1_IRQHandler
                0x080023ac                UART5_IRQHandler
                0x080023ac                ADC3_IRQHandler
                0x080023ac                TIM4_IRQHandler
                0x080023ac                DMA2_Channel1_IRQHandler
                0x080023ac                QUADSPI_IRQHandler
                0x080023ac                I2C1_EV_IRQHandler
                0x080023ac                DMA1_Channel6_IRQHandler
                0x080023ac                UART4_IRQHandler
                0x080023ac                DMA2_Channel4_IRQHandler
                0x080023ac                TIM3_IRQHandler
                0x080023ac                RCC_IRQHandler
                0x080023ac                DMA1_Channel1_IRQHandler
                0x080023ac                Default_Handler
                0x080023ac                DMA2_Channel7_IRQHandler
                0x080023ac                TIM7_IRQHandler
                0x080023ac                SDMMC1_IRQHandler
                0x080023ac                TIM5_IRQHandler
                0x080023ac                I2C3_EV_IRQHandler
                0x080023ac                RTC_WKUP_IRQHandler
                0x080023ac                PVD_PVM_IRQHandler
                0x080023ac                SPI2_IRQHandler
                0x080023ac                CAN1_TX_IRQHandler
                0x080023ac                DMA2_Channel5_IRQHandler
                0x080023ac                DMA1_Channel5_IRQHandler
                0x080023ac                EXTI4_IRQHandler
                0x080023ac                RNG_IRQHandler
                0x080023ac                TIM1_TRG_COM_TIM17_IRQHandler
                0x080023ac                DMA1_Channel3_IRQHandler
                0x080023ac                COMP_IRQHandler
                0x080023ac                WWDG_IRQHandler
                0x080023ac                LPUART1_IRQHandler
                0x080023ac                DMA2_Channel6_IRQHandler
                0x080023ac                TIM2_IRQHandler
                0x080023ac                USART2_IRQHandler
                0x080023ac                DFSDM1_FLT0_IRQHandler
                0x080023ac                I2C2_ER_IRQHandler
                0x080023ac                DMA1_Channel2_IRQHandler
                0x080023ac                TIM8_BRK_IRQHandler
                0x080023ac                CAN1_SCE_IRQHandler
                0x080023ac                FLASH_IRQHandler
                0x080023ac                USART1_IRQHandler
                0x080023ac                OTG_FS_IRQHandler
                0x080023ac                I2C1_ER_IRQHandler
                0x080023ac                FMC_IRQHandler
                0x080023ac                SWPMI1_IRQHandler
                0x080023ac                LPTIM1_IRQHandler
                0x080023ac                SAI1_IRQHandler
                0x080023ac                DMA2_Channel3_IRQHandler
                0x080023ac                TIM1_BRK_TIM15_IRQHandler
 .text.Hex2Num  0x080023ae       0x54 ./Drivers/BSP/src/es_wifi.o
 .text.ParseHexNumber
                0x08002402       0x80 ./Drivers/BSP/src/es_wifi.o
 .text.ParseNumber
                0x08002482       0x88 ./Drivers/BSP/src/es_wifi.o
 .text.ParseMAC
                0x0800250a       0x56 ./Drivers/BSP/src/es_wifi.o
 .text.ParseIP  0x08002560       0x56 ./Drivers/BSP/src/es_wifi.o
 *fill*         0x080025b6        0x2 
 .text.AT_ParseInfo
                0x080025b8       0xec ./Drivers/BSP/src/es_wifi.o
 .text.AT_ParseConnSettings
                0x080026a4      0x160 ./Drivers/BSP/src/es_wifi.o
 .text.AT_ParseIsConnected
                0x08002804       0x2c ./Drivers/BSP/src/es_wifi.o
 .text.AT_ExecuteCommand
                0x08002830       0xcc ./Drivers/BSP/src/es_wifi.o
 .text.AT_RequestSendData
                0x080028fc       0xec ./Drivers/BSP/src/es_wifi.o
 .text.AT_RequestReceiveData
                0x080029e8      0x12c ./Drivers/BSP/src/es_wifi.o
 .text.ES_WIFI_Init
                0x08002b14       0x5c ./Drivers/BSP/src/es_wifi.o
                0x08002b14                ES_WIFI_Init
 .text.ES_WIFI_RegisterBusIO
                0x08002b70       0x66 ./Drivers/BSP/src/es_wifi.o
                0x08002b70                ES_WIFI_RegisterBusIO
 *fill*         0x08002bd6        0x2 
 .text.ES_WIFI_Connect
                0x08002bd8       0xf0 ./Drivers/BSP/src/es_wifi.o
                0x08002bd8                ES_WIFI_Connect
 .text.ES_WIFI_IsConnected
                0x08002cc8       0x58 ./Drivers/BSP/src/es_wifi.o
                0x08002cc8                ES_WIFI_IsConnected
 .text.ES_WIFI_GetNetworkSettings
                0x08002d20       0x54 ./Drivers/BSP/src/es_wifi.o
                0x08002d20                ES_WIFI_GetNetworkSettings
 .text.ES_WIFI_GetMACAddress
                0x08002d74       0x64 ./Drivers/BSP/src/es_wifi.o
                0x08002d74                ES_WIFI_GetMACAddress
 .text.ES_WIFI_StartClientConnection
                0x08002dd8      0x1d4 ./Drivers/BSP/src/es_wifi.o
                0x08002dd8                ES_WIFI_StartClientConnection
 .text.ES_WIFI_SendData
                0x08002fac      0x178 ./Drivers/BSP/src/es_wifi.o
                0x08002fac                ES_WIFI_SendData
 .text.ES_WIFI_ReceiveData
                0x08003124      0x180 ./Drivers/BSP/src/es_wifi.o
                0x08003124                ES_WIFI_ReceiveData
 .text.SPI_WIFI_MspInit
                0x080032a4      0x178 ./Drivers/BSP/src/es_wifi_io.o
                0x080032a4                SPI_WIFI_MspInit
 .text.SPI_WIFI_Init
                0x0800341c       0xbc ./Drivers/BSP/src/es_wifi_io.o
                0x0800341c                SPI_WIFI_Init
 .text.SPI_WIFI_ResetModule
                0x080034d8       0xe0 ./Drivers/BSP/src/es_wifi_io.o
                0x080034d8                SPI_WIFI_ResetModule
 .text.SPI_WIFI_DeInit
                0x080035b8       0x14 ./Drivers/BSP/src/es_wifi_io.o
                0x080035b8                SPI_WIFI_DeInit
 .text.wait_cmddata_rdy_high
                0x080035cc       0x44 ./Drivers/BSP/src/es_wifi_io.o
 .text.wait_cmddata_rdy_rising_event
                0x08003610       0x40 ./Drivers/BSP/src/es_wifi_io.o
 .text.wait_spi_rx_event
                0x08003650       0x40 ./Drivers/BSP/src/es_wifi_io.o
 .text.wait_spi_tx_event
                0x08003690       0x40 ./Drivers/BSP/src/es_wifi_io.o
 .text.SPI_WIFI_ReceiveData
                0x080036d0       0xf4 ./Drivers/BSP/src/es_wifi_io.o
                0x080036d0                SPI_WIFI_ReceiveData
 .text.SPI_WIFI_SendData
                0x080037c4       0xdc ./Drivers/BSP/src/es_wifi_io.o
                0x080037c4                SPI_WIFI_SendData
 .text.SPI_WIFI_Delay
                0x080038a0       0x16 ./Drivers/BSP/src/es_wifi_io.o
                0x080038a0                SPI_WIFI_Delay
 *fill*         0x080038b6        0x2 
 .text.SPI_WIFI_DelayUs
                0x080038b8       0xa4 ./Drivers/BSP/src/es_wifi_io.o
 .text.HAL_SPI_RxCpltCallback
                0x0800395c       0x28 ./Drivers/BSP/src/es_wifi_io.o
                0x0800395c                HAL_SPI_RxCpltCallback
 .text.HAL_SPI_TxCpltCallback
                0x08003984       0x28 ./Drivers/BSP/src/es_wifi_io.o
                0x08003984                HAL_SPI_TxCpltCallback
 .text.SPI_WIFI_ISR
                0x080039ac       0x20 ./Drivers/BSP/src/es_wifi_io.o
                0x080039ac                SPI_WIFI_ISR
 .text.HTS221_H_Init
                0x080039cc       0x58 ./Drivers/BSP/src/hts221.o
                0x080039cc                HTS221_H_Init
 .text.HTS221_H_ReadID
                0x08003a24       0x2c ./Drivers/BSP/src/hts221.o
                0x08003a24                HTS221_H_ReadID
 .text.HTS221_H_ReadHumidity
                0x08003a50      0x13c ./Drivers/BSP/src/hts221.o
                0x08003a50                HTS221_H_ReadHumidity
 .text.HTS221_T_Init
                0x08003b8c       0x5a ./Drivers/BSP/src/hts221.o
                0x08003b8c                HTS221_T_Init
 .text.HTS221_T_ReadTemp
                0x08003be6      0x118 ./Drivers/BSP/src/hts221.o
                0x08003be6                HTS221_T_ReadTemp
 *fill*         0x08003cfe        0x2 
 .text.BSP_LED_On
                0x08003d00       0x2c ./Drivers/BSP/src/stm32l475e_iot01.o
                0x08003d00                BSP_LED_On
 .text.BSP_LED_Off
                0x08003d2c       0x2c ./Drivers/BSP/src/stm32l475e_iot01.o
                0x08003d2c                BSP_LED_Off
 .text.I2Cx_MspInit
                0x08003d58       0xb0 ./Drivers/BSP/src/stm32l475e_iot01.o
 .text.I2Cx_Init
                0x08003e08       0x5c ./Drivers/BSP/src/stm32l475e_iot01.o
 .text.I2Cx_ReadMultiple
                0x08003e64       0x5a ./Drivers/BSP/src/stm32l475e_iot01.o
 .text.I2Cx_WriteMultiple
                0x08003ebe       0x5a ./Drivers/BSP/src/stm32l475e_iot01.o
 .text.I2Cx_Error
                0x08003f18       0x20 ./Drivers/BSP/src/stm32l475e_iot01.o
 .text.SENSOR_IO_Init
                0x08003f38       0x14 ./Drivers/BSP/src/stm32l475e_iot01.o
                0x08003f38                SENSOR_IO_Init
 .text.SENSOR_IO_Write
                0x08003f4c       0x34 ./Drivers/BSP/src/stm32l475e_iot01.o
                0x08003f4c                SENSOR_IO_Write
 .text.SENSOR_IO_Read
                0x08003f80       0x3c ./Drivers/BSP/src/stm32l475e_iot01.o
                0x08003f80                SENSOR_IO_Read
 .text.SENSOR_IO_ReadMultiple
                0x08003fbc       0x3c ./Drivers/BSP/src/stm32l475e_iot01.o
                0x08003fbc                SENSOR_IO_ReadMultiple
 .text.BSP_HSENSOR_Init
                0x08003ff8       0x40 ./Drivers/BSP/src/stm32l475e_iot01_hsensor.o
                0x08003ff8                BSP_HSENSOR_Init
 .text.BSP_HSENSOR_ReadHumidity
                0x08004038       0x1c ./Drivers/BSP/src/stm32l475e_iot01_hsensor.o
                0x08004038                BSP_HSENSOR_ReadHumidity
 .text.BSP_TSENSOR_Init
                0x08004054       0x38 ./Drivers/BSP/src/stm32l475e_iot01_tsensor.o
                0x08004054                BSP_TSENSOR_Init
 .text.BSP_TSENSOR_ReadTemp
                0x0800408c       0x1c ./Drivers/BSP/src/stm32l475e_iot01_tsensor.o
                0x0800408c                BSP_TSENSOR_ReadTemp
 .text.WIFI_Init
                0x080040a8       0x58 ./Drivers/BSP/src/wifi.o
                0x080040a8                WIFI_Init
 .text.WIFI_Connect
                0x08004100       0x44 ./Drivers/BSP/src/wifi.o
                0x08004100                WIFI_Connect
 .text.WIFI_GetMAC_Address
                0x08004144       0x2c ./Drivers/BSP/src/wifi.o
                0x08004144                WIFI_GetMAC_Address
 .text.WIFI_GetIP_Address
                0x08004170       0x38 ./Drivers/BSP/src/wifi.o
                0x08004170                WIFI_GetIP_Address
 .text.WIFI_OpenClientConnection
                0x080041a8       0x74 ./Drivers/BSP/src/wifi.o
                0x080041a8                WIFI_OpenClientConnection
 .text.HAL_Init
                0x0800421c       0x30 ./Drivers/STM32L4xx_HAL_Driver/Src/stm32l4xx_hal.o
                0x0800421c                HAL_Init
 .text.HAL_IncTick
                0x0800424c       0x28 ./Drivers/STM32L4xx_HAL_Driver/Src/stm32l4xx_hal.o
                0x0800424c                HAL_IncTick
 .text.HAL_GetTick
                0x08004274       0x18 ./Drivers/STM32L4xx_HAL_Driver/Src/stm32l4xx_hal.o
                0x08004274                HAL_GetTick
 .text.HAL_Delay
                0x0800428c       0x48 ./Drivers/STM32L4xx_HAL_Driver/Src/stm32l4xx_hal.o
                0x0800428c                HAL_Delay
 .text.__NVIC_SetPriorityGrouping
                0x080042d4       0x48 ./Drivers/STM32L4xx_HAL_Driver/Src/stm32l4xx_hal_cortex.o
 .text.__NVIC_GetPriorityGrouping
                0x0800431c       0x1c ./Drivers/STM32L4xx_HAL_Driver/Src/stm32l4xx_hal_cortex.o
 .text.__NVIC_EnableIRQ
                0x08004338       0x3c ./Drivers/STM32L4xx_HAL_Driver/Src/stm32l4xx_hal_cortex.o
 .text.__NVIC_DisableIRQ
                0x08004374       0x48 ./Drivers/STM32L4xx_HAL_Driver/Src/stm32l4xx_hal_cortex.o
 .text.__NVIC_SetPriority
                0x080043bc       0x54 ./Drivers/STM32L4xx_HAL_Driver/Src/stm32l4xx_hal_cortex.o
 .text.NVIC_EncodePriority
                0x08004410       0x66 ./Drivers/STM32L4xx_HAL_Driver/Src/stm32l4xx_hal_cortex.o
 .text.HAL_NVIC_SetPriorityGrouping
                0x08004476       0x16 ./Drivers/STM32L4xx_HAL_Driver/Src/stm32l4xx_hal_cortex.o
                0x08004476                HAL_NVIC_SetPriorityGrouping
 .text.HAL_NVIC_SetPriority
                0x0800448c       0x38 ./Drivers/STM32L4xx_HAL_Driver/Src/stm32l4xx_hal_cortex.o
                0x0800448c                HAL_NVIC_SetPriority
 .text.HAL_NVIC_EnableIRQ
                0x080044c4       0x1c ./Drivers/STM32L4xx_HAL_Driver/Src/stm32l4xx_hal_cortex.o
                0x080044c4                HAL_NVIC_EnableIRQ
 .text.HAL_NVIC_DisableIRQ
                0x080044e0       0x1c ./Drivers/STM32L4xx_HAL_Driver/Src/stm32l4xx_hal_cortex.o
                0x080044e0                HAL_NVIC_DisableIRQ
 .text.HAL_DFSDM_ChannelInit
                0x080044fc      0x180 ./Drivers/STM32L4xx_HAL_Driver/Src/stm32l4xx_hal_dfsdm.o
                0x080044fc                HAL_DFSDM_ChannelInit
 .text.DFSDM_GetChannelFromInstance
                0x0800467c       0x98 ./Drivers/STM32L4xx_HAL_Driver/Src/stm32l4xx_hal_dfsdm.o
 .text.HAL_DMA_Abort_IT
                0x08004714       0x82 ./Drivers/STM32L4xx_HAL_Driver/Src/stm32l4xx_hal_dma.o
                0x08004714                HAL_DMA_Abort_IT
 *fill*         0x08004796        0x2 
 .text.HAL_GPIO_Init
                0x08004798      0x354 ./Drivers/STM32L4xx_HAL_Driver/Src/stm32l4xx_hal_gpio.o
                0x08004798                HAL_GPIO_Init
 .text.HAL_GPIO_DeInit
                0x08004aec      0x1e8 ./Drivers/STM32L4xx_HAL_Driver/Src/stm32l4xx_hal_gpio.o
                0x08004aec                HAL_GPIO_DeInit
 .text.HAL_GPIO_ReadPin
                0x08004cd4       0x30 ./Drivers/STM32L4xx_HAL_Driver/Src/stm32l4xx_hal_gpio.o
                0x08004cd4                HAL_GPIO_ReadPin
 .text.HAL_GPIO_WritePin
                0x08004d04       0x30 ./Drivers/STM32L4xx_HAL_Driver/Src/stm32l4xx_hal_gpio.o
                0x08004d04                HAL_GPIO_WritePin
 .text.HAL_GPIO_EXTI_IRQHandler
                0x08004d34       0x30 ./Drivers/STM32L4xx_HAL_Driver/Src/stm32l4xx_hal_gpio.o
                0x08004d34                HAL_GPIO_EXTI_IRQHandler
 .text.HAL_I2C_Init
                0x08004d64      0x136 ./Drivers/STM32L4xx_HAL_Driver/Src/stm32l4xx_hal_i2c.o
                0x08004d64                HAL_I2C_Init
 .text.HAL_I2C_DeInit
                0x08004e9a       0x5e ./Drivers/STM32L4xx_HAL_Driver/Src/stm32l4xx_hal_i2c.o
                0x08004e9a                HAL_I2C_DeInit
 .text.HAL_I2C_Mem_Write
                0x08004ef8      0x228 ./Drivers/STM32L4xx_HAL_Driver/Src/stm32l4xx_hal_i2c.o
                0x08004ef8                HAL_I2C_Mem_Write
 .text.HAL_I2C_Mem_Read
                0x08005120      0x234 ./Drivers/STM32L4xx_HAL_Driver/Src/stm32l4xx_hal_i2c.o
                0x08005120                HAL_I2C_Mem_Read
 .text.I2C_RequestMemoryWrite
                0x08005354       0xa8 ./Drivers/STM32L4xx_HAL_Driver/Src/stm32l4xx_hal_i2c.o
 .text.I2C_RequestMemoryRead
                0x080053fc       0xa8 ./Drivers/STM32L4xx_HAL_Driver/Src/stm32l4xx_hal_i2c.o
 .text.I2C_Flush_TXDR
                0x080054a4       0x48 ./Drivers/STM32L4xx_HAL_Driver/Src/stm32l4xx_hal_i2c.o
 .text.I2C_WaitOnFlagUntilTimeout
                0x080054ec       0xb2 ./Drivers/STM32L4xx_HAL_Driver/Src/stm32l4xx_hal_i2c.o
 .text.I2C_WaitOnTXISFlagUntilTimeout
                0x0800559e       0x8e ./Drivers/STM32L4xx_HAL_Driver/Src/stm32l4xx_hal_i2c.o
 .text.I2C_WaitOnSTOPFlagUntilTimeout
                0x0800562c       0x86 ./Drivers/STM32L4xx_HAL_Driver/Src/stm32l4xx_hal_i2c.o
 *fill*         0x080056b2        0x2 
 .text.I2C_IsErrorOccurred
                0x080056b4      0x1c0 ./Drivers/STM32L4xx_HAL_Driver/Src/stm32l4xx_hal_i2c.o
 .text.I2C_TransferConfig
                0x08005874       0x64 ./Drivers/STM32L4xx_HAL_Driver/Src/stm32l4xx_hal_i2c.o
 .text.HAL_I2CEx_ConfigAnalogFilter
                0x080058d8       0x96 ./Drivers/STM32L4xx_HAL_Driver/Src/stm32l4xx_hal_i2c_ex.o
                0x080058d8                HAL_I2CEx_ConfigAnalogFilter
 .text.HAL_I2CEx_ConfigDigitalFilter
                0x0800596e       0x98 ./Drivers/STM32L4xx_HAL_Driver/Src/stm32l4xx_hal_i2c_ex.o
                0x0800596e                HAL_I2CEx_ConfigDigitalFilter
 .text.HAL_PCD_Init
                0x08005a06      0x21e ./Drivers/STM32L4xx_HAL_Driver/Src/stm32l4xx_hal_pcd.o
                0x08005a06                HAL_PCD_Init
 .text.HAL_PCDEx_ActivateLPM
                0x08005c24       0x48 ./Drivers/STM32L4xx_HAL_Driver/Src/stm32l4xx_hal_pcd_ex.o
                0x08005c24                HAL_PCDEx_ActivateLPM
 .text.HAL_PWR_EnableBkUpAccess
                0x08005c6c       0x20 ./Drivers/STM32L4xx_HAL_Driver/Src/stm32l4xx_hal_pwr.o
                0x08005c6c                HAL_PWR_EnableBkUpAccess
 .text.HAL_PWREx_GetVoltageRange
                0x08005c8c       0x1c ./Drivers/STM32L4xx_HAL_Driver/Src/stm32l4xx_hal_pwr_ex.o
                0x08005c8c                HAL_PWREx_GetVoltageRange
 .text.HAL_PWREx_ControlVoltageScaling
                0x08005ca8       0xac ./Drivers/STM32L4xx_HAL_Driver/Src/stm32l4xx_hal_pwr_ex.o
                0x08005ca8                HAL_PWREx_ControlVoltageScaling
 .text.HAL_PWREx_EnableVddUSB
                0x08005d54       0x20 ./Drivers/STM32L4xx_HAL_Driver/Src/stm32l4xx_hal_pwr_ex.o
                0x08005d54                HAL_PWREx_EnableVddUSB
 .text.HAL_QSPI_Init
                0x08005d74       0xec ./Drivers/STM32L4xx_HAL_Driver/Src/stm32l4xx_hal_qspi.o
                0x08005d74                HAL_QSPI_Init
 .text.HAL_QSPI_SetTimeout
                0x08005e60       0x1c ./Drivers/STM32L4xx_HAL_Driver/Src/stm32l4xx_hal_qspi.o
                0x08005e60                HAL_QSPI_SetTimeout
 .text.QSPI_WaitFlagStateUntilTimeout
                0x08005e7c       0x6e ./Drivers/STM32L4xx_HAL_Driver/Src/stm32l4xx_hal_qspi.o
 *fill*         0x08005eea        0x2 
 .text.HAL_RCC_OscConfig
                0x08005eec      0x7b8 ./Drivers/STM32L4xx_HAL_Driver/Src/stm32l4xx_hal_rcc.o
                0x08005eec                HAL_RCC_OscConfig
 .text.HAL_RCC_ClockConfig
                0x080066a4      0x200 ./Drivers/STM32L4xx_HAL_Driver/Src/stm32l4xx_hal_rcc.o
                0x080066a4                HAL_RCC_ClockConfig
 .text.HAL_RCC_GetSysClockFreq
                0x080068a4      0x118 ./Drivers/STM32L4xx_HAL_Driver/Src/stm32l4xx_hal_rcc.o
                0x080068a4                HAL_RCC_GetSysClockFreq
 .text.HAL_RCC_GetHCLKFreq
                0x080069bc       0x18 ./Drivers/STM32L4xx_HAL_Driver/Src/stm32l4xx_hal_rcc.o
                0x080069bc                HAL_RCC_GetHCLKFreq
 .text.HAL_RCC_GetPCLK1Freq
                0x080069d4       0x2c ./Drivers/STM32L4xx_HAL_Driver/Src/stm32l4xx_hal_rcc.o
                0x080069d4                HAL_RCC_GetPCLK1Freq
 .text.HAL_RCC_GetPCLK2Freq
                0x08006a00       0x2c ./Drivers/STM32L4xx_HAL_Driver/Src/stm32l4xx_hal_rcc.o
                0x08006a00                HAL_RCC_GetPCLK2Freq
 .text.HAL_RCC_GetClockConfig
                0x08006a2c       0x64 ./Drivers/STM32L4xx_HAL_Driver/Src/stm32l4xx_hal_rcc.o
                0x08006a2c                HAL_RCC_GetClockConfig
 .text.RCC_SetFlashLatencyFromMSIRange
                0x08006a90       0xc0 ./Drivers/STM32L4xx_HAL_Driver/Src/stm32l4xx_hal_rcc.o
 .text.HAL_RCCEx_PeriphCLKConfig
                0x08006b50      0x5d4 ./Drivers/STM32L4xx_HAL_Driver/Src/stm32l4xx_hal_rcc_ex.o
                0x08006b50                HAL_RCCEx_PeriphCLKConfig
 .text.HAL_RCCEx_EnableMSIPLLMode
                0x08007124       0x20 ./Drivers/STM32L4xx_HAL_Driver/Src/stm32l4xx_hal_rcc_ex.o
                0x08007124                HAL_RCCEx_EnableMSIPLLMode
 .text.RCCEx_PLLSAI1_Config
                0x08007144      0x1e8 ./Drivers/STM32L4xx_HAL_Driver/Src/stm32l4xx_hal_rcc_ex.o
 .text.RCCEx_PLLSAI2_Config
                0x0800732c      0x1bc ./Drivers/STM32L4xx_HAL_Driver/Src/stm32l4xx_hal_rcc_ex.o
 .text.HAL_RTC_Init
                0x080074e8      0x110 ./Drivers/STM32L4xx_HAL_Driver/Src/stm32l4xx_hal_rtc.o
                0x080074e8                HAL_RTC_Init
 .text.HAL_RTC_SetTime
                0x080075f8      0x13a ./Drivers/STM32L4xx_HAL_Driver/Src/stm32l4xx_hal_rtc.o
                0x080075f8                HAL_RTC_SetTime
 .text.HAL_RTC_GetTime
                0x08007732       0xb8 ./Drivers/STM32L4xx_HAL_Driver/Src/stm32l4xx_hal_rtc.o
                0x08007732                HAL_RTC_GetTime
 .text.HAL_RTC_SetDate
                0x080077ea      0x10e ./Drivers/STM32L4xx_HAL_Driver/Src/stm32l4xx_hal_rtc.o
                0x080077ea                HAL_RTC_SetDate
 .text.HAL_RTC_GetDate
                0x080078f8       0x9a ./Drivers/STM32L4xx_HAL_Driver/Src/stm32l4xx_hal_rtc.o
                0x080078f8                HAL_RTC_GetDate
 *fill*         0x08007992        0x2 
 .text.HAL_RTC_SetAlarm_IT
                0x08007994      0x278 ./Drivers/STM32L4xx_HAL_Driver/Src/stm32l4xx_hal_rtc.o
                0x08007994                HAL_RTC_SetAlarm_IT
 .text.HAL_RTC_AlarmIRQHandler
                0x08007c0c       0x8c ./Drivers/STM32L4xx_HAL_Driver/Src/stm32l4xx_hal_rtc.o
                0x08007c0c                HAL_RTC_AlarmIRQHandler
 .text.HAL_RTC_WaitForSynchro
                0x08007c98       0x48 ./Drivers/STM32L4xx_HAL_Driver/Src/stm32l4xx_hal_rtc.o
                0x08007c98                HAL_RTC_WaitForSynchro
 .text.RTC_EnterInitMode
                0x08007ce0       0x66 ./Drivers/STM32L4xx_HAL_Driver/Src/stm32l4xx_hal_rtc.o
                0x08007ce0                RTC_EnterInitMode
 *fill*         0x08007d46        0x2 
 .text.RTC_ExitInitMode
                0x08007d48       0x7c ./Drivers/STM32L4xx_HAL_Driver/Src/stm32l4xx_hal_rtc.o
                0x08007d48                RTC_ExitInitMode
 .text.RTC_ByteToBcd2
                0x08007dc4       0x40 ./Drivers/STM32L4xx_HAL_Driver/Src/stm32l4xx_hal_rtc.o
                0x08007dc4                RTC_ByteToBcd2
 .text.RTC_Bcd2ToByte
                0x08007e04       0x34 ./Drivers/STM32L4xx_HAL_Driver/Src/stm32l4xx_hal_rtc.o
                0x08007e04                RTC_Bcd2ToByte
 .text.HAL_RTCEx_AlarmBEventCallback
                0x08007e38       0x14 ./Drivers/STM32L4xx_HAL_Driver/Src/stm32l4xx_hal_rtc_ex.o
                0x08007e38                HAL_RTCEx_AlarmBEventCallback
 .text.HAL_SPI_Init
                0x08007e4c      0x146 ./Drivers/STM32L4xx_HAL_Driver/Src/stm32l4xx_hal_spi.o
                0x08007e4c                HAL_SPI_Init
 .text.HAL_SPI_DeInit
                0x08007f92       0x50 ./Drivers/STM32L4xx_HAL_Driver/Src/stm32l4xx_hal_spi.o
                0x08007f92                HAL_SPI_DeInit
 .text.HAL_SPI_Receive
                0x08007fe2      0x270 ./Drivers/STM32L4xx_HAL_Driver/Src/stm32l4xx_hal_spi.o
                0x08007fe2                HAL_SPI_Receive
 .text.HAL_SPI_TransmitReceive
                0x08008252      0x43e ./Drivers/STM32L4xx_HAL_Driver/Src/stm32l4xx_hal_spi.o
                0x08008252                HAL_SPI_TransmitReceive
 .text.HAL_SPI_Transmit_IT
                0x08008690      0x110 ./Drivers/STM32L4xx_HAL_Driver/Src/stm32l4xx_hal_spi.o
                0x08008690                HAL_SPI_Transmit_IT
 .text.HAL_SPI_Receive_IT
                0x080087a0      0x154 ./Drivers/STM32L4xx_HAL_Driver/Src/stm32l4xx_hal_spi.o
                0x080087a0                HAL_SPI_Receive_IT
 .text.HAL_SPI_TransmitReceive_IT
                0x080088f4      0x154 ./Drivers/STM32L4xx_HAL_Driver/Src/stm32l4xx_hal_spi.o
                0x080088f4                HAL_SPI_TransmitReceive_IT
 .text.HAL_SPI_IRQHandler
                0x08008a48      0x200 ./Drivers/STM32L4xx_HAL_Driver/Src/stm32l4xx_hal_spi.o
                0x08008a48                HAL_SPI_IRQHandler
 .text.HAL_SPI_TxRxCpltCallback
                0x08008c48       0x14 ./Drivers/STM32L4xx_HAL_Driver/Src/stm32l4xx_hal_spi.o
                0x08008c48                HAL_SPI_TxRxCpltCallback
 .text.HAL_SPI_ErrorCallback
                0x08008c5c       0x14 ./Drivers/STM32L4xx_HAL_Driver/Src/stm32l4xx_hal_spi.o
                0x08008c5c                HAL_SPI_ErrorCallback
 .text.SPI_DMAAbortOnError
                0x08008c70       0x2a ./Drivers/STM32L4xx_HAL_Driver/Src/stm32l4xx_hal_spi.o
 .text.SPI_2linesRxISR_8BIT
                0x08008c9a       0xbe ./Drivers/STM32L4xx_HAL_Driver/Src/stm32l4xx_hal_spi.o
 .text.SPI_2linesTxISR_8BIT
                0x08008d58       0x92 ./Drivers/STM32L4xx_HAL_Driver/Src/stm32l4xx_hal_spi.o
 .text.SPI_2linesRxISR_16BIT
                0x08008dea       0x66 ./Drivers/STM32L4xx_HAL_Driver/Src/stm32l4xx_hal_spi.o
 .text.SPI_2linesTxISR_16BIT
                0x08008e50       0x60 ./Drivers/STM32L4xx_HAL_Driver/Src/stm32l4xx_hal_spi.o
 .text.SPI_RxISR_8BIT
                0x08008eb0       0x50 ./Drivers/STM32L4xx_HAL_Driver/Src/stm32l4xx_hal_spi.o
 .text.SPI_RxISR_16BIT
                0x08008f00       0x4c ./Drivers/STM32L4xx_HAL_Driver/Src/stm32l4xx_hal_spi.o
 .text.SPI_TxISR_8BIT
                0x08008f4c       0x46 ./Drivers/STM32L4xx_HAL_Driver/Src/stm32l4xx_hal_spi.o
 .text.SPI_TxISR_16BIT
                0x08008f92       0x44 ./Drivers/STM32L4xx_HAL_Driver/Src/stm32l4xx_hal_spi.o
 *fill*         0x08008fd6        0x2 
 .text.SPI_WaitFlagStateUntilTimeout
                0x08008fd8      0x110 ./Drivers/STM32L4xx_HAL_Driver/Src/stm32l4xx_hal_spi.o
 .text.SPI_WaitFifoStateUntilTimeout
                0x080090e8      0x12c ./Drivers/STM32L4xx_HAL_Driver/Src/stm32l4xx_hal_spi.o
 .text.SPI_EndRxTransaction
                0x08009214       0xb0 ./Drivers/STM32L4xx_HAL_Driver/Src/stm32l4xx_hal_spi.o
 .text.SPI_EndRxTxTransaction
                0x080092c4       0x8c ./Drivers/STM32L4xx_HAL_Driver/Src/stm32l4xx_hal_spi.o
 .text.SPI_CloseRxTx_ISR
                0x08009350       0x84 ./Drivers/STM32L4xx_HAL_Driver/Src/stm32l4xx_hal_spi.o
 .text.SPI_CloseRx_ISR
                0x080093d4       0x60 ./Drivers/STM32L4xx_HAL_Driver/Src/stm32l4xx_hal_spi.o
 .text.SPI_CloseTx_ISR
                0x08009434       0x7e ./Drivers/STM32L4xx_HAL_Driver/Src/stm32l4xx_hal_spi.o
 .text.HAL_TIM_Base_Init
                0x080094b2       0xae ./Drivers/STM32L4xx_HAL_Driver/Src/stm32l4xx_hal_tim.o
                0x080094b2                HAL_TIM_Base_Init
 .text.HAL_TIM_Base_MspInit
                0x08009560       0x14 ./Drivers/STM32L4xx_HAL_Driver/Src/stm32l4xx_hal_tim.o
                0x08009560                HAL_TIM_Base_MspInit
 .text.HAL_TIM_Base_Start_IT
                0x08009574       0xe0 ./Drivers/STM32L4xx_HAL_Driver/Src/stm32l4xx_hal_tim.o
                0x08009574                HAL_TIM_Base_Start_IT
 .text.HAL_TIM_IRQHandler
                0x08009654      0x20e ./Drivers/STM32L4xx_HAL_Driver/Src/stm32l4xx_hal_tim.o
                0x08009654                HAL_TIM_IRQHandler
 .text.HAL_TIM_OC_DelayElapsedCallback
                0x08009862       0x14 ./Drivers/STM32L4xx_HAL_Driver/Src/stm32l4xx_hal_tim.o
                0x08009862                HAL_TIM_OC_DelayElapsedCallback
 .text.HAL_TIM_IC_CaptureCallback
                0x08009876       0x14 ./Drivers/STM32L4xx_HAL_Driver/Src/stm32l4xx_hal_tim.o
                0x08009876                HAL_TIM_IC_CaptureCallback
 .text.HAL_TIM_PWM_PulseFinishedCallback
                0x0800988a       0x14 ./Drivers/STM32L4xx_HAL_Driver/Src/stm32l4xx_hal_tim.o
                0x0800988a                HAL_TIM_PWM_PulseFinishedCallback
 .text.HAL_TIM_TriggerCallback
                0x0800989e       0x14 ./Drivers/STM32L4xx_HAL_Driver/Src/stm32l4xx_hal_tim.o
                0x0800989e                HAL_TIM_TriggerCallback
 *fill*         0x080098b2        0x2 
 .text.TIM_Base_SetConfig
                0x080098b4      0x140 ./Drivers/STM32L4xx_HAL_Driver/Src/stm32l4xx_hal_tim.o
                0x080098b4                TIM_Base_SetConfig
 .text.HAL_TIMEx_CommutCallback
                0x080099f4       0x14 ./Drivers/STM32L4xx_HAL_Driver/Src/stm32l4xx_hal_tim_ex.o
                0x080099f4                HAL_TIMEx_CommutCallback
 .text.HAL_TIMEx_BreakCallback
                0x08009a08       0x14 ./Drivers/STM32L4xx_HAL_Driver/Src/stm32l4xx_hal_tim_ex.o
                0x08009a08                HAL_TIMEx_BreakCallback
 .text.HAL_TIMEx_Break2Callback
                0x08009a1c       0x14 ./Drivers/STM32L4xx_HAL_Driver/Src/stm32l4xx_hal_tim_ex.o
                0x08009a1c                HAL_TIMEx_Break2Callback
 .text.HAL_UART_Init
                0x08009a30       0x9c ./Drivers/STM32L4xx_HAL_Driver/Src/stm32l4xx_hal_uart.o
                0x08009a30                HAL_UART_Init
 .text.HAL_UART_Transmit
                0x08009acc      0x126 ./Drivers/STM32L4xx_HAL_Driver/Src/stm32l4xx_hal_uart.o
                0x08009acc                HAL_UART_Transmit
 *fill*         0x08009bf2        0x2 
 .text.UART_SetConfig
                0x08009bf4      0x570 ./Drivers/STM32L4xx_HAL_Driver/Src/stm32l4xx_hal_uart.o
                0x08009bf4                UART_SetConfig
 .text.UART_AdvFeatureConfig
                0x0800a164      0x144 ./Drivers/STM32L4xx_HAL_Driver/Src/stm32l4xx_hal_uart.o
                0x0800a164                UART_AdvFeatureConfig
 .text.UART_CheckIdleState
                0x0800a2a8      0x150 ./Drivers/STM32L4xx_HAL_Driver/Src/stm32l4xx_hal_uart.o
                0x0800a2a8                UART_CheckIdleState
 .text.UART_WaitOnFlagUntilTimeout
                0x0800a3f8       0xda ./Drivers/STM32L4xx_HAL_Driver/Src/stm32l4xx_hal_uart.o
                0x0800a3f8                UART_WaitOnFlagUntilTimeout
 .text.UART_EndRxTransfer
                0x0800a4d2       0xc8 ./Drivers/STM32L4xx_HAL_Driver/Src/stm32l4xx_hal_uart.o
 .text.USB_CoreInit
                0x0800a59a       0x5a ./Drivers/STM32L4xx_HAL_Driver/Src/stm32l4xx_ll_usb.o
                0x0800a59a                USB_CoreInit
 .text.USB_DisableGlobalInt
                0x0800a5f4       0x22 ./Drivers/STM32L4xx_HAL_Driver/Src/stm32l4xx_ll_usb.o
                0x0800a5f4                USB_DisableGlobalInt
 .text.USB_SetCurrentMode
                0x0800a616       0x98 ./Drivers/STM32L4xx_HAL_Driver/Src/stm32l4xx_ll_usb.o
                0x0800a616                USB_SetCurrentMode
 *fill*         0x0800a6ae        0x2 
 .text.USB_DevInit
                0x0800a6b0      0x290 ./Drivers/STM32L4xx_HAL_Driver/Src/stm32l4xx_ll_usb.o
                0x0800a6b0                USB_DevInit
 .text.USB_FlushTxFifo
                0x0800a940       0x64 ./Drivers/STM32L4xx_HAL_Driver/Src/stm32l4xx_ll_usb.o
                0x0800a940                USB_FlushTxFifo
 .text.USB_FlushRxFifo
                0x0800a9a4       0x5c ./Drivers/STM32L4xx_HAL_Driver/Src/stm32l4xx_ll_usb.o
                0x0800a9a4                USB_FlushRxFifo
 .text.USB_SetDevSpeed
                0x0800aa00       0x32 ./Drivers/STM32L4xx_HAL_Driver/Src/stm32l4xx_ll_usb.o
                0x0800aa00                USB_SetDevSpeed
 .text.USB_DevDisconnect
                0x0800aa32       0x42 ./Drivers/STM32L4xx_HAL_Driver/Src/stm32l4xx_ll_usb.o
                0x0800aa32                USB_DevDisconnect
 .text.USB_GetMode
                0x0800aa74       0x1c ./Drivers/STM32L4xx_HAL_Driver/Src/stm32l4xx_ll_usb.o
                0x0800aa74                USB_GetMode
 .text.USB_CoreReset
                0x0800aa90       0x70 ./Drivers/STM32L4xx_HAL_Driver/Src/stm32l4xx_ll_usb.o
 .text.sendMessageVector
                0x0800ab00      0x1e4 ./Libraries/coreMQTT/source/core_mqtt.o
 .text.sendBuffer
                0x0800ace4      0x134 ./Libraries/coreMQTT/source/core_mqtt.o
 .text.calculateElapsedTime
                0x0800ae18       0x1c ./Libraries/coreMQTT/source/core_mqtt.o
 .text.getAckFromPacketType
                0x0800ae34       0x64 ./Libraries/coreMQTT/source/core_mqtt.o
 .text.recvExact
                0x0800ae98      0x174 ./Libraries/coreMQTT/source/core_mqtt.o
 .text.discardPacket
                0x0800b00c      0x104 ./Libraries/coreMQTT/source/core_mqtt.o
 .text.discardStoredPacket
                0x0800b110      0x110 ./Libraries/coreMQTT/source/core_mqtt.o
 .text.receivePacket
                0x0800b220       0xa0 ./Libraries/coreMQTT/source/core_mqtt.o
 .text.getAckTypeToSend
                0x0800b2c0       0x54 ./Libraries/coreMQTT/source/core_mqtt.o
 .text.sendPublishAcks
                0x0800b314       0xe8 ./Libraries/coreMQTT/source/core_mqtt.o
 .text.handleKeepAlive
                0x0800b3fc       0xfc ./Libraries/coreMQTT/source/core_mqtt.o
 .text.handleIncomingPublish
                0x0800b4f8      0x140 ./Libraries/coreMQTT/source/core_mqtt.o
 .text.handlePublishAcks
                0x0800b638      0x100 ./Libraries/coreMQTT/source/core_mqtt.o
 .text.handleIncomingAck
                0x0800b738      0x190 ./Libraries/coreMQTT/source/core_mqtt.o
 .text.receiveSingleIteration
                0x0800b8c8      0x1e8 ./Libraries/coreMQTT/source/core_mqtt.o
 .text.addEncodedStringToVector
                0x0800bab0       0xb0 ./Libraries/coreMQTT/source/core_mqtt.o
 .text.sendPublishWithoutCopy
                0x0800bb60      0x182 ./Libraries/coreMQTT/source/core_mqtt.o
 *fill*         0x0800bce2        0x2 
 .text.sendConnectWithoutCopy
                0x0800bce4      0x228 ./Libraries/coreMQTT/source/core_mqtt.o
 .text.receiveConnack
                0x0800bf0c      0x184 ./Libraries/coreMQTT/source/core_mqtt.o
 .text.handleUncleanSessionResumption
                0x0800c090      0x100 ./Libraries/coreMQTT/source/core_mqtt.o
 .text.handleCleanSession
                0x0800c190       0xbc ./Libraries/coreMQTT/source/core_mqtt.o
 .text.validatePublishParams
                0x0800c24c       0x70 ./Libraries/coreMQTT/source/core_mqtt.o
 .text.MQTT_Init
                0x0800c2bc       0xaa ./Libraries/coreMQTT/source/core_mqtt.o
                0x0800c2bc                MQTT_Init
 .text.MQTT_Connect
                0x0800c366      0x170 ./Libraries/coreMQTT/source/core_mqtt.o
                0x0800c366                MQTT_Connect
 .text.MQTT_Publish
                0x0800c4d6      0x12c ./Libraries/coreMQTT/source/core_mqtt.o
                0x0800c4d6                MQTT_Publish
 *fill*         0x0800c602        0x2 
 .text.MQTT_Ping
                0x0800c604       0xf0 ./Libraries/coreMQTT/source/core_mqtt.o
                0x0800c604                MQTT_Ping
 .text.MQTT_ProcessLoop
                0x0800c6f4       0x40 ./Libraries/coreMQTT/source/core_mqtt.o
                0x0800c6f4                MQTT_ProcessLoop
 .text.remainingLengthEncodedSize
                0x0800c734       0x42 ./Libraries/coreMQTT/source/core_mqtt_serializer.o
 *fill*         0x0800c776        0x2 
 .text.encodeRemainingLength
                0x0800c778       0x70 ./Libraries/coreMQTT/source/core_mqtt_serializer.o
 .text.encodeString
                0x0800c7e8       0x7c ./Libraries/coreMQTT/source/core_mqtt_serializer.o
 .text.calculatePublishPacketSize
                0x0800c864       0xf0 ./Libraries/coreMQTT/source/core_mqtt_serializer.o
 .text.MQTT_SerializePublishHeaderWithoutTopic
                0x0800c954       0xb2 ./Libraries/coreMQTT/source/core_mqtt_serializer.o
                0x0800c954                MQTT_SerializePublishHeaderWithoutTopic
 .text.getRemainingLength
                0x0800ca06       0xa8 ./Libraries/coreMQTT/source/core_mqtt_serializer.o
 .text.processRemainingLength
                0x0800caae       0xbe ./Libraries/coreMQTT/source/core_mqtt_serializer.o
 .text.incomingPacketValid
                0x0800cb6c       0x7e ./Libraries/coreMQTT/source/core_mqtt_serializer.o
 .text.checkPublishRemainingLength
                0x0800cbea       0x42 ./Libraries/coreMQTT/source/core_mqtt_serializer.o
 .text.processPublishFlags
                0x0800cc2c       0xa4 ./Libraries/coreMQTT/source/core_mqtt_serializer.o
 .text.logConnackResponse
                0x0800ccd0       0x4c ./Libraries/coreMQTT/source/core_mqtt_serializer.o
 .text.deserializeConnack
                0x0800cd1c       0xd0 ./Libraries/coreMQTT/source/core_mqtt_serializer.o
 .text.readSubackStatus
                0x0800cdec       0x88 ./Libraries/coreMQTT/source/core_mqtt_serializer.o
 .text.deserializeSuback
                0x0800ce74       0xac ./Libraries/coreMQTT/source/core_mqtt_serializer.o
 .text.deserializePublish
                0x0800cf20      0x184 ./Libraries/coreMQTT/source/core_mqtt_serializer.o
 .text.deserializeSimpleAck
                0x0800d0a4       0x8c ./Libraries/coreMQTT/source/core_mqtt_serializer.o
 .text.deserializePingresp
                0x0800d130       0x44 ./Libraries/coreMQTT/source/core_mqtt_serializer.o
 .text.MQTT_SerializeConnectFixedHeader
                0x0800d174       0xf0 ./Libraries/coreMQTT/source/core_mqtt_serializer.o
                0x0800d174                MQTT_SerializeConnectFixedHeader
 .text.MQTT_GetConnectPacketSize
                0x0800d264      0x118 ./Libraries/coreMQTT/source/core_mqtt_serializer.o
                0x0800d264                MQTT_GetConnectPacketSize
 .text.MQTT_GetPublishPacketSize
                0x0800d37c       0x62 ./Libraries/coreMQTT/source/core_mqtt_serializer.o
                0x0800d37c                MQTT_GetPublishPacketSize
 .text.MQTT_SerializeAck
                0x0800d3de       0xa6 ./Libraries/coreMQTT/source/core_mqtt_serializer.o
                0x0800d3de                MQTT_SerializeAck
 .text.MQTT_GetPingreqPacketSize
                0x0800d484       0x2c ./Libraries/coreMQTT/source/core_mqtt_serializer.o
                0x0800d484                MQTT_GetPingreqPacketSize
 .text.MQTT_SerializePingreq
                0x0800d4b0       0x5c ./Libraries/coreMQTT/source/core_mqtt_serializer.o
                0x0800d4b0                MQTT_SerializePingreq
 .text.MQTT_DeserializePublish
                0x0800d50c       0x60 ./Libraries/coreMQTT/source/core_mqtt_serializer.o
                0x0800d50c                MQTT_DeserializePublish
 .text.MQTT_DeserializeAck
                0x0800d56c       0xe6 ./Libraries/coreMQTT/source/core_mqtt_serializer.o
                0x0800d56c                MQTT_DeserializeAck
 .text.MQTT_GetIncomingPacketTypeAndLength
                0x0800d652       0x8c ./Libraries/coreMQTT/source/core_mqtt_serializer.o
                0x0800d652                MQTT_GetIncomingPacketTypeAndLength
 .text.MQTT_UpdateDuplicatePublishFlag
                0x0800d6de       0x60 ./Libraries/coreMQTT/source/core_mqtt_serializer.o
                0x0800d6de                MQTT_UpdateDuplicatePublishFlag
 .text.MQTT_ProcessIncomingPacketTypeAndLength
                0x0800d73e       0x7e ./Libraries/coreMQTT/source/core_mqtt_serializer.o
                0x0800d73e                MQTT_ProcessIncomingPacketTypeAndLength
 .text.validateTransitionPublish
                0x0800d7bc       0xcc ./Libraries/coreMQTT/source/core_mqtt_state.o
 .text.validateTransitionAck
                0x0800d888       0xe8 ./Libraries/coreMQTT/source/core_mqtt_state.o
 .text.isPublishOutgoing
                0x0800d970       0x5a ./Libraries/coreMQTT/source/core_mqtt_state.o
 *fill*         0x0800d9ca        0x2 
 .text.findInRecord
                0x0800d9cc       0x94 ./Libraries/coreMQTT/source/core_mqtt_state.o
 .text.compactRecords
                0x0800da60       0xdc ./Libraries/coreMQTT/source/core_mqtt_state.o
 .text.addRecord
                0x0800db3c      0x108 ./Libraries/coreMQTT/source/core_mqtt_state.o
 .text.updateRecord
                0x0800dc44       0x78 ./Libraries/coreMQTT/source/core_mqtt_state.o
 .text.stateSelect
                0x0800dcbc      0x150 ./Libraries/coreMQTT/source/core_mqtt_state.o
 .text.MQTT_CalculateStateAck
                0x0800de0c       0x98 ./Libraries/coreMQTT/source/core_mqtt_state.o
                0x0800de0c                MQTT_CalculateStateAck
 .text.updateStateAck
                0x0800dea4       0xb8 ./Libraries/coreMQTT/source/core_mqtt_state.o
 .text.updateStatePublish
                0x0800df5c       0xe0 ./Libraries/coreMQTT/source/core_mqtt_state.o
 .text.MQTT_ReserveState
                0x0800e03c       0x54 ./Libraries/coreMQTT/source/core_mqtt_state.o
                0x0800e03c                MQTT_ReserveState
 .text.MQTT_CalculateStatePublish
                0x0800e090       0x5e ./Libraries/coreMQTT/source/core_mqtt_state.o
                0x0800e090                MQTT_CalculateStatePublish
 .text.MQTT_UpdateStatePublish
                0x0800e0ee       0xe6 ./Libraries/coreMQTT/source/core_mqtt_state.o
                0x0800e0ee                MQTT_UpdateStatePublish
 .text.MQTT_UpdateStateAck
                0x0800e1d4       0xf6 ./Libraries/coreMQTT/source/core_mqtt_state.o
                0x0800e1d4                MQTT_UpdateStateAck
 .text.MQTT_PubrelToResend
                0x0800e2ca       0x5c ./Libraries/coreMQTT/source/core_mqtt_state.o
                0x0800e2ca                MQTT_PubrelToResend
 .text.MQTT_PublishToResend
                0x0800e326       0x50 ./Libraries/coreMQTT/source/core_mqtt_state.o
                0x0800e326                MQTT_PublishToResend
 *fill*         0x0800e376        0x2 
 .text.transport_recv
                0x0800e378      0x18c ./Libraries/coreMQTT/source/transport_interface.o
                0x0800e378                transport_recv
 .text.transport_send
                0x0800e504       0xc4 ./Libraries/coreMQTT/source/transport_interface.o
                0x0800e504                transport_send
 .text.init_transport_from_socket
                0x0800e5c8       0x4c ./Libraries/coreMQTT/source/transport_interface.o
                0x0800e5c8                init_transport_from_socket
 .text.__NVIC_SetPriority
                0x0800e614       0x54 ./Middlewares/Third_Party/FreeRTOS/Source/CMSIS_RTOS_V2/cmsis_os2.o
 .text.SysTick_Handler
                0x0800e668       0x20 ./Middlewares/Third_Party/FreeRTOS/Source/CMSIS_RTOS_V2/cmsis_os2.o
                0x0800e668                SysTick_Handler
 .text.SVC_Setup
                0x0800e688       0x12 ./Middlewares/Third_Party/FreeRTOS/Source/CMSIS_RTOS_V2/cmsis_os2.o
 *fill*         0x0800e69a        0x2 
 .text.osKernelInitialize
                0x0800e69c       0x48 ./Middlewares/Third_Party/FreeRTOS/Source/CMSIS_RTOS_V2/cmsis_os2.o
                0x0800e69c                osKernelInitialize
 .text.osKernelStart
                0x0800e6e4       0x4c ./Middlewares/Third_Party/FreeRTOS/Source/CMSIS_RTOS_V2/cmsis_os2.o
                0x0800e6e4                osKernelStart
 .text.osThreadNew
                0x0800e730      0x124 ./Middlewares/Third_Party/FreeRTOS/Source/CMSIS_RTOS_V2/cmsis_os2.o
                0x0800e730                osThreadNew
 .text.osThreadFlagsSet
                0x0800e854       0x9c ./Middlewares/Third_Party/FreeRTOS/Source/CMSIS_RTOS_V2/cmsis_os2.o
                0x0800e854                osThreadFlagsSet
 .text.osThreadFlagsWait
                0x0800e8f0      0x102 ./Middlewares/Third_Party/FreeRTOS/Source/CMSIS_RTOS_V2/cmsis_os2.o
                0x0800e8f0                osThreadFlagsWait
 .text.osDelay  0x0800e9f2       0x36 ./Middlewares/Third_Party/FreeRTOS/Source/CMSIS_RTOS_V2/cmsis_os2.o
                0x0800e9f2                osDelay
 .text.osMessageQueueNew
                0x0800ea28       0xe6 ./Middlewares/Third_Party/FreeRTOS/Source/CMSIS_RTOS_V2/cmsis_os2.o
                0x0800ea28                osMessageQueueNew
 *fill*         0x0800eb0e        0x2 
 .text.osMessageQueuePut
                0x0800eb10       0xc0 ./Middlewares/Third_Party/FreeRTOS/Source/CMSIS_RTOS_V2/cmsis_os2.o
                0x0800eb10                osMessageQueuePut
 .text.osMessageQueueGet
                0x0800ebd0       0xbc ./Middlewares/Third_Party/FreeRTOS/Source/CMSIS_RTOS_V2/cmsis_os2.o
                0x0800ebd0                osMessageQueueGet
 .text.vApplicationGetIdleTaskMemory
                0x0800ec8c       0x34 ./Middlewares/Third_Party/FreeRTOS/Source/CMSIS_RTOS_V2/cmsis_os2.o
                0x0800ec8c                vApplicationGetIdleTaskMemory
 .text.vApplicationGetTimerTaskMemory
                0x0800ecc0       0x34 ./Middlewares/Third_Party/FreeRTOS/Source/CMSIS_RTOS_V2/cmsis_os2.o
                0x0800ecc0                vApplicationGetTimerTaskMemory
 .text.vListInitialise
                0x0800ecf4       0x40 ./Middlewares/Third_Party/FreeRTOS/Source/list.o
                0x0800ecf4                vListInitialise
 .text.vListInitialiseItem
                0x0800ed34       0x1a ./Middlewares/Third_Party/FreeRTOS/Source/list.o
                0x0800ed34                vListInitialiseItem
 .text.vListInsertEnd
                0x0800ed4e       0x48 ./Middlewares/Third_Party/FreeRTOS/Source/list.o
                0x0800ed4e                vListInsertEnd
 .text.vListInsert
                0x0800ed96       0x72 ./Middlewares/Third_Party/FreeRTOS/Source/list.o
                0x0800ed96                vListInsert
 .text.uxListRemove
                0x0800ee08       0x54 ./Middlewares/Third_Party/FreeRTOS/Source/list.o
                0x0800ee08                uxListRemove
 .text.xQueueGenericReset
                0x0800ee5c       0xd4 ./Middlewares/Third_Party/FreeRTOS/Source/queue.o
                0x0800ee5c                xQueueGenericReset
 .text.xQueueGenericCreateStatic
                0x0800ef30       0xfa ./Middlewares/Third_Party/FreeRTOS/Source/queue.o
                0x0800ef30                xQueueGenericCreateStatic
 .text.xQueueGenericCreate
                0x0800f02a       0x76 ./Middlewares/Third_Party/FreeRTOS/Source/queue.o
                0x0800f02a                xQueueGenericCreate
 .text.prvInitialiseNewQueue
                0x0800f0a0       0x46 ./Middlewares/Third_Party/FreeRTOS/Source/queue.o
 *fill*         0x0800f0e6        0x2 
 .text.xQueueGenericSend
                0x0800f0e8      0x204 ./Middlewares/Third_Party/FreeRTOS/Source/queue.o
                0x0800f0e8                xQueueGenericSend
 .text.xQueueGenericSendFromISR
                0x0800f2ec      0x13c ./Middlewares/Third_Party/FreeRTOS/Source/queue.o
                0x0800f2ec                xQueueGenericSendFromISR
 .text.xQueueReceive
                0x0800f428      0x1c4 ./Middlewares/Third_Party/FreeRTOS/Source/queue.o
                0x0800f428                xQueueReceive
 .text.xQueueReceiveFromISR
                0x0800f5ec      0x104 ./Middlewares/Third_Party/FreeRTOS/Source/queue.o
                0x0800f5ec                xQueueReceiveFromISR
 .text.prvCopyDataToQueue
                0x0800f6f0       0xd4 ./Middlewares/Third_Party/FreeRTOS/Source/queue.o
 .text.prvCopyDataFromQueue
                0x0800f7c4       0x4c ./Middlewares/Third_Party/FreeRTOS/Source/queue.o
 .text.prvUnlockQueue
                0x0800f810       0xa4 ./Middlewares/Third_Party/FreeRTOS/Source/queue.o
 .text.prvIsQueueEmpty
                0x0800f8b4       0x2c ./Middlewares/Third_Party/FreeRTOS/Source/queue.o
 .text.prvIsQueueFull
                0x0800f8e0       0x30 ./Middlewares/Third_Party/FreeRTOS/Source/queue.o
 .text.vQueueAddToRegistry
                0x0800f910       0x54 ./Middlewares/Third_Party/FreeRTOS/Source/queue.o
                0x0800f910                vQueueAddToRegistry
 .text.vQueueWaitForMessageRestricted
                0x0800f964       0x68 ./Middlewares/Third_Party/FreeRTOS/Source/queue.o
                0x0800f964                vQueueWaitForMessageRestricted
 .text.xTaskCreateStatic
                0x0800f9cc       0xc0 ./Middlewares/Third_Party/FreeRTOS/Source/tasks.o
                0x0800f9cc                xTaskCreateStatic
 .text.xTaskCreate
                0x0800fa8c       0x8a ./Middlewares/Third_Party/FreeRTOS/Source/tasks.o
                0x0800fa8c                xTaskCreate
 *fill*         0x0800fb16        0x2 
 .text.prvInitialiseNewTask
                0x0800fb18      0x150 ./Middlewares/Third_Party/FreeRTOS/Source/tasks.o
 .text.prvAddNewTaskToReadyList
                0x0800fc68       0xe0 ./Middlewares/Third_Party/FreeRTOS/Source/tasks.o
 .text.vTaskDelay
                0x0800fd48       0x6c ./Middlewares/Third_Party/FreeRTOS/Source/tasks.o
                0x0800fd48                vTaskDelay
 .text.vTaskStartScheduler
                0x0800fdb4       0xe0 ./Middlewares/Third_Party/FreeRTOS/Source/tasks.o
                0x0800fdb4                vTaskStartScheduler
 .text.vTaskSuspendAll
                0x0800fe94       0x1c ./Middlewares/Third_Party/FreeRTOS/Source/tasks.o
                0x0800fe94                vTaskSuspendAll
 .text.xTaskResumeAll
                0x0800feb0      0x13c ./Middlewares/Third_Party/FreeRTOS/Source/tasks.o
                0x0800feb0                xTaskResumeAll
 .text.xTaskGetTickCount
                0x0800ffec       0x20 ./Middlewares/Third_Party/FreeRTOS/Source/tasks.o
                0x0800ffec                xTaskGetTickCount
 .text.xTaskIncrementTick
                0x0801000c      0x174 ./Middlewares/Third_Party/FreeRTOS/Source/tasks.o
                0x0801000c                xTaskIncrementTick
 .text.vTaskSwitchContext
                0x08010180       0xcc ./Middlewares/Third_Party/FreeRTOS/Source/tasks.o
                0x08010180                vTaskSwitchContext
 .text.vTaskPlaceOnEventList
                0x0801024c       0x4c ./Middlewares/Third_Party/FreeRTOS/Source/tasks.o
                0x0801024c                vTaskPlaceOnEventList
 .text.vTaskPlaceOnEventListRestricted
                0x08010298       0x58 ./Middlewares/Third_Party/FreeRTOS/Source/tasks.o
                0x08010298                vTaskPlaceOnEventListRestricted
 .text.xTaskRemoveFromEventList
                0x080102f0       0xc8 ./Middlewares/Third_Party/FreeRTOS/Source/tasks.o
                0x080102f0                xTaskRemoveFromEventList
 .text.vTaskInternalSetTimeOutState
                0x080103b8       0x2c ./Middlewares/Third_Party/FreeRTOS/Source/tasks.o
                0x080103b8                vTaskInternalSetTimeOutState
 .text.xTaskCheckForTimeOut
                0x080103e4       0xc8 ./Middlewares/Third_Party/FreeRTOS/Source/tasks.o
                0x080103e4                xTaskCheckForTimeOut
 .text.vTaskMissedYield
                0x080104ac       0x18 ./Middlewares/Third_Party/FreeRTOS/Source/tasks.o
                0x080104ac                vTaskMissedYield
 .text.prvIdleTask
                0x080104c4       0x30 ./Middlewares/Third_Party/FreeRTOS/Source/tasks.o
 .text.prvInitialiseTaskLists
                0x080104f4       0x80 ./Middlewares/Third_Party/FreeRTOS/Source/tasks.o
 .text.prvCheckTasksWaitingTermination
                0x08010574       0x5c ./Middlewares/Third_Party/FreeRTOS/Source/tasks.o
 .text.prvDeleteTCB
                0x080105d0       0x6a ./Middlewares/Third_Party/FreeRTOS/Source/tasks.o
 *fill*         0x0801063a        0x2 
 .text.prvResetNextTaskUnblockTime
                0x0801063c       0x40 ./Middlewares/Third_Party/FreeRTOS/Source/tasks.o
 .text.xTaskGetSchedulerState
                0x0801067c       0x3c ./Middlewares/Third_Party/FreeRTOS/Source/tasks.o
                0x0801067c                xTaskGetSchedulerState
 .text.xTaskPriorityDisinherit
                0x080106b8       0xe0 ./Middlewares/Third_Party/FreeRTOS/Source/tasks.o
                0x080106b8                xTaskPriorityDisinherit
 .text.xTaskNotifyWait
                0x08010798       0xc0 ./Middlewares/Third_Party/FreeRTOS/Source/tasks.o
                0x08010798                xTaskNotifyWait
 .text.xTaskGenericNotify
                0x08010858      0x184 ./Middlewares/Third_Party/FreeRTOS/Source/tasks.o
                0x08010858                xTaskGenericNotify
 .text.xTaskGenericNotifyFromISR
                0x080109dc      0x1cc ./Middlewares/Third_Party/FreeRTOS/Source/tasks.o
                0x080109dc                xTaskGenericNotifyFromISR
 .text.prvAddCurrentTaskToDelayedList
                0x08010ba8       0xa8 ./Middlewares/Third_Party/FreeRTOS/Source/tasks.o
 .text.xTimerCreateTimerTask
                0x08010c50       0x94 ./Middlewares/Third_Party/FreeRTOS/Source/timers.o
                0x08010c50                xTimerCreateTimerTask
 .text.xTimerGenericCommand
                0x08010ce4       0x9c ./Middlewares/Third_Party/FreeRTOS/Source/timers.o
                0x08010ce4                xTimerGenericCommand
 .text.prvProcessExpiredTimer
                0x08010d80       0x9c ./Middlewares/Third_Party/FreeRTOS/Source/timers.o
 .text.prvTimerTask
                0x08010e1c       0x26 ./Middlewares/Third_Party/FreeRTOS/Source/timers.o
 *fill*         0x08010e42        0x2 
 .text.prvProcessTimerOrBlockTask
                0x08010e44       0x9c ./Middlewares/Third_Party/FreeRTOS/Source/timers.o
 .text.prvGetNextExpireTime
                0x08010ee0       0x48 ./Middlewares/Third_Party/FreeRTOS/Source/timers.o
 .text.prvSampleTimeNow
                0x08010f28       0x40 ./Middlewares/Third_Party/FreeRTOS/Source/timers.o
 .text.prvInsertTimerInActiveList
                0x08010f68       0x84 ./Middlewares/Third_Party/FreeRTOS/Source/timers.o
 .text.prvProcessReceivedCommands
                0x08010fec      0x1cc ./Middlewares/Third_Party/FreeRTOS/Source/timers.o
 .text.prvSwitchTimerLists
                0x080111b8       0xcc ./Middlewares/Third_Party/FreeRTOS/Source/timers.o
 .text.prvCheckForValidListAndQueue
                0x08011284       0x80 ./Middlewares/Third_Party/FreeRTOS/Source/timers.o
 .text.pxPortInitialiseStack
                0x08011304       0x68 ./Middlewares/Third_Party/FreeRTOS/Source/portable/GCC/ARM_CM4F/port.o
                0x08011304                pxPortInitialiseStack
 .text.prvTaskExitError
                0x0801136c       0x5c ./Middlewares/Third_Party/FreeRTOS/Source/portable/GCC/ARM_CM4F/port.o
 *fill*         0x080113c8        0x8 
 .text.SVC_Handler
                0x080113d0       0x28 ./Middlewares/Third_Party/FreeRTOS/Source/portable/GCC/ARM_CM4F/port.o
                0x080113d0                SVC_Handler
 .text.prvPortStartFirstTask
                0x080113f8       0x28 ./Middlewares/Third_Party/FreeRTOS/Source/portable/GCC/ARM_CM4F/port.o
 .text.xPortStartScheduler
                0x08011420      0x148 ./Middlewares/Third_Party/FreeRTOS/Source/portable/GCC/ARM_CM4F/port.o
                0x08011420                xPortStartScheduler
 .text.vPortEnterCritical
                0x08011568       0x64 ./Middlewares/Third_Party/FreeRTOS/Source/portable/GCC/ARM_CM4F/port.o
                0x08011568                vPortEnterCritical
 .text.vPortExitCritical
                0x080115cc       0x54 ./Middlewares/Third_Party/FreeRTOS/Source/portable/GCC/ARM_CM4F/port.o
                0x080115cc                vPortExitCritical
 .text.PendSV_Handler
                0x08011620       0x68 ./Middlewares/Third_Party/FreeRTOS/Source/portable/GCC/ARM_CM4F/port.o
                0x08011620                PendSV_Handler
 .text.xPortSysTickHandler
                0x08011688       0x44 ./Middlewares/Third_Party/FreeRTOS/Source/portable/GCC/ARM_CM4F/port.o
                0x08011688                xPortSysTickHandler
 .text.vPortSetupTimerInterrupt
                0x080116cc       0x48 ./Middlewares/Third_Party/FreeRTOS/Source/portable/GCC/ARM_CM4F/port.o
                0x080116cc                vPortSetupTimerInterrupt
 .text.vPortEnableVFP
                0x08011714       0x14 ./Middlewares/Third_Party/FreeRTOS/Source/portable/GCC/ARM_CM4F/port.o
 .text.vPortValidateInterruptPriority
                0x08011728       0x84 ./Middlewares/Third_Party/FreeRTOS/Source/portable/GCC/ARM_CM4F/port.o
                0x08011728                vPortValidateInterruptPriority
 .text.pvPortMalloc
                0x080117ac      0x19c ./Middlewares/Third_Party/FreeRTOS/Source/portable/MemMang/heap_4.o
                0x080117ac                pvPortMalloc
 .text.vPortFree
                0x08011948       0xc8 ./Middlewares/Third_Party/FreeRTOS/Source/portable/MemMang/heap_4.o
                0x08011948                vPortFree
 .text.prvHeapInit
                0x08011a10       0xc4 ./Middlewares/Third_Party/FreeRTOS/Source/portable/MemMang/heap_4.o
 .text.prvInsertBlockIntoFreeList
                0x08011ad4       0xb4 ./Middlewares/Third_Party/FreeRTOS/Source/portable/MemMang/heap_4.o
 .text.__assert_func
                0x08011b88       0x3c /opt/st/stm32cubeide_1.19.0/plugins/com.st.stm32cube.ide.mcu.externaltools.gnu-tools-for-stm32.13.3.rel1.linux64_1.0.0.202410170706/tools/bin/../lib/gcc/arm-none-eabi/13.3.1/../../../../arm-none-eabi/lib/thumb/v7e-m+fp/hard/libc_nano.a(libc_a-assert.o)
                0x08011b88                __assert_func
 .text.std      0x08011bc4       0x6c /opt/st/stm32cubeide_1.19.0/plugins/com.st.stm32cube.ide.mcu.externaltools.gnu-tools-for-stm32.13.3.rel1.linux64_1.0.0.202410170706/tools/bin/../lib/gcc/arm-none-eabi/13.3.1/../../../../arm-none-eabi/lib/thumb/v7e-m+fp/hard/libc_nano.a(libc_a-findfp.o)
 .text.stdio_exit_handler
                0x08011c30       0x18 /opt/st/stm32cubeide_1.19.0/plugins/com.st.stm32cube.ide.mcu.externaltools.gnu-tools-for-stm32.13.3.rel1.linux64_1.0.0.202410170706/tools/bin/../lib/gcc/arm-none-eabi/13.3.1/../../../../arm-none-eabi/lib/thumb/v7e-m+fp/hard/libc_nano.a(libc_a-findfp.o)
 .text.cleanup_stdio
                0x08011c48       0x40 /opt/st/stm32cubeide_1.19.0/plugins/com.st.stm32cube.ide.mcu.externaltools.gnu-tools-for-stm32.13.3.rel1.linux64_1.0.0.202410170706/tools/bin/../lib/gcc/arm-none-eabi/13.3.1/../../../../arm-none-eabi/lib/thumb/v7e-m+fp/hard/libc_nano.a(libc_a-findfp.o)
 .text.global_stdio_init.part.0
                0x08011c88       0x3c /opt/st/stm32cubeide_1.19.0/plugins/com.st.stm32cube.ide.mcu.externaltools.gnu-tools-for-stm32.13.3.rel1.linux64_1.0.0.202410170706/tools/bin/../lib/gcc/arm-none-eabi/13.3.1/../../../../arm-none-eabi/lib/thumb/v7e-m+fp/hard/libc_nano.a(libc_a-findfp.o)
 .text.__sfp_lock_acquire
                0x08011cc4        0xc /opt/st/stm32cubeide_1.19.0/plugins/com.st.stm32cube.ide.mcu.externaltools.gnu-tools-for-stm32.13.3.rel1.linux64_1.0.0.202410170706/tools/bin/../lib/gcc/arm-none-eabi/13.3.1/../../../../arm-none-eabi/lib/thumb/v7e-m+fp/hard/libc_nano.a(libc_a-findfp.o)
                0x08011cc4                __sfp_lock_acquire
 .text.__sfp_lock_release
                0x08011cd0        0xc /opt/st/stm32cubeide_1.19.0/plugins/com.st.stm32cube.ide.mcu.externaltools.gnu-tools-for-stm32.13.3.rel1.linux64_1.0.0.202410170706/tools/bin/../lib/gcc/arm-none-eabi/13.3.1/../../../../arm-none-eabi/lib/thumb/v7e-m+fp/hard/libc_nano.a(libc_a-findfp.o)
                0x08011cd0                __sfp_lock_release
 .text.__sinit  0x08011cdc       0x30 /opt/st/stm32cubeide_1.19.0/plugins/com.st.stm32cube.ide.mcu.externaltools.gnu-tools-for-stm32.13.3.rel1.linux64_1.0.0.202410170706/tools/bin/../lib/gcc/arm-none-eabi/13.3.1/../../../../arm-none-eabi/lib/thumb/v7e-m+fp/hard/libc_nano.a(libc_a-findfp.o)
                0x08011cdc                __sinit
 .text.fprintf  0x08011d0c       0x24 /opt/st/stm32cubeide_1.19.0/plugins/com.st.stm32cube.ide.mcu.externaltools.gnu-tools-for-stm32.13.3.rel1.linux64_1.0.0.202410170706/tools/bin/../lib/gcc/arm-none-eabi/13.3.1/../../../../arm-none-eabi/lib/thumb/v7e-m+fp/hard/libc_nano.a(libc_a-fprintf.o)
                0x08011d0c                fprintf
                0x08011d0c                fiprintf
 .text._fwalk_sglue
                0x08011d30       0x3c /opt/st/stm32cubeide_1.19.0/plugins/com.st.stm32cube.ide.mcu.externaltools.gnu-tools-for-stm32.13.3.rel1.linux64_1.0.0.202410170706/tools/bin/../lib/gcc/arm-none-eabi/13.3.1/../../../../arm-none-eabi/lib/thumb/v7e-m+fp/hard/libc_nano.a(libc_a-fwalk.o)
                0x08011d30                _fwalk_sglue
 .text.printf   0x08011d6c       0x24 /opt/st/stm32cubeide_1.19.0/plugins/com.st.stm32cube.ide.mcu.externaltools.gnu-tools-for-stm32.13.3.rel1.linux64_1.0.0.202410170706/tools/bin/../lib/gcc/arm-none-eabi/13.3.1/../../../../arm-none-eabi/lib/thumb/v7e-m+fp/hard/libc_nano.a(libc_a-printf.o)
                0x08011d6c                printf
                0x08011d6c                iprintf
 .text._puts_r  0x08011d90       0xaa /opt/st/stm32cubeide_1.19.0/plugins/com.st.stm32cube.ide.mcu.externaltools.gnu-tools-for-stm32.13.3.rel1.linux64_1.0.0.202410170706/tools/bin/../lib/gcc/arm-none-eabi/13.3.1/../../../../arm-none-eabi/lib/thumb/v7e-m+fp/hard/libc_nano.a(libc_a-puts.o)
                0x08011d90                _puts_r
 *fill*         0x08011e3a        0x2 
 .text.puts     0x08011e3c       0x10 /opt/st/stm32cubeide_1.19.0/plugins/com.st.stm32cube.ide.mcu.externaltools.gnu-tools-for-stm32.13.3.rel1.linux64_1.0.0.202410170706/tools/bin/../lib/gcc/arm-none-eabi/13.3.1/../../../../arm-none-eabi/lib/thumb/v7e-m+fp/hard/libc_nano.a(libc_a-puts.o)
                0x08011e3c                puts
 .text.snprintf
                0x08011e4c       0x6c /opt/st/stm32cubeide_1.19.0/plugins/com.st.stm32cube.ide.mcu.externaltools.gnu-tools-for-stm32.13.3.rel1.linux64_1.0.0.202410170706/tools/bin/../lib/gcc/arm-none-eabi/13.3.1/../../../../arm-none-eabi/lib/thumb/v7e-m+fp/hard/libc_nano.a(libc_a-snprintf.o)
                0x08011e4c                snprintf
                0x08011e4c                sniprintf
 .text.sprintf  0x08011eb8       0x44 /opt/st/stm32cubeide_1.19.0/plugins/com.st.stm32cube.ide.mcu.externaltools.gnu-tools-for-stm32.13.3.rel1.linux64_1.0.0.202410170706/tools/bin/../lib/gcc/arm-none-eabi/13.3.1/../../../../arm-none-eabi/lib/thumb/v7e-m+fp/hard/libc_nano.a(libc_a-sprintf.o)
                0x08011eb8                sprintf
                0x08011eb8                siprintf
 .text.__sread  0x08011efc       0x22 /opt/st/stm32cubeide_1.19.0/plugins/com.st.stm32cube.ide.mcu.externaltools.gnu-tools-for-stm32.13.3.rel1.linux64_1.0.0.202410170706/tools/bin/../lib/gcc/arm-none-eabi/13.3.1/../../../../arm-none-eabi/lib/thumb/v7e-m+fp/hard/libc_nano.a(libc_a-stdio.o)
                0x08011efc                __sread
 .text.__swrite
                0x08011f1e       0x38 /opt/st/stm32cubeide_1.19.0/plugins/com.st.stm32cube.ide.mcu.externaltools.gnu-tools-for-stm32.13.3.rel1.linux64_1.0.0.202410170706/tools/bin/../lib/gcc/arm-none-eabi/13.3.1/../../../../arm-none-eabi/lib/thumb/v7e-m+fp/hard/libc_nano.a(libc_a-stdio.o)
                0x08011f1e                __swrite
 .text.__sseek  0x08011f56       0x24 /opt/st/stm32cubeide_1.19.0/plugins/com.st.stm32cube.ide.mcu.externaltools.gnu-tools-for-stm32.13.3.rel1.linux64_1.0.0.202410170706/tools/bin/../lib/gcc/arm-none-eabi/13.3.1/../../../../arm-none-eabi/lib/thumb/v7e-m+fp/hard/libc_nano.a(libc_a-stdio.o)
                0x08011f56                __sseek
 .text.__sclose
                0x08011f7a        0x8 /opt/st/stm32cubeide_1.19.0/plugins/com.st.stm32cube.ide.mcu.externaltools.gnu-tools-for-stm32.13.3.rel1.linux64_1.0.0.202410170706/tools/bin/../lib/gcc/arm-none-eabi/13.3.1/../../../../arm-none-eabi/lib/thumb/v7e-m+fp/hard/libc_nano.a(libc_a-stdio.o)
                0x08011f7a                __sclose
 .text.__swbuf_r
                0x08011f82       0x7c /opt/st/stm32cubeide_1.19.0/plugins/com.st.stm32cube.ide.mcu.externaltools.gnu-tools-for-stm32.13.3.rel1.linux64_1.0.0.202410170706/tools/bin/../lib/gcc/arm-none-eabi/13.3.1/../../../../arm-none-eabi/lib/thumb/v7e-m+fp/hard/libc_nano.a(libc_a-wbuf.o)
                0x08011f82                __swbuf_r
 *fill*         0x08011ffe        0x2 
 .text.__swsetup_r
                0x08012000       0xac /opt/st/stm32cubeide_1.19.0/plugins/com.st.stm32cube.ide.mcu.externaltools.gnu-tools-for-stm32.13.3.rel1.linux64_1.0.0.202410170706/tools/bin/../lib/gcc/arm-none-eabi/13.3.1/../../../../arm-none-eabi/lib/thumb/v7e-m+fp/hard/libc_nano.a(libc_a-wsetup.o)
                0x08012000                __swsetup_r
 .text.memcmp   0x080120ac       0x20 /opt/st/stm32cubeide_1.19.0/plugins/com.st.stm32cube.ide.mcu.externaltools.gnu-tools-for-stm32.13.3.rel1.linux64_1.0.0.202410170706/tools/bin/../lib/gcc/arm-none-eabi/13.3.1/../../../../arm-none-eabi/lib/thumb/v7e-m+fp/hard/libc_nano.a(libc_a-memcmp.o)
                0x080120ac                memcmp
 .text.memmove  0x080120cc       0x34 /opt/st/stm32cubeide_1.19.0/plugins/com.st.stm32cube.ide.mcu.externaltools.gnu-tools-for-stm32.13.3.rel1.linux64_1.0.0.202410170706/tools/bin/../lib/gcc/arm-none-eabi/13.3.1/../../../../arm-none-eabi/lib/thumb/v7e-m+fp/hard/libc_nano.a(libc_a-memmove.o)
                0x080120cc                memmove
 .text.memset   0x08012100       0x10 /opt/st/stm32cubeide_1.19.0/plugins/com.st.stm32cube.ide.mcu.externaltools.gnu-tools-for-stm32.13.3.rel1.linux64_1.0.0.202410170706/tools/bin/../lib/gcc/arm-none-eabi/13.3.1/../../../../arm-none-eabi/lib/thumb/v7e-m+fp/hard/libc_nano.a(libc_a-memset.o)
                0x08012100                memset
 .text.strncpy  0x08012110       0x26 /opt/st/stm32cubeide_1.19.0/plugins/com.st.stm32cube.ide.mcu.externaltools.gnu-tools-for-stm32.13.3.rel1.linux64_1.0.0.202410170706/tools/bin/../lib/gcc/arm-none-eabi/13.3.1/../../../../arm-none-eabi/lib/thumb/v7e-m+fp/hard/libc_nano.a(libc_a-strncpy.o)
                0x08012110                strncpy
 *fill*         0x08012136        0x2 
 .text.strtok   0x08012138       0x68 /opt/st/stm32cubeide_1.19.0/plugins/com.st.stm32cube.ide.mcu.externaltools.gnu-tools-for-stm32.13.3.rel1.linux64_1.0.0.202410170706/tools/bin/../lib/gcc/arm-none-eabi/13.3.1/../../../../arm-none-eabi/lib/thumb/v7e-m+fp/hard/libc_nano.a(libc_a-strtok.o)
                0x08012138                strtok
 .text.__strtok_r
                0x080121a0       0x50 /opt/st/stm32cubeide_1.19.0/plugins/com.st.stm32cube.ide.mcu.externaltools.gnu-tools-for-stm32.13.3.rel1.linux64_1.0.0.202410170706/tools/bin/../lib/gcc/arm-none-eabi/13.3.1/../../../../arm-none-eabi/lib/thumb/v7e-m+fp/hard/libc_nano.a(libc_a-strtok_r.o)
                0x080121a0                __strtok_r
 .text.strstr   0x080121f0       0x2c /opt/st/stm32cubeide_1.19.0/plugins/com.st.stm32cube.ide.mcu.externaltools.gnu-tools-for-stm32.13.3.rel1.linux64_1.0.0.202410170706/tools/bin/../lib/gcc/arm-none-eabi/13.3.1/../../../../arm-none-eabi/lib/thumb/v7e-m+fp/hard/libc_nano.a(libc_a-strstr.o)
                0x080121f0                strstr
 .text._close_r
                0x0801221c       0x20 /opt/st/stm32cubeide_1.19.0/plugins/com.st.stm32cube.ide.mcu.externaltools.gnu-tools-for-stm32.13.3.rel1.linux64_1.0.0.202410170706/tools/bin/../lib/gcc/arm-none-eabi/13.3.1/../../../../arm-none-eabi/lib/thumb/v7e-m+fp/hard/libc_nano.a(libc_a-closer.o)
                0x0801221c                _close_r
 .text._reclaim_reent
                0x0801223c       0xbc /opt/st/stm32cubeide_1.19.0/plugins/com.st.stm32cube.ide.mcu.externaltools.gnu-tools-for-stm32.13.3.rel1.linux64_1.0.0.202410170706/tools/bin/../lib/gcc/arm-none-eabi/13.3.1/../../../../arm-none-eabi/lib/thumb/v7e-m+fp/hard/libc_nano.a(libc_a-reent.o)
                0x0801223c                _reclaim_reent
 .text._lseek_r
                0x080122f8       0x24 /opt/st/stm32cubeide_1.19.0/plugins/com.st.stm32cube.ide.mcu.externaltools.gnu-tools-for-stm32.13.3.rel1.linux64_1.0.0.202410170706/tools/bin/../lib/gcc/arm-none-eabi/13.3.1/../../../../arm-none-eabi/lib/thumb/v7e-m+fp/hard/libc_nano.a(libc_a-lseekr.o)
                0x080122f8                _lseek_r
 .text._read_r  0x0801231c       0x24 /opt/st/stm32cubeide_1.19.0/plugins/com.st.stm32cube.ide.mcu.externaltools.gnu-tools-for-stm32.13.3.rel1.linux64_1.0.0.202410170706/tools/bin/../lib/gcc/arm-none-eabi/13.3.1/../../../../arm-none-eabi/lib/thumb/v7e-m+fp/hard/libc_nano.a(libc_a-readr.o)
                0x0801231c                _read_r
 .text._write_r
                0x08012340       0x24 /opt/st/stm32cubeide_1.19.0/plugins/com.st.stm32cube.ide.mcu.externaltools.gnu-tools-for-stm32.13.3.rel1.linux64_1.0.0.202410170706/tools/bin/../lib/gcc/arm-none-eabi/13.3.1/../../../../arm-none-eabi/lib/thumb/v7e-m+fp/hard/libc_nano.a(libc_a-writer.o)
                0x08012340                _write_r
 .text.__errno  0x08012364        0xc /opt/st/stm32cubeide_1.19.0/plugins/com.st.stm32cube.ide.mcu.externaltools.gnu-tools-for-stm32.13.3.rel1.linux64_1.0.0.202410170706/tools/bin/../lib/gcc/arm-none-eabi/13.3.1/../../../../arm-none-eabi/lib/thumb/v7e-m+fp/hard/libc_nano.a(libc_a-errno.o)
                0x08012364                __errno
 .text.__libc_init_array
                0x08012370       0x48 /opt/st/stm32cubeide_1.19.0/plugins/com.st.stm32cube.ide.mcu.externaltools.gnu-tools-for-stm32.13.3.rel1.linux64_1.0.0.202410170706/tools/bin/../lib/gcc/arm-none-eabi/13.3.1/../../../../arm-none-eabi/lib/thumb/v7e-m+fp/hard/libc_nano.a(libc_a-init.o)
                0x08012370                __libc_init_array
 .text.__retarget_lock_init_recursive
                0x080123b8        0x2 /opt/st/stm32cubeide_1.19.0/plugins/com.st.stm32cube.ide.mcu.externaltools.gnu-tools-for-stm32.13.3.rel1.linux64_1.0.0.202410170706/tools/bin/../lib/gcc/arm-none-eabi/13.3.1/../../../../arm-none-eabi/lib/thumb/v7e-m+fp/hard/libc_nano.a(libc_a-lock.o)
                0x080123b8                __retarget_lock_init_recursive
 .text.__retarget_lock_acquire_recursive
                0x080123ba        0x2 /opt/st/stm32cubeide_1.19.0/plugins/com.st.stm32cube.ide.mcu.externaltools.gnu-tools-for-stm32.13.3.rel1.linux64_1.0.0.202410170706/tools/bin/../lib/gcc/arm-none-eabi/13.3.1/../../../../arm-none-eabi/lib/thumb/v7e-m+fp/hard/libc_nano.a(libc_a-lock.o)
                0x080123ba                __retarget_lock_acquire_recursive
 .text.__retarget_lock_release_recursive
                0x080123bc        0x2 /opt/st/stm32cubeide_1.19.0/plugins/com.st.stm32cube.ide.mcu.externaltools.gnu-tools-for-stm32.13.3.rel1.linux64_1.0.0.202410170706/tools/bin/../lib/gcc/arm-none-eabi/13.3.1/../../../../arm-none-eabi/lib/thumb/v7e-m+fp/hard/libc_nano.a(libc_a-lock.o)
                0x080123bc                __retarget_lock_release_recursive
 .text.memcpy   0x080123be       0x1c /opt/st/stm32cubeide_1.19.0/plugins/com.st.stm32cube.ide.mcu.externaltools.gnu-tools-for-stm32.13.3.rel1.linux64_1.0.0.202410170706/tools/bin/../lib/gcc/arm-none-eabi/13.3.1/../../../../arm-none-eabi/lib/thumb/v7e-m+fp/hard/libc_nano.a(libc_a-memcpy-stub.o)
                0x080123be                memcpy
 .text.abort    0x080123da        0xe /opt/st/stm32cubeide_1.19.0/plugins/com.st.stm32cube.ide.mcu.externaltools.gnu-tools-for-stm32.13.3.rel1.linux64_1.0.0.202410170706/tools/bin/../lib/gcc/arm-none-eabi/13.3.1/../../../../arm-none-eabi/lib/thumb/v7e-m+fp/hard/libc_nano.a(libc_a-abort.o)
                0x080123da                abort
 .text._free_r  0x080123e8       0x94 /opt/st/stm32cubeide_1.19.0/plugins/com.st.stm32cube.ide.mcu.externaltools.gnu-tools-for-stm32.13.3.rel1.linux64_1.0.0.202410170706/tools/bin/../lib/gcc/arm-none-eabi/13.3.1/../../../../arm-none-eabi/lib/thumb/v7e-m+fp/hard/libc_nano.a(libc_a-freer.o)
                0x080123e8                _free_r
 .text.malloc   0x0801247c       0x10 /opt/st/stm32cubeide_1.19.0/plugins/com.st.stm32cube.ide.mcu.externaltools.gnu-tools-for-stm32.13.3.rel1.linux64_1.0.0.202410170706/tools/bin/../lib/gcc/arm-none-eabi/13.3.1/../../../../arm-none-eabi/lib/thumb/v7e-m+fp/hard/libc_nano.a(libc_a-malloc.o)
                0x0801247c                malloc
 .text.sbrk_aligned
                0x0801248c       0x44 /opt/st/stm32cubeide_1.19.0/plugins/com.st.stm32cube.ide.mcu.externaltools.gnu-tools-for-stm32.13.3.rel1.linux64_1.0.0.202410170706/tools/bin/../lib/gcc/arm-none-eabi/13.3.1/../../../../arm-none-eabi/lib/thumb/v7e-m+fp/hard/libc_nano.a(libc_a-mallocr.o)
 .text._malloc_r
                0x080124d0      0x100 /opt/st/stm32cubeide_1.19.0/plugins/com.st.stm32cube.ide.mcu.externaltools.gnu-tools-for-stm32.13.3.rel1.linux64_1.0.0.202410170706/tools/bin/../lib/gcc/arm-none-eabi/13.3.1/../../../../arm-none-eabi/lib/thumb/v7e-m+fp/hard/libc_nano.a(libc_a-mallocr.o)
                0x080124d0                _malloc_r
 .text.__malloc_lock
                0x080125d0        0xc /opt/st/stm32cubeide_1.19.0/plugins/com.st.stm32cube.ide.mcu.externaltools.gnu-tools-for-stm32.13.3.rel1.linux64_1.0.0.202410170706/tools/bin/../lib/gcc/arm-none-eabi/13.3.1/../../../../arm-none-eabi/lib/thumb/v7e-m+fp/hard/libc_nano.a(libc_a-mlock.o)
                0x080125d0                __malloc_lock
 .text.__malloc_unlock
                0x080125dc        0xc /opt/st/stm32cubeide_1.19.0/plugins/com.st.stm32cube.ide.mcu.externaltools.gnu-tools-for-stm32.13.3.rel1.linux64_1.0.0.202410170706/tools/bin/../lib/gcc/arm-none-eabi/13.3.1/../../../../arm-none-eabi/lib/thumb/v7e-m+fp/hard/libc_nano.a(libc_a-mlock.o)
                0x080125dc                __malloc_unlock
 .text.__ssputs_r
                0x080125e8       0xb6 /opt/st/stm32cubeide_1.19.0/plugins/com.st.stm32cube.ide.mcu.externaltools.gnu-tools-for-stm32.13.3.rel1.linux64_1.0.0.202410170706/tools/bin/../lib/gcc/arm-none-eabi/13.3.1/../../../../arm-none-eabi/lib/thumb/v7e-m+fp/hard/libc_nano.a(libc_a-nano-svfprintf.o)
                0x080125e8                __ssputs_r
 *fill*         0x0801269e        0x2 
 .text._svfprintf_r
                0x080126a0      0x1f8 /opt/st/stm32cubeide_1.19.0/plugins/com.st.stm32cube.ide.mcu.externaltools.gnu-tools-for-stm32.13.3.rel1.linux64_1.0.0.202410170706/tools/bin/../lib/gcc/arm-none-eabi/13.3.1/../../../../arm-none-eabi/lib/thumb/v7e-m+fp/hard/libc_nano.a(libc_a-nano-svfprintf.o)
                0x080126a0                _svfprintf_r
                0x080126a0                _svfiprintf_r
 .text.__sfputc_r
                0x08012898       0x2e /opt/st/stm32cubeide_1.19.0/plugins/com.st.stm32cube.ide.mcu.externaltools.gnu-tools-for-stm32.13.3.rel1.linux64_1.0.0.202410170706/tools/bin/../lib/gcc/arm-none-eabi/13.3.1/../../../../arm-none-eabi/lib/thumb/v7e-m+fp/hard/libc_nano.a(libc_a-nano-vfprintf.o)
 .text.__sfputs_r
                0x080128c6       0x24 /opt/st/stm32cubeide_1.19.0/plugins/com.st.stm32cube.ide.mcu.externaltools.gnu-tools-for-stm32.13.3.rel1.linux64_1.0.0.202410170706/tools/bin/../lib/gcc/arm-none-eabi/13.3.1/../../../../arm-none-eabi/lib/thumb/v7e-m+fp/hard/libc_nano.a(libc_a-nano-vfprintf.o)
                0x080128c6                __sfputs_r
 *fill*         0x080128ea        0x2 
 .text._vfprintf_r
                0x080128ec      0x230 /opt/st/stm32cubeide_1.19.0/plugins/com.st.stm32cube.ide.mcu.externaltools.gnu-tools-for-stm32.13.3.rel1.linux64_1.0.0.202410170706/tools/bin/../lib/gcc/arm-none-eabi/13.3.1/../../../../arm-none-eabi/lib/thumb/v7e-m+fp/hard/libc_nano.a(libc_a-nano-vfprintf.o)