2026-02-17 19:28:51,698 [INFO] Activator:176 - 


2026-02-17 19:28:51,701 [INFO] Activator:177 - !SESSION log4j initialized
2026-02-17 19:28:54,658 [ERROR] LogOutputStream:75 - [STDERR_REDIRECT] feb 17, 2026 7:28:54 P. M. org.apache.lucene.internal.vectorization.VectorizationProvider lookup
2026-02-17 19:28:54,660 [ERROR] LogOutputStream:75 - [STDERR_REDIRECT] ADVERTENCIA: Java vector incubator module is not readable. For optimal vector performance, pass '--add-modules jdk.incubator.vector' to enable Vector API.
2026-02-17 19:28:54,660 [ERROR] LogOutputStream:75 - [STDERR_REDIRECT] 
2026-02-17 19:28:55,656 [INFO] LogOutputStream:77 - [STDOUT_REDIRECT] 
2026-02-17 19:29:06,092 [INFO] ApplicationProperties:184 - Using Application install path: C:\ST\STM32CubeIDE_1.19.0\STM32CubeIDE\plugins\com.st.stm32cube.common.mx_6.15.0.202507011659
2026-02-17 19:29:06,107 [INFO] DbMcusXml:78 - Set database path to: C:\ST\STM32CubeIDE_1.19.0\STM32CubeIDE\plugins\com.st.stm32cube.common.mx_6.15.0.202507011659\\db\/mcu/
2026-02-17 19:29:06,107 [INFO] ApiDb:274 - Set plugin database path to: C:\ST\STM32CubeIDE_1.19.0\STM32CubeIDE\plugins\com.st.stm32cube.common.mx_6.15.0.202507011659\\db\/plugins/boardmanager/
2026-02-17 19:29:06,107 [WARN] ApiDb:259 - Overriding images path with different value:  => C:\ST\STM32CubeIDE_1.19.0\STM32CubeIDE\plugins\com.st.stm32cube.common.mx_6.15.0.202507011659\\db\/plugins/mcufinder/images/
2026-02-17 19:29:06,113 [INFO] ApiDb:250 - Set database path to: C:\Users\Manuel\.stmcufinder\plugins\mcufinder//mcu/
2026-02-17 19:29:06,114 [INFO] DbMcusAds:125 - Set database path to: C:\Users\Manuel\.stmcufinder\plugins\mcufinder//mcu/
2026-02-17 19:29:06,119 [INFO] CrossReferenceDbSqlite:203 - Set database path to: C:\Users\Manuel\.stmcufinder\plugins\mcufinder//mcu/cs/
2026-02-17 19:29:06,194 [INFO] RulesReader:64 - Compatibility file has been processed (317 Rules)
2026-02-17 19:29:06,249 [INFO] DbMcusXml:78 - Set database path to: C:\ST\STM32CubeIDE_1.19.0\STM32CubeIDE\plugins\com.st.stm32cube.common.mx_6.15.0.202507011659\\db\/mcu/
2026-02-17 19:29:06,249 [INFO] ApiDb:274 - Set plugin database path to: C:\ST\STM32CubeIDE_1.19.0\STM32CubeIDE\plugins\com.st.stm32cube.common.mx_6.15.0.202507011659\\db\/plugins/boardmanager/
2026-02-17 19:29:06,250 [INFO] ApiDb:261 - Set plugin images path to: C:\ST\STM32CubeIDE_1.19.0\STM32CubeIDE\plugins\com.st.stm32cube.common.mx_6.15.0.202507011659\\db\/plugins/mcufinder/images/
2026-02-17 19:29:06,250 [WARN] DbFile:41 - Overriding database path with different value: C:\Users\Manuel\.stmcufinder\plugins\mcufinder/ => C:\Users\Manuel\.stmcufinder\plugins\mcufinder
2026-02-17 19:29:06,250 [INFO] ApiDb:250 - Set database path to: C:\Users\Manuel\.stmcufinder\plugins\mcufinder//mcu/
2026-02-17 19:29:06,250 [WARN] DbFile:41 - Overriding database path with different value: C:\Users\Manuel\.stmcufinder\plugins\mcufinder/ => C:\Users\Manuel\.stmcufinder\plugins\mcufinder
2026-02-17 19:29:06,250 [INFO] DbMcusAds:125 - Set database path to: C:\Users\Manuel\.stmcufinder\plugins\mcufinder//mcu/
2026-02-17 19:29:06,250 [WARN] DbFile:41 - Overriding database path with different value: C:\Users\Manuel\.stmcufinder\plugins\mcufinder/ => C:\Users\Manuel\.stmcufinder\plugins\mcufinder
2026-02-17 19:29:06,250 [WARN] DbFile:41 - Overriding database path with different value: C:\Users\Manuel\.stmcufinder\plugins\mcufinder/ => C:\Users\Manuel\.stmcufinder\plugins\mcufinder
2026-02-17 19:29:06,250 [INFO] CrossReferenceDbSqlite:203 - Set database path to: C:\Users\Manuel\.stmcufinder\plugins\mcufinder//mcu/cs/
2026-02-17 19:29:06,301 [INFO] MainPanel:274 - HeapMemory: 297795584
2026-02-17 19:29:06,389 [INFO] DbMcusXml:78 - Set database path to: C:\ST\STM32CubeIDE_1.19.0\STM32CubeIDE\plugins\com.st.stm32cube.common.mx_6.15.0.202507011659\\db\/mcu/
2026-02-17 19:29:06,389 [INFO] ApiDb:274 - Set plugin database path to: C:\ST\STM32CubeIDE_1.19.0\STM32CubeIDE\plugins\com.st.stm32cube.common.mx_6.15.0.202507011659\\db\/plugins/boardmanager/
2026-02-17 19:29:06,389 [INFO] ApiDb:261 - Set plugin images path to: C:\ST\STM32CubeIDE_1.19.0\STM32CubeIDE\plugins\com.st.stm32cube.common.mx_6.15.0.202507011659\\db\/plugins/mcufinder/images/
2026-02-17 19:29:06,389 [WARN] DbFile:41 - Overriding database path with different value: C:\Users\Manuel\.stmcufinder\plugins\mcufinder/ => C:\Users\Manuel\.stmcufinder\plugins\mcufinder
2026-02-17 19:29:06,389 [INFO] ApiDb:250 - Set database path to: C:\Users\Manuel\.stmcufinder\plugins\mcufinder//mcu/
2026-02-17 19:29:06,389 [WARN] DbFile:41 - Overriding database path with different value: C:\Users\Manuel\.stmcufinder\plugins\mcufinder/ => C:\Users\Manuel\.stmcufinder\plugins\mcufinder
2026-02-17 19:29:06,389 [INFO] DbMcusAds:125 - Set database path to: C:\Users\Manuel\.stmcufinder\plugins\mcufinder//mcu/
2026-02-17 19:29:06,389 [WARN] DbFile:41 - Overriding database path with different value: C:\Users\Manuel\.stmcufinder\plugins\mcufinder/ => C:\Users\Manuel\.stmcufinder\plugins\mcufinder
2026-02-17 19:29:06,389 [WARN] DbFile:41 - Overriding database path with different value: C:\Users\Manuel\.stmcufinder\plugins\mcufinder/ => C:\Users\Manuel\.stmcufinder\plugins\mcufinder
2026-02-17 19:29:06,389 [INFO] CrossReferenceDbSqlite:203 - Set database path to: C:\Users\Manuel\.stmcufinder\plugins\mcufinder//mcu/cs/
2026-02-17 19:29:06,403 [INFO] ApplicationProperties:184 - Using Application install path: C:\ST\STM32CubeIDE_1.19.0\STM32CubeIDE\plugins\com.st.stm32cube.common.mx_6.15.0.202507011659
2026-02-17 19:29:06,403 [INFO] PluginManage:196 - Search for loadable plugins [exclusion list=, ]
2026-02-17 19:29:06,404 [INFO] PluginManage:310 - Check plugin analytics
2026-02-17 19:29:15,978 [INFO] AnalyticsPlugin:253 - Accepted Software Licenses: 
2026-02-17 19:29:15,978 [INFO] AnalyticsPlugin:255 - Accepted CMSIS Pack Licenses: 
2026-02-17 19:29:15,978 [INFO] AnalyticsPlugin:257 - Accepted Firmware Licenses: FW.L4.1.18.0
2026-02-17 19:29:15,979 [INFO] PluginManage:359 - Loaded plugin analytics (category:tool,tabindex:-1)
2026-02-17 19:29:15,979 [INFO] PluginManage:310 - Check plugin cadmodel
2026-02-17 19:29:15,983 [INFO] CADModel:105 - Init CAD model plugin
2026-02-17 19:29:15,983 [INFO] PluginManage:359 - Loaded plugin cadmodel (category:power,tabindex:5)
2026-02-17 19:29:15,983 [INFO] PluginManage:310 - Check plugin clock
2026-02-17 19:29:15,989 [INFO] PluginManage:359 - Loaded plugin clock (category:base,tabindex:2)
2026-02-17 19:29:15,989 [INFO] PluginManage:310 - Check plugin ddr
2026-02-17 19:29:15,990 [INFO] PluginManage:359 - Loaded plugin ddr (category:tool,tabindex:6)
2026-02-17 19:29:15,990 [INFO] PluginManage:310 - Check plugin filemanager
2026-02-17 19:29:16,072 [INFO] PluginManage:359 - Loaded plugin filemanager (category:base,tabindex:10)
2026-02-17 19:29:16,072 [INFO] PluginManage:310 - Check plugin ipmanager
2026-02-17 19:29:16,077 [INFO] PluginManage:359 - Loaded plugin ipmanager (category:base,tabindex:5)
2026-02-17 19:29:16,077 [INFO] PluginManage:310 - Check plugin lpbam
2026-02-17 19:29:16,081 [INFO] PluginManage:359 - Loaded plugin lpbam (category:base,tabindex:0)
2026-02-17 19:29:16,082 [INFO] PluginManage:310 - Check plugin memorymap
2026-02-17 19:29:16,091 [INFO] PluginManage:359 - Loaded plugin memorymap (category:base,tabindex:4)
2026-02-17 19:29:16,091 [INFO] PluginManage:310 - Check plugin pinoutandconfiguration
2026-02-17 19:29:16,097 [INFO] PluginManage:359 - Loaded plugin pinoutandconfiguration (category:base,tabindex:1)
2026-02-17 19:29:16,097 [INFO] PluginManage:310 - Check plugin pinoutconfig
2026-02-17 19:29:16,151 [WARN] SupportedApi:132 - Cannot load RTOS API schema: s4s-elt-must-match.1: The content of 'definitions' must match (annotation?, (simpleType | complexType)?, (unique | key | keyref)*)). A problem was found starting at: attribute.
2026-02-17 19:29:16,224 [INFO] PluginManage:359 - Loaded plugin pinoutconfig (category:base,tabindex:0)
2026-02-17 19:29:16,224 [INFO] PluginManage:310 - Check plugin power
2026-02-17 19:29:16,230 [INFO] PluginManage:359 - Loaded plugin power (category:power,tabindex:4)
2026-02-17 19:29:16,230 [INFO] PluginManage:310 - Check plugin projectmanager
2026-02-17 19:29:16,239 [INFO] PluginManage:359 - Loaded plugin projectmanager (category:projectmanager,tabindex:4)
2026-02-17 19:29:16,239 [INFO] PluginManage:310 - Check plugin rif
2026-02-17 19:29:16,245 [INFO] PluginManage:359 - Loaded plugin rif (category:base,tabindex:3)
2026-02-17 19:29:16,245 [INFO] PluginManage:310 - Check plugin thirdparty
2026-02-17 19:29:16,330 [INFO] PluginManage:359 - Loaded plugin thirdparty (category:base,tabindex:-1)
2026-02-17 19:29:16,330 [WARN] IntegrityCheckThread:84 - waiting for thirdparty lock release [integrity check]
2026-02-17 19:29:16,330 [INFO] PluginManage:310 - Check plugin tools
2026-02-17 19:29:16,330 [INFO] IntegrityCheckThread:86 - entering critical section [integrity check]
2026-02-17 19:29:16,330 [INFO] ThirdPartyUpdaterWithRetryManager:70 - Updater plugin not ready yet. [1/15]
2026-02-17 19:29:16,331 [INFO] PluginManage:359 - Loaded plugin tools (category:base,tabindex:7)
2026-02-17 19:29:16,331 [INFO] PluginManage:310 - Check plugin tutovideos
2026-02-17 19:29:16,449 [INFO] PluginManage:359 - Loaded plugin tutovideos (category:base,tabindex:-1)
2026-02-17 19:29:16,449 [INFO] PluginManage:310 - Check plugin updater
2026-02-17 19:29:16,461 [INFO] PluginManage:359 - Loaded plugin updater (category:base,tabindex:12)
2026-02-17 19:29:16,461 [INFO] PluginManage:310 - Check plugin userauth
2026-02-17 19:29:16,464 [INFO] UserAuth:118 - Init User Auth plugin
2026-02-17 19:29:16,464 [INFO] PluginManage:359 - Loaded plugin userauth (category:base,tabindex:14)
2026-02-17 19:29:16,464 [INFO] PluginManage:283 - PluginManage : Loaded plugins [18]
2026-02-17 19:29:16,585 [INFO] PinOutPanel:1589 - setPackage(No Configuration,No Configuration)
2026-02-17 19:29:16,636 [INFO] CADModel:165 - CPN selected for project level
2026-02-17 19:29:16,636 [INFO] CADModel:114 - Register for checkConnection events
2026-02-17 19:29:16,647 [INFO] IPUIPlugin:80 - create IPUIPlugin
2026-02-17 19:29:16,648 [INFO] PluginManager:220 - loadIPPluginJar : add adc
2026-02-17 19:29:16,649 [INFO] IPUIPlugin:80 - create IPUIPlugin
2026-02-17 19:29:16,649 [INFO] PluginManager:220 - loadIPPluginJar : add aes
2026-02-17 19:29:16,651 [INFO] IPUIPlugin:80 - create IPUIPlugin
2026-02-17 19:29:16,651 [INFO] PluginManager:220 - loadIPPluginJar : add can
2026-02-17 19:29:16,652 [INFO] IPUIPlugin:80 - create IPUIPlugin
2026-02-17 19:29:16,652 [INFO] PluginManager:220 - loadIPPluginJar : add comp
2026-02-17 19:29:16,654 [INFO] IPUIPlugin:80 - create IPUIPlugin
2026-02-17 19:29:16,654 [INFO] PluginManager:220 - loadIPPluginJar : add cryp
2026-02-17 19:29:16,656 [INFO] IPUIPlugin:80 - create IPUIPlugin
2026-02-17 19:29:16,656 [INFO] PluginManager:220 - loadIPPluginJar : add ddr_ctrl_phy
2026-02-17 19:29:16,658 [INFO] IPUIPlugin:80 - create IPUIPlugin
2026-02-17 19:29:16,658 [INFO] PluginManager:220 - loadIPPluginJar : add dfsdm
2026-02-17 19:29:16,661 [INFO] IPUIPlugin:80 - create IPUIPlugin
2026-02-17 19:29:16,661 [INFO] PluginManager:220 - loadIPPluginJar : add dma
2026-02-17 19:29:16,663 [INFO] IPUIPlugin:80 - create IPUIPlugin
2026-02-17 19:29:16,663 [INFO] PluginManager:220 - loadIPPluginJar : add dma3
2026-02-17 19:29:16,664 [INFO] IPUIPlugin:80 - create IPUIPlugin
2026-02-17 19:29:16,665 [INFO] PluginManager:220 - loadIPPluginJar : add extmemmanager
2026-02-17 19:29:16,666 [INFO] IPUIPlugin:80 - create IPUIPlugin
2026-02-17 19:29:16,666 [INFO] PluginManager:220 - loadIPPluginJar : add fatfs
2026-02-17 19:29:16,669 [INFO] IPUIPlugin:80 - create IPUIPlugin
2026-02-17 19:29:16,669 [INFO] PluginManager:220 - loadIPPluginJar : add fmc
2026-02-17 19:29:16,672 [INFO] IPUIPlugin:80 - create IPUIPlugin
2026-02-17 19:29:16,672 [INFO] PluginManager:220 - loadIPPluginJar : add freertos
2026-02-17 19:29:16,673 [INFO] IPUIPlugin:80 - create IPUIPlugin
2026-02-17 19:29:16,673 [INFO] PluginManager:220 - loadIPPluginJar : add genericplugin
2026-02-17 19:29:16,675 [INFO] IPUIPlugin:80 - create IPUIPlugin
2026-02-17 19:29:16,675 [INFO] PluginManager:220 - loadIPPluginJar : add gfxmmu
2026-02-17 19:29:16,678 [INFO] IPUIPlugin:80 - create IPUIPlugin
2026-02-17 19:29:16,678 [INFO] PluginManager:220 - loadIPPluginJar : add gic
2026-02-17 19:29:16,681 [INFO] IPUIPlugin:80 - create IPUIPlugin
2026-02-17 19:29:16,681 [INFO] PluginManager:220 - loadIPPluginJar : add gpio
2026-02-17 19:29:16,682 [INFO] IPUIPlugin:80 - create IPUIPlugin
2026-02-17 19:29:16,683 [INFO] PluginManager:220 - loadIPPluginJar : add gtzc
2026-02-17 19:29:16,684 [INFO] IPUIPlugin:80 - create IPUIPlugin
2026-02-17 19:29:16,684 [INFO] PluginManager:220 - loadIPPluginJar : add hash
2026-02-17 19:29:16,687 [INFO] IPUIPlugin:80 - create IPUIPlugin
2026-02-17 19:29:16,687 [INFO] PluginManager:220 - loadIPPluginJar : add i2c
2026-02-17 19:29:16,689 [INFO] IPUIPlugin:80 - create IPUIPlugin
2026-02-17 19:29:16,689 [INFO] PluginManager:220 - loadIPPluginJar : add i2s
2026-02-17 19:29:16,691 [INFO] IPUIPlugin:80 - create IPUIPlugin
2026-02-17 19:29:16,691 [INFO] PluginManager:220 - loadIPPluginJar : add i3c
2026-02-17 19:29:16,694 [INFO] IPUIPlugin:80 - create IPUIPlugin
2026-02-17 19:29:16,694 [INFO] PluginManager:220 - loadIPPluginJar : add ipddr
2026-02-17 19:29:16,699 [INFO] IPUIPlugin:80 - create IPUIPlugin
2026-02-17 19:29:16,699 [INFO] PluginManager:220 - loadIPPluginJar : add linkedlist
2026-02-17 19:29:16,701 [INFO] IPUIPlugin:80 - create IPUIPlugin
2026-02-17 19:29:16,701 [INFO] PluginManager:220 - loadIPPluginJar : add lorawan
2026-02-17 19:29:16,702 [INFO] IPUIPlugin:80 - create IPUIPlugin
2026-02-17 19:29:16,702 [INFO] PluginManager:220 - loadIPPluginJar : add ltdc
2026-02-17 19:29:16,707 [INFO] IPUIPlugin:80 - create IPUIPlugin
2026-02-17 19:29:16,707 [INFO] PluginManager:220 - loadIPPluginJar : add mdma
2026-02-17 19:29:16,709 [INFO] IPUIPlugin:80 - create IPUIPlugin
2026-02-17 19:29:16,709 [INFO] PluginManager:220 - loadIPPluginJar : add nvic
2026-02-17 19:29:16,711 [INFO] IPUIPlugin:80 - create IPUIPlugin
2026-02-17 19:29:16,711 [INFO] PluginManager:220 - loadIPPluginJar : add opamp
2026-02-17 19:29:16,713 [INFO] IPUIPlugin:80 - create IPUIPlugin
2026-02-17 19:29:16,713 [INFO] PluginManager:220 - loadIPPluginJar : add openamp
2026-02-17 19:29:16,714 [INFO] IPUIPlugin:80 - create IPUIPlugin
2026-02-17 19:29:16,714 [INFO] PluginManager:220 - loadIPPluginJar : add pdm2pcm
2026-02-17 19:29:16,717 [INFO] IPUIPlugin:80 - create IPUIPlugin
2026-02-17 19:29:16,719 [INFO] PluginManager:220 - loadIPPluginJar : add plateformsettings
2026-02-17 19:29:16,720 [INFO] IPUIPlugin:80 - create IPUIPlugin
2026-02-17 19:29:16,720 [INFO] PluginManager:220 - loadIPPluginJar : add quadspi
2026-02-17 19:29:16,721 [INFO] IPUIPlugin:80 - create IPUIPlugin
2026-02-17 19:29:16,721 [INFO] PluginManager:220 - loadIPPluginJar : add radio
2026-02-17 19:29:16,723 [INFO] IPUIPlugin:80 - create IPUIPlugin
2026-02-17 19:29:16,723 [INFO] PluginManager:220 - loadIPPluginJar : add resmgrutility
2026-02-17 19:29:16,725 [INFO] IPUIPlugin:80 - create IPUIPlugin
2026-02-17 19:29:16,725 [INFO] PluginManager:220 - loadIPPluginJar : add sai
2026-02-17 19:29:16,727 [INFO] IPUIPlugin:80 - create IPUIPlugin
2026-02-17 19:29:16,727 [INFO] PluginManager:220 - loadIPPluginJar : add spi
2026-02-17 19:29:16,730 [INFO] IPUIPlugin:80 - create IPUIPlugin
2026-02-17 19:29:16,731 [INFO] PluginManager:220 - loadIPPluginJar : add stm32_wpan
2026-02-17 19:29:16,732 [INFO] IPUIPlugin:80 - create IPUIPlugin
2026-02-17 19:29:16,732 [INFO] PluginManager:220 - loadIPPluginJar : add tim
2026-02-17 19:29:16,735 [INFO] IPUIPlugin:80 - create IPUIPlugin
2026-02-17 19:29:16,735 [INFO] PluginManager:220 - loadIPPluginJar : add touchsensing
2026-02-17 19:29:16,737 [INFO] IPUIPlugin:80 - create IPUIPlugin
2026-02-17 19:29:16,737 [INFO] PluginManager:220 - loadIPPluginJar : add tracer_emb
2026-02-17 19:29:16,738 [INFO] IPUIPlugin:80 - create IPUIPlugin
2026-02-17 19:29:16,738 [INFO] PluginManager:220 - loadIPPluginJar : add ts
2026-02-17 19:29:16,739 [INFO] IPUIPlugin:80 - create IPUIPlugin
2026-02-17 19:29:16,739 [INFO] PluginManager:220 - loadIPPluginJar : add tsc
2026-02-17 19:29:16,740 [INFO] IPUIPlugin:80 - create IPUIPlugin
2026-02-17 19:29:16,740 [INFO] PluginManager:220 - loadIPPluginJar : add ucpd
2026-02-17 19:29:16,742 [INFO] IPUIPlugin:80 - create IPUIPlugin
2026-02-17 19:29:16,742 [INFO] PluginManager:220 - loadIPPluginJar : add usart
2026-02-17 19:29:16,743 [INFO] IPUIPlugin:80 - create IPUIPlugin
2026-02-17 19:29:16,743 [INFO] PluginManager:220 - loadIPPluginJar : add usbx
2026-02-17 19:29:16,842 [FATAL] Updater:351 - Updater called before beeing initialized
2026-02-17 19:29:16,858 [INFO] RulesReader:64 - Compatibility file has been processed (317 Rules)
2026-02-17 19:29:16,863 [INFO] RulesReader:64 - Compatibility file has been processed (317 Rules)
2026-02-17 19:29:16,870 [INFO] CADModel:165 - CPN selected for project level
2026-02-17 19:29:16,870 [INFO] CADModel:114 - Register for checkConnection events
2026-02-17 19:29:16,870 [FATAL] Updater:351 - Updater called before beeing initialized
2026-02-17 19:29:16,870 [ERROR] CADModel:125 - Updater not yet initialized, retry later 
2026-02-17 19:29:16,957 [FATAL] Updater:351 - Updater called before beeing initialized
2026-02-17 19:29:16,958 [INFO] CADModel:165 - CPN selected for project level
2026-02-17 19:29:16,958 [INFO] CADModel:114 - Register for checkConnection events
2026-02-17 19:29:16,958 [FATAL] Updater:351 - Updater called before beeing initialized
2026-02-17 19:29:16,958 [ERROR] CADModel:125 - Updater not yet initialized, retry later 
2026-02-17 19:29:16,959 [FATAL] Updater:351 - Updater called before beeing initialized
2026-02-17 19:29:17,027 [FATAL] Updater:351 - Updater called before beeing initialized
2026-02-17 19:29:17,032 [INFO] DbMcusAds:53 - JSON generation date=Thu Jan 08 16:57:51 CET 2026 (1767887871456)
2026-02-17 19:29:17,032 [FATAL] Updater:351 - Updater called before beeing initialized
2026-02-17 19:29:17,054 [WARN] DetailPanel:346 - Failed to get advertising image, set to default
2026-02-17 19:29:17,105 [FATAL] Updater:351 - Updater called before beeing initialized
2026-02-17 19:29:17,106 [FATAL] Updater:351 - Updater called before beeing initialized
2026-02-17 19:29:17,107 [FATAL] Updater:351 - Updater called before beeing initialized
2026-02-17 19:29:17,107 [WARN] DetailPanel:346 - Failed to get advertising image, set to default
2026-02-17 19:29:17,107 [FATAL] Updater:351 - Updater called before beeing initialized
2026-02-17 19:29:17,131 [ERROR] Updater:1198 - MainUpdater not yet initialized. External WinMGr cannot be set.
2026-02-17 19:29:17,132 [INFO] Updater:1134 - Updater Version found : 6.15.0
2026-02-17 19:29:17,143 [INFO] ApplicationProperties:184 - Using Application install path: C:\ST\STM32CubeIDE_1.19.0\STM32CubeIDE\plugins\com.st.stm32cube.common.mx_6.15.0.202507011659
2026-02-17 19:29:18,704 [ERROR] LogOutputStream:75 - [STDERR_REDIRECT] Feb 17, 2026 7:29:18 PM java.util.prefs.WindowsPreferences <init>
2026-02-17 19:29:18,704 [ERROR] LogOutputStream:75 - [STDERR_REDIRECT] WARNING: Could not open/create prefs root node Software\JavaSoft\Prefs at root 0xffffffff80000002. Windows RegCreateKeyEx(...) returned error code 5.
2026-02-17 19:29:18,704 [ERROR] LogOutputStream:75 - [STDERR_REDIRECT] 
2026-02-17 19:29:18,947 [INFO] MainUpdater:2872 - connection check result : 10
2026-02-17 19:29:18,947 [INFO] MainUpdater:3604 - Updater definition file requires update
2026-02-17 19:29:18,947 [INFO] MainUpdater:289 - Updater Check For Update Now.
2026-02-17 19:29:18,947 [INFO] MicroXplorer:498 - Change Database Version : DB.6.0.150
2026-02-17 19:29:18,951 [INFO] McuFinderGlobals:63 - Set McuFinder mode to 2 (CubeIDE integrated)
2026-02-17 19:29:18,951 [INFO] UserAuth:487 - Internet connection configuration mode: 1
2026-02-17 19:29:18,963 [INFO] JxBrowserEngine:152 - Initiate JxBrowser Engine with user profile folder
2026-02-17 19:29:18,966 [INFO] ServerAccessManage:452 - Complete download http(s) 200
2026-02-17 19:29:18,966 [INFO] ServerAccessManage:509 - Download File updaters.zip
2026-02-17 19:29:19,037 [INFO] FileExtend:248 - Unzip File : updaters.zip
2026-02-17 19:29:19,037 [INFO] FileExtend:263 - Standard Zip Deflate
2026-02-17 19:29:19,236 [INFO] ServerAccessManage:452 - Complete download http(s) 200
2026-02-17 19:29:19,236 [INFO] ServerAccessManage:509 - Download File PacksControlFlags.xml
2026-02-17 19:29:19,269 [INFO] ServerAccessManage:452 - Complete download http(s) 200
2026-02-17 19:29:19,269 [INFO] ServerAccessManage:509 - Download File cubemx.pidx
2026-02-17 19:29:19,331 [WARN] MainUpdater:1193 - Updater busy. Cannot search thirdparties
2026-02-17 19:29:19,331 [INFO] ThirdPartyUpdaterWithRetryManager:96 - Updater plugin is busy. [1/15]
2026-02-17 19:29:19,460 [INFO] ServerAccessManage:452 - Complete download http(s) 200
2026-02-17 19:29:19,460 [INFO] ServerAccessManage:509 - Download File STMicroelectronics.FP-SNS-MOTENVWB1.pdsc
2026-02-17 19:29:20,255 [WARN] PackLoader:240 - Cannot read IP mode file for STMicroelectronics.FP-SNS-MOTENVWB1.1.5.0
2026-02-17 19:29:20,256 [INFO] PopulateThirdPartyThread:66 - Ending populate Thread
2026-02-17 19:29:20,258 [INFO] ThirdParty:1030 - CMSIS Pack Vendor :STMicroelectronics FP-SNS-MOTENVWB1 1.5.0
2026-02-17 19:29:20,258 [INFO] LoadServerUpdatesThread:375 - End of LoadServerUpdate Thread
2026-02-17 19:29:20,322 [INFO] CheckServerUpdateThread:120 - End of CheckServer Thread
2026-02-17 19:29:20,359 [INFO] WebApp:169 - Instantiating new browser for Auth
2026-02-17 19:29:20,748 [INFO] WebApp:463 - Apply proxy settings
2026-02-17 19:29:20,748 [INFO] WebApp:548 - Chromium requires no authentication
2026-02-17 19:29:20,754 [INFO] WebApp:491 - Direct internet connection detected
2026-02-17 19:29:20,768 [INFO] WebApp:900 - Register for checkConnection events
2026-02-17 19:29:20,768 [INFO] WebApp:463 - Apply proxy settings
2026-02-17 19:29:20,768 [INFO] WebApp:548 - Chromium requires no authentication
2026-02-17 19:29:20,768 [INFO] WebApp:491 - Direct internet connection detected
2026-02-17 19:29:20,875 [INFO] WebApp:225 - Starting web application
2026-02-17 19:29:20,875 [INFO] WebApp:593 - Web application path used C:\ST\STM32CubeIDE_1.19.0\STM32CubeIDE\plugins\com.st.stm32cube.common.mx_6.15.0.202507011659\db\plugins\mcufinder\reactClient1\index.html
2026-02-17 19:29:20,962 [INFO] UserAuth:487 - Internet connection configuration mode: 1
2026-02-17 19:29:20,988 [INFO] WebApp:191 - Connection restablished
2026-02-17 19:29:22,445 [WARN] PackLoader:240 - Cannot read IP mode file for STMicroelectronics.FP-SNS-MOTENVWB1.1.4.0
2026-02-17 19:29:22,449 [WARN] PackLoader:240 - Cannot read IP mode file for STMicroelectronics.FP-ATR-ASTRA1.2.0.2
2026-02-17 19:29:22,452 [WARN] PackLoader:240 - Cannot read IP mode file for STMicroelectronics.X-CUBE-SMBUS.2.1.0
2026-02-17 19:29:22,454 [WARN] PackLoader:240 - Cannot read IP mode file for STMicroelectronics.X-CUBE-TOUCHGFX.4.23.0
2026-02-17 19:29:22,464 [WARN] PackLoader:240 - Cannot read IP mode file for STMicroelectronics.X-CUBE-AZRTOS-F7.1.1.0
2026-02-17 19:29:22,469 [WARN] PackLoader:240 - Cannot read IP mode file for STMicroelectronics.FP-SNS-MOTENV1.4.3.2
2026-02-17 19:29:22,471 [WARN] PackLoader:240 - Cannot read IP mode file for STMicroelectronics.FP-SNS-MOTENV1.5.1.0
2026-02-17 19:29:22,478 [WARN] PackLoader:240 - Cannot read IP mode file for WES.I-CUBE-Cesium.1.4.0
2026-02-17 19:29:22,480 [WARN] PackLoader:240 - Cannot read IP mode file for STMicroelectronics.FP-SNS-FLIGHT1.5.0.2
2026-02-17 19:29:22,493 [WARN] PackLoader:240 - Cannot read IP mode file for STMicroelectronics.X-CUBE-AZRTOS-H7.3.4.0
2026-02-17 19:29:22,499 [WARN] PackLoader:240 - Cannot read IP mode file for STMicroelectronics.X-CUBE-DISPLAY.3.0.0
2026-02-17 19:29:22,502 [WARN] PackLoader:240 - Cannot read IP mode file for STMicroelectronics.FP-SNS-MOTENVWB1.1.5.0
2026-02-17 19:29:22,508 [WARN] PackLoader:240 - Cannot read IP mode file for STMicroelectronics.X-CUBE-BLE1.7.0.0
2026-02-17 19:29:22,511 [WARN] PackLoader:240 - Cannot read IP mode file for STMicroelectronics.X-CUBE-NFC10.1.0.0
2026-02-17 19:29:22,515 [WARN] PackLoader:240 - Cannot read IP mode file for STMicroelectronics.X-CUBE-ST60.1.1.0
2026-02-17 19:29:22,518 [WARN] PackLoader:240 - Cannot read IP mode file for emotas.I-CUBE-CANOPEN.1.3.0
2026-02-17 19:29:22,521 [WARN] PackLoader:240 - Cannot read IP mode file for STMicroelectronics.X-CUBE-GNSS1.7.1.0
2026-02-17 19:29:22,524 [WARN] PackLoader:240 - Cannot read IP mode file for STMicroelectronics.FP-SNS-STBOX1.2.1.0
2026-02-17 19:29:22,527 [WARN] PackLoader:240 - Cannot read IP mode file for STMicroelectronics.FP-SNS-SMARTAG2.1.2.0
2026-02-17 19:29:22,529 [WARN] PackLoader:240 - Cannot read IP mode file for STMicroelectronics.FP-SNS-FLIGHT1.5.1.0
2026-02-17 19:29:22,532 [INFO] LogOutputStream:77 - [STDOUT_REDIRECT] 1 : Invalid condition id : UX_CORESTACK_Condition cause : null
2026-02-17 19:29:22,533 [INFO] LogOutputStream:77 - [STDOUT_REDIRECT] 1 : Invalid condition id : UX_CORESTACK_Condition cause : null
2026-02-17 19:29:22,533 [INFO] LogOutputStream:77 - [STDOUT_REDIRECT] 1 : Invalid condition id : UX_CORESTACK_Condition cause : null
2026-02-17 19:29:22,534 [INFO] LogOutputStream:77 - [STDOUT_REDIRECT] 1 : Invalid condition id : UX_CORESTACK_Condition cause : null
2026-02-17 19:29:22,535 [INFO] LogOutputStream:77 - [STDOUT_REDIRECT] 1 : Invalid condition id : UX_CORESTACK_Condition cause : null
2026-02-17 19:29:22,537 [WARN] PackLoader:240 - Cannot read IP mode file for STMicroelectronics.X-CUBE-AZRTOS-WL.2.0.0
2026-02-17 19:29:22,543 [WARN] PackLoader:240 - Cannot read IP mode file for STMicroelectronics.X-CUBE-AZRTOS-H7RS.1.2.0
2026-02-17 19:29:22,547 [WARN] PackLoader:240 - Cannot read IP mode file for WES.I-CUBE-Cesium.1.3.0
2026-02-17 19:29:22,550 [WARN] PackLoader:240 - Cannot read IP mode file for STMicroelectronics.X-CUBE-BLE2.3.3.0
2026-02-17 19:29:22,565 [WARN] PackLoader:240 - Cannot read IP mode file for Infineon.AIROC-Wi-Fi-Bluetooth-STM32.1.8.0
2026-02-17 19:29:22,570 [WARN] PackLoader:240 - Cannot read IP mode file for STMicroelectronics.X-CUBE-NFC9.1.0.0
2026-02-17 19:29:22,573 [WARN] PackLoader:240 - Cannot read IP mode file for STMicroelectronics.X-CUBE-BLE1.7.1.0
2026-02-17 19:29:22,575 [WARN] PackLoader:240 - Cannot read IP mode file for wolfSSL.I-CUBE-wolfMQTT.1.19.2
2026-02-17 19:29:22,578 [WARN] PackLoader:240 - Cannot read IP mode file for STMicroelectronics.X-CUBE-FREERTOS.1.4.0
2026-02-17 19:29:22,581 [WARN] PackLoader:240 - Cannot read IP mode file for STMicroelectronics.X-CUBE-EEPRMA1.5.2.0
2026-02-17 19:29:22,583 [WARN] PackLoader:240 - Cannot read IP mode file for wolfSSL.I-CUBE-wolfSSL.5.8.4
2026-02-17 19:29:22,586 [WARN] PackLoader:240 - Cannot read IP mode file for Cesanta.I-CUBE-Mongoose.7.20.0
2026-02-17 19:29:22,601 [WARN] PackLoader:240 - Cannot read IP mode file for STMicroelectronics.X-CUBE-MEMS1.12.0.0
2026-02-17 19:29:22,640 [WARN] PackLoader:240 - Cannot read IP mode file for STMicroelectronics.X-CUBE-ALGOBUILD.1.3.0
2026-02-17 19:29:22,646 [WARN] PackLoader:240 - Cannot read IP mode file for STMicroelectronics.X-CUBE-AZRTOS-G0.1.1.0
2026-02-17 19:29:22,649 [WARN] PackLoader:240 - Cannot read IP mode file for STMicroelectronics.X-CUBE-NFC4.3.0.0
2026-02-17 19:29:22,654 [WARN] PackLoader:240 - Cannot read IP mode file for EmbeddedOffice.I-CUBE-FS-RTOS.1.0.1
2026-02-17 19:29:22,657 [WARN] PackLoader:240 - Cannot read IP mode file for STMicroelectronics.X-CUBE-WB05N.2.0.0
2026-02-17 19:29:22,661 [WARN] PackLoader:240 - Cannot read IP mode file for STMicroelectronics.X-CUBE-BLEMGR.3.0.0
2026-02-17 19:29:22,664 [WARN] PackLoader:240 - Cannot read IP mode file for wolfSSL.I-CUBE-wolfTPM.3.8.0
2026-02-17 19:29:22,667 [WARN] PackLoader:240 - Cannot read IP mode file for STMicroelectronics.X-CUBE-TCPP.4.2.0
2026-02-17 19:29:22,671 [WARN] PackLoader:240 - Cannot read IP mode file for RealThread.X-CUBE-RT-Thread_Nano.4.1.1
2026-02-17 19:29:22,673 [WARN] PackLoader:240 - Cannot read IP mode file for STMicroelectronics.FP-ATR-SIGFOX1.3.2.0
2026-02-17 19:29:22,676 [WARN] PackLoader:240 - Cannot read IP mode file for STMicroelectronics.X-CUBE-EEPRMA1.5.1.0
2026-02-17 19:29:22,680 [WARN] PackLoader:240 - Cannot read IP mode file for ITTIA_DB.I-CUBE-ITTIADB.8.9.0
2026-02-17 19:29:22,683 [WARN] PackLoader:240 - Cannot read IP mode file for STMicroelectronics.X-CUBE-NFC6.3.2.0
2026-02-17 19:29:22,686 [WARN] PackLoader:240 - Cannot read IP mode file for STMicroelectronics.X-CUBE-AI.10.2.0
2026-02-17 19:29:22,697 [WARN] PackLoader:240 - Cannot read IP mode file for SEGGER.I-CUBE-embOS.1.3.1
2026-02-17 19:29:22,712 [WARN] PackLoader:240 - Cannot read IP mode file for STMicroelectronics.X-CUBE-ALGOBUILD.1.4.0
2026-02-17 19:29:22,714 [WARN] PackLoader:240 - Cannot read IP mode file for STMicroelectronics.X-CUBE-PM33A1.1.0.0
2026-02-17 19:29:22,717 [WARN] PackLoader:240 - Cannot read IP mode file for STMicroelectronics.X-CUBE-GNSS1.6.0.0
2026-02-17 19:29:22,723 [WARN] PackLoader:240 - Cannot read IP mode file for STMicroelectronics.X-CUBE-AZRTOS-F4.1.1.0
2026-02-17 19:29:22,727 [WARN] PackLoader:240 - Cannot read IP mode file for STMicroelectronics.X-CUBE-ISPU.2.1.0
2026-02-17 19:29:22,732 [WARN] PackLoader:240 - Cannot read IP mode file for STMicroelectronics.X-CUBE-IPS.3.2.0
2026-02-17 19:29:22,737 [WARN] PackLoader:240 - Cannot read IP mode file for wolfSSL.I-CUBE-wolfSSL.5.6.6
2026-02-17 19:29:22,739 [WARN] PackLoader:240 - Cannot read IP mode file for STMicroelectronics.X-CUBE-NFC12.1.0.0
2026-02-17 19:29:22,746 [WARN] PackLoader:240 - Cannot read IP mode file for STMicroelectronics.X-CUBE-AZRTOS-L5.2.0.0
2026-02-17 19:29:22,749 [WARN] PackLoader:240 - Cannot read IP mode file for STMicroelectronics.X-CUBE-EEPRMA1.4.2.0
2026-02-17 19:29:22,752 [WARN] PackLoader:240 - Cannot read IP mode file for STMicroelectronics.X-CUBE-NFC6.3.1.0
2026-02-17 19:29:22,754 [WARN] PackLoader:240 - Cannot read IP mode file for ITTIA_DB.I-CUBE-ITTIADB.8.8.0
2026-02-17 19:29:22,758 [WARN] PackLoader:240 - Cannot read IP mode file for STMicroelectronics.X-CUBE-NFC7.1.0.1
2026-02-17 19:29:22,760 [WARN] PackLoader:240 - Cannot read IP mode file for STMicroelectronics.X-CUBE-TOUCHGFX.4.26.0
2026-02-17 19:29:22,762 [WARN] PackLoader:240 - Cannot read IP mode file for STMicroelectronics.X-CUBE-NFC6.3.0.0
2026-02-17 19:29:22,765 [WARN] PackLoader:240 - Cannot read IP mode file for STMicroelectronics.FP-SNS-STAIOTCFT.1.0.0
2026-02-17 19:29:22,768 [WARN] PackLoader:240 - Cannot read IP mode file for STMicroelectronics.X-CUBE-DPower.1.3.0
2026-02-17 19:29:22,770 [WARN] PackLoader:240 - Cannot read IP mode file for STMicroelectronics.X-CUBE-AI.8.1.0
2026-02-17 19:29:22,777 [WARN] ConditionMgr:438 - getConditionDescription Invalid condition id : LAN8742 Phy interface Condition cause : null
2026-02-17 19:29:22,777 [WARN] PackLoader:240 - Cannot read IP mode file for STMicroelectronics.X-CUBE-AZRTOS-L4.2.0.0
2026-02-17 19:29:22,778 [WARN] ConditionMgr:1044 - genDependencies : Invalid condition id : LAN8742 Phy interface Condition cause : null
2026-02-17 19:29:22,778 [WARN] ConditionMgr:1044 - genDependencies : Invalid condition id : LAN8742 Phy interface Condition cause : null
2026-02-17 19:29:22,778 [WARN] ConditionMgr:1044 - genDependencies : Invalid condition id : LAN8742 Phy interface Condition cause : null
2026-02-17 19:29:22,781 [WARN] PackLoader:240 - Cannot read IP mode file for STMicroelectronics.X-CUBE-SFXS2LP1.4.0.0
2026-02-17 19:29:22,784 [WARN] PackLoader:240 - Cannot read IP mode file for STMicroelectronics.X-CUBE-ST67W61.1.2.0
2026-02-17 19:29:22,788 [WARN] PackLoader:240 - Cannot read IP mode file for STMicroelectronics.X-CUBE-BLEMGR.4.1.0
2026-02-17 19:29:22,793 [WARN] ConditionMgr:438 - getConditionDescription Invalid condition id : UX DEVICE CLASS RTOS Condition cause : null
2026-02-17 19:29:22,793 [WARN] ConditionMgr:438 - getConditionDescription Invalid condition id : UX DEVICE CLASS RTOS Condition cause : null
2026-02-17 19:29:22,794 [WARN] PackLoader:240 - Cannot read IP mode file for STMicroelectronics.X-CUBE-AZRTOS-WB.2.0.0
2026-02-17 19:29:22,794 [WARN] ConditionMgr:1044 - genDependencies : Invalid condition id : UX DEVICE CLASS RTOS Condition cause : null
2026-02-17 19:29:22,795 [WARN] ConditionMgr:1044 - genDependencies : Invalid condition id : UX DEVICE CLASS RTOS Condition cause : null
2026-02-17 19:29:22,795 [WARN] ConditionMgr:1044 - genDependencies : Invalid condition id : UX DEVICE CLASS RTOS Condition cause : null
2026-02-17 19:29:22,795 [WARN] ConditionMgr:1044 - genDependencies : Invalid condition id : UX DEVICE CLASS RTOS Condition cause : null
2026-02-17 19:29:22,795 [WARN] ConditionMgr:1044 - genDependencies : Invalid condition id : UX DEVICE CLASS RTOS Condition cause : null
2026-02-17 19:29:22,798 [WARN] ConditionMgr:438 - getConditionDescription Invalid condition id : Cortex-A Device cause : null
2026-02-17 19:29:22,801 [WARN] ConditionMgr:1044 - genDependencies : Invalid condition id : Cortex-A Device cause : null
2026-02-17 19:29:22,801 [WARN] ConditionMgr:1044 - genDependencies : Invalid condition id : Cortex-A Device cause : null
2026-02-17 19:29:22,801 [WARN] ConditionMgr:1044 - genDependencies : Invalid condition id : Cortex-A Device cause : null
2026-02-17 19:29:22,804 [WARN] PackLoader:240 - Cannot read IP mode file for STMicroelectronics.X-CUBE-STSE01.2.0.0
2026-02-17 19:29:22,812 [WARN] PackLoader:240 - Cannot read IP mode file for STMicroelectronics.X-CUBE-SUBG2.5.0.0
2026-02-17 19:29:22,821 [WARN] PackLoader:240 - Cannot read IP mode file for STMicroelectronics.X-CUBE-AZRTOS-G4.2.0.0
2026-02-17 19:29:22,828 [WARN] PackLoader:240 - Cannot read IP mode file for Infineon.AIROC-Wi-Fi-Bluetooth-STM32.1.5.1
2026-02-17 19:29:22,841 [WARN] PackLoader:240 - Cannot read IP mode file for wolfSSL.I-CUBE-wolfSSH.1.4.20
2026-02-17 19:29:22,843 [WARN] PackLoader:240 - Cannot read IP mode file for STMicroelectronics.X-CUBE-NFC7.2.0.0
2026-02-17 19:29:22,846 [WARN] PackLoader:240 - Cannot read IP mode file for STMicroelectronics.FP-SNS-MOTENVWB1.1.3.1
2026-02-17 19:29:22,848 [WARN] PackLoader:240 - Cannot read IP mode file for STMicroelectronics.X-CUBE-ISPU.2.0.0
2026-02-17 19:29:22,851 [WARN] PackLoader:240 - Cannot read IP mode file for STMicroelectronics.X-CUBE-ALS.1.0.2
2026-02-17 19:29:22,865 [WARN] PackLoader:240 - Cannot read IP mode file for STMicroelectronics.X-CUBE-MEMS1.10.0.0
2026-02-17 19:29:22,900 [WARN] PackLoader:240 - Cannot read IP mode file for STMicroelectronics.X-CUBE-FREERTOS.1.1.0
2026-02-17 19:29:22,903 [WARN] PackLoader:240 - Cannot read IP mode file for STMicroelectronics.X-CUBE-STSE01.1.0.0
2026-02-17 19:29:22,907 [WARN] PackLoader:240 - Cannot read IP mode file for portGmbH.I-Cube-SoM-uGOAL.1.1.0
2026-02-17 19:29:22,909 [WARN] PackLoader:240 - Cannot read IP mode file for STMicroelectronics.X-CUBE-ALS.1.0.1
2026-02-17 19:29:22,911 [WARN] PackLoader:240 - Cannot read IP mode file for STMicroelectronics.FP-ATR-ASTRA1.2.0.0
2026-02-17 19:29:22,916 [WARN] PackLoader:240 - Cannot read IP mode file for STMicroelectronics.X-CUBE-TOF1.3.4.3
2026-02-17 19:29:22,923 [WARN] PackLoader:240 - Cannot read IP mode file for STMicroelectronics.X-CUBE-TOF1.3.4.0
2026-02-17 19:29:22,933 [WARN] PackLoader:240 - Cannot read IP mode file for STMicroelectronics.X-CUBE-AZRTOS-H7.3.2.0
2026-02-17 19:29:22,934 [INFO] ThirdParty:978 - Integrity check success = true
2026-02-17 19:29:22,934 [INFO] IntegrityCheckThread:100 - exiting critical section [integrity check]
2026-02-17 19:29:22,934 [INFO] IntegrityCheckThread:103 - End integrity checks thread
2026-02-17 20:23:06,584 [ERROR] LogOutputStream:75 - [STDERR_REDIRECT] 
2026-02-17 20:24:56,907 [INFO] Activator:176 - 


2026-02-17 20:24:56,909 [INFO] Activator:177 - !SESSION log4j initialized
2026-02-17 20:24:59,634 [ERROR] LogOutputStream:75 - [STDERR_REDIRECT] feb 17, 2026 8:24:59 P. M. org.apache.lucene.internal.vectorization.VectorizationProvider lookup
2026-02-17 20:24:59,636 [ERROR] LogOutputStream:75 - [STDERR_REDIRECT] ADVERTENCIA: Java vector incubator module is not readable. For optimal vector performance, pass '--add-modules jdk.incubator.vector' to enable Vector API.
2026-02-17 20:24:59,636 [ERROR] LogOutputStream:75 - [STDERR_REDIRECT] 
2026-02-17 20:25:00,578 [INFO] LogOutputStream:77 - [STDOUT_REDIRECT] 
2026-02-17 20:25:10,730 [INFO] ApplicationProperties:184 - Using Application install path: C:\ST\STM32CubeIDE_1.19.0\STM32CubeIDE\plugins\com.st.stm32cube.common.mx_6.15.0.202507011659
2026-02-17 20:25:10,739 [INFO] DbMcusXml:78 - Set database path to: C:\ST\STM32CubeIDE_1.19.0\STM32CubeIDE\plugins\com.st.stm32cube.common.mx_6.15.0.202507011659\\db\/mcu/
2026-02-17 20:25:10,739 [INFO] ApiDb:274 - Set plugin database path to: C:\ST\STM32CubeIDE_1.19.0\STM32CubeIDE\plugins\com.st.stm32cube.common.mx_6.15.0.202507011659\\db\/plugins/boardmanager/
2026-02-17 20:25:10,739 [WARN] ApiDb:259 - Overriding images path with different value:  => C:\ST\STM32CubeIDE_1.19.0\STM32CubeIDE\plugins\com.st.stm32cube.common.mx_6.15.0.202507011659\\db\/plugins/mcufinder/images/
2026-02-17 20:25:10,742 [INFO] ApiDb:250 - Set database path to: C:\Users\Manuel\.stmcufinder\plugins\mcufinder//mcu/
2026-02-17 20:25:10,743 [INFO] DbMcusAds:125 - Set database path to: C:\Users\Manuel\.stmcufinder\plugins\mcufinder//mcu/
2026-02-17 20:25:10,747 [INFO] CrossReferenceDbSqlite:203 - Set database path to: C:\Users\Manuel\.stmcufinder\plugins\mcufinder//mcu/cs/
2026-02-17 20:25:10,817 [INFO] RulesReader:64 - Compatibility file has been processed (317 Rules)
2026-02-17 20:25:10,878 [INFO] DbMcusXml:78 - Set database path to: C:\ST\STM32CubeIDE_1.19.0\STM32CubeIDE\plugins\com.st.stm32cube.common.mx_6.15.0.202507011659\\db\/mcu/
2026-02-17 20:25:10,878 [INFO] ApiDb:274 - Set plugin database path to: C:\ST\STM32CubeIDE_1.19.0\STM32CubeIDE\plugins\com.st.stm32cube.common.mx_6.15.0.202507011659\\db\/plugins/boardmanager/
2026-02-17 20:25:10,878 [INFO] ApiDb:261 - Set plugin images path to: C:\ST\STM32CubeIDE_1.19.0\STM32CubeIDE\plugins\com.st.stm32cube.common.mx_6.15.0.202507011659\\db\/plugins/mcufinder/images/
2026-02-17 20:25:10,878 [WARN] DbFile:41 - Overriding database path with different value: C:\Users\Manuel\.stmcufinder\plugins\mcufinder/ => C:\Users\Manuel\.stmcufinder\plugins\mcufinder
2026-02-17 20:25:10,878 [INFO] ApiDb:250 - Set database path to: C:\Users\Manuel\.stmcufinder\plugins\mcufinder//mcu/
2026-02-17 20:25:10,878 [WARN] DbFile:41 - Overriding database path with different value: C:\Users\Manuel\.stmcufinder\plugins\mcufinder/ => C:\Users\Manuel\.stmcufinder\plugins\mcufinder
2026-02-17 20:25:10,878 [INFO] DbMcusAds:125 - Set database path to: C:\Users\Manuel\.stmcufinder\plugins\mcufinder//mcu/
2026-02-17 20:25:10,878 [WARN] DbFile:41 - Overriding database path with different value: C:\Users\Manuel\.stmcufinder\plugins\mcufinder/ => C:\Users\Manuel\.stmcufinder\plugins\mcufinder
2026-02-17 20:25:10,878 [WARN] DbFile:41 - Overriding database path with different value: C:\Users\Manuel\.stmcufinder\plugins\mcufinder/ => C:\Users\Manuel\.stmcufinder\plugins\mcufinder
2026-02-17 20:25:10,879 [INFO] CrossReferenceDbSqlite:203 - Set database path to: C:\Users\Manuel\.stmcufinder\plugins\mcufinder//mcu/cs/
2026-02-17 20:25:10,924 [INFO] MainPanel:274 - HeapMemory: 268435456
2026-02-17 20:25:10,979 [INFO] DbMcusXml:78 - Set database path to: C:\ST\STM32CubeIDE_1.19.0\STM32CubeIDE\plugins\com.st.stm32cube.common.mx_6.15.0.202507011659\\db\/mcu/
2026-02-17 20:25:10,979 [INFO] ApiDb:274 - Set plugin database path to: C:\ST\STM32CubeIDE_1.19.0\STM32CubeIDE\plugins\com.st.stm32cube.common.mx_6.15.0.202507011659\\db\/plugins/boardmanager/
2026-02-17 20:25:10,979 [INFO] ApiDb:261 - Set plugin images path to: C:\ST\STM32CubeIDE_1.19.0\STM32CubeIDE\plugins\com.st.stm32cube.common.mx_6.15.0.202507011659\\db\/plugins/mcufinder/images/
2026-02-17 20:25:10,979 [WARN] DbFile:41 - Overriding database path with different value: C:\Users\Manuel\.stmcufinder\plugins\mcufinder/ => C:\Users\Manuel\.stmcufinder\plugins\mcufinder
2026-02-17 20:25:10,979 [INFO] ApiDb:250 - Set database path to: C:\Users\Manuel\.stmcufinder\plugins\mcufinder//mcu/
2026-02-17 20:25:10,979 [WARN] DbFile:41 - Overriding database path with different value: C:\Users\Manuel\.stmcufinder\plugins\mcufinder/ => C:\Users\Manuel\.stmcufinder\plugins\mcufinder
2026-02-17 20:25:10,980 [INFO] DbMcusAds:125 - Set database path to: C:\Users\Manuel\.stmcufinder\plugins\mcufinder//mcu/
2026-02-17 20:25:10,980 [WARN] DbFile:41 - Overriding database path with different value: C:\Users\Manuel\.stmcufinder\plugins\mcufinder/ => C:\Users\Manuel\.stmcufinder\plugins\mcufinder
2026-02-17 20:25:10,980 [WARN] DbFile:41 - Overriding database path with different value: C:\Users\Manuel\.stmcufinder\plugins\mcufinder/ => C:\Users\Manuel\.stmcufinder\plugins\mcufinder
2026-02-17 20:25:10,980 [INFO] CrossReferenceDbSqlite:203 - Set database path to: C:\Users\Manuel\.stmcufinder\plugins\mcufinder//mcu/cs/
2026-02-17 20:25:10,991 [INFO] ApplicationProperties:184 - Using Application install path: C:\ST\STM32CubeIDE_1.19.0\STM32CubeIDE\plugins\com.st.stm32cube.common.mx_6.15.0.202507011659
2026-02-17 20:25:10,992 [INFO] PluginManage:196 - Search for loadable plugins [exclusion list=, ]
2026-02-17 20:25:10,993 [INFO] PluginManage:310 - Check plugin analytics
2026-02-17 20:25:20,552 [INFO] AnalyticsPlugin:253 - Accepted Software Licenses: 
2026-02-17 20:25:20,552 [INFO] AnalyticsPlugin:255 - Accepted CMSIS Pack Licenses: 
2026-02-17 20:25:20,552 [INFO] AnalyticsPlugin:257 - Accepted Firmware Licenses: FW.L4.1.18.0
2026-02-17 20:25:20,554 [INFO] PluginManage:359 - Loaded plugin analytics (category:tool,tabindex:-1)
2026-02-17 20:25:20,554 [INFO] PluginManage:310 - Check plugin cadmodel
2026-02-17 20:25:20,556 [INFO] CADModel:105 - Init CAD model plugin
2026-02-17 20:25:20,556 [INFO] PluginManage:359 - Loaded plugin cadmodel (category:power,tabindex:5)
2026-02-17 20:25:20,556 [INFO] PluginManage:310 - Check plugin clock
2026-02-17 20:25:20,560 [INFO] PluginManage:359 - Loaded plugin clock (category:base,tabindex:2)
2026-02-17 20:25:20,560 [INFO] PluginManage:310 - Check plugin ddr
2026-02-17 20:25:20,561 [INFO] PluginManage:359 - Loaded plugin ddr (category:tool,tabindex:6)
2026-02-17 20:25:20,561 [INFO] PluginManage:310 - Check plugin filemanager
2026-02-17 20:25:20,639 [INFO] PluginManage:359 - Loaded plugin filemanager (category:base,tabindex:10)
2026-02-17 20:25:20,640 [INFO] PluginManage:310 - Check plugin ipmanager
2026-02-17 20:25:20,643 [INFO] PluginManage:359 - Loaded plugin ipmanager (category:base,tabindex:5)
2026-02-17 20:25:20,644 [INFO] PluginManage:310 - Check plugin lpbam
2026-02-17 20:25:20,648 [INFO] PluginManage:359 - Loaded plugin lpbam (category:base,tabindex:0)
2026-02-17 20:25:20,648 [INFO] PluginManage:310 - Check plugin memorymap
2026-02-17 20:25:20,654 [INFO] PluginManage:359 - Loaded plugin memorymap (category:base,tabindex:4)
2026-02-17 20:25:20,655 [INFO] PluginManage:310 - Check plugin pinoutandconfiguration
2026-02-17 20:25:20,659 [INFO] PluginManage:359 - Loaded plugin pinoutandconfiguration (category:base,tabindex:1)
2026-02-17 20:25:20,659 [INFO] PluginManage:310 - Check plugin pinoutconfig
2026-02-17 20:25:20,710 [WARN] SupportedApi:132 - Cannot load RTOS API schema: s4s-elt-must-match.1: The content of 'definitions' must match (annotation?, (simpleType | complexType)?, (unique | key | keyref)*)). A problem was found starting at: attribute.
2026-02-17 20:25:20,787 [INFO] PluginManage:359 - Loaded plugin pinoutconfig (category:base,tabindex:0)
2026-02-17 20:25:20,787 [INFO] PluginManage:310 - Check plugin power
2026-02-17 20:25:20,791 [INFO] PluginManage:359 - Loaded plugin power (category:power,tabindex:4)
2026-02-17 20:25:20,791 [INFO] PluginManage:310 - Check plugin projectmanager
2026-02-17 20:25:20,800 [INFO] PluginManage:359 - Loaded plugin projectmanager (category:projectmanager,tabindex:4)
2026-02-17 20:25:20,800 [INFO] PluginManage:310 - Check plugin rif
2026-02-17 20:25:20,805 [INFO] PluginManage:359 - Loaded plugin rif (category:base,tabindex:3)
2026-02-17 20:25:20,805 [INFO] PluginManage:310 - Check plugin thirdparty
2026-02-17 20:25:20,877 [INFO] PluginManage:359 - Loaded plugin thirdparty (category:base,tabindex:-1)
2026-02-17 20:25:20,877 [WARN] IntegrityCheckThread:84 - waiting for thirdparty lock release [integrity check]
2026-02-17 20:25:20,878 [INFO] PluginManage:310 - Check plugin tools
2026-02-17 20:25:20,878 [INFO] IntegrityCheckThread:86 - entering critical section [integrity check]
2026-02-17 20:25:20,878 [INFO] ThirdPartyUpdaterWithRetryManager:70 - Updater plugin not ready yet. [1/15]
2026-02-17 20:25:20,880 [INFO] PluginManage:359 - Loaded plugin tools (category:base,tabindex:7)
2026-02-17 20:25:20,880 [INFO] PluginManage:310 - Check plugin tutovideos
2026-02-17 20:25:21,014 [INFO] PluginManage:359 - Loaded plugin tutovideos (category:base,tabindex:-1)
2026-02-17 20:25:21,014 [INFO] PluginManage:310 - Check plugin updater
2026-02-17 20:25:21,027 [INFO] PluginManage:359 - Loaded plugin updater (category:base,tabindex:12)
2026-02-17 20:25:21,027 [INFO] PluginManage:310 - Check plugin userauth
2026-02-17 20:25:21,029 [INFO] UserAuth:118 - Init User Auth plugin
2026-02-17 20:25:21,030 [INFO] PluginManage:359 - Loaded plugin userauth (category:base,tabindex:14)
2026-02-17 20:25:21,030 [INFO] PluginManage:283 - PluginManage : Loaded plugins [18]
2026-02-17 20:25:21,148 [INFO] PinOutPanel:1589 - setPackage(No Configuration,No Configuration)
2026-02-17 20:25:21,195 [INFO] CADModel:165 - CPN selected for project level
2026-02-17 20:25:21,195 [INFO] CADModel:114 - Register for checkConnection events
2026-02-17 20:25:21,206 [INFO] IPUIPlugin:80 - create IPUIPlugin
2026-02-17 20:25:21,206 [INFO] PluginManager:220 - loadIPPluginJar : add adc
2026-02-17 20:25:21,208 [INFO] IPUIPlugin:80 - create IPUIPlugin
2026-02-17 20:25:21,208 [INFO] PluginManager:220 - loadIPPluginJar : add aes
2026-02-17 20:25:21,210 [INFO] IPUIPlugin:80 - create IPUIPlugin
2026-02-17 20:25:21,210 [INFO] PluginManager:220 - loadIPPluginJar : add can
2026-02-17 20:25:21,211 [INFO] IPUIPlugin:80 - create IPUIPlugin
2026-02-17 20:25:21,211 [INFO] PluginManager:220 - loadIPPluginJar : add comp
2026-02-17 20:25:21,212 [INFO] IPUIPlugin:80 - create IPUIPlugin
2026-02-17 20:25:21,212 [INFO] PluginManager:220 - loadIPPluginJar : add cryp
2026-02-17 20:25:21,214 [INFO] IPUIPlugin:80 - create IPUIPlugin
2026-02-17 20:25:21,214 [INFO] PluginManager:220 - loadIPPluginJar : add ddr_ctrl_phy
2026-02-17 20:25:21,215 [INFO] IPUIPlugin:80 - create IPUIPlugin
2026-02-17 20:25:21,215 [INFO] PluginManager:220 - loadIPPluginJar : add dfsdm
2026-02-17 20:25:21,219 [INFO] IPUIPlugin:80 - create IPUIPlugin
2026-02-17 20:25:21,220 [INFO] PluginManager:220 - loadIPPluginJar : add dma
2026-02-17 20:25:21,222 [INFO] IPUIPlugin:80 - create IPUIPlugin
2026-02-17 20:25:21,222 [INFO] PluginManager:220 - loadIPPluginJar : add dma3
2026-02-17 20:25:21,224 [INFO] IPUIPlugin:80 - create IPUIPlugin
2026-02-17 20:25:21,224 [INFO] PluginManager:220 - loadIPPluginJar : add extmemmanager
2026-02-17 20:25:21,225 [INFO] IPUIPlugin:80 - create IPUIPlugin
2026-02-17 20:25:21,225 [INFO] PluginManager:220 - loadIPPluginJar : add fatfs
2026-02-17 20:25:21,228 [INFO] IPUIPlugin:80 - create IPUIPlugin
2026-02-17 20:25:21,228 [INFO] PluginManager:220 - loadIPPluginJar : add fmc
2026-02-17 20:25:21,233 [INFO] IPUIPlugin:80 - create IPUIPlugin
2026-02-17 20:25:21,233 [INFO] PluginManager:220 - loadIPPluginJar : add freertos
2026-02-17 20:25:21,234 [INFO] IPUIPlugin:80 - create IPUIPlugin
2026-02-17 20:25:21,234 [INFO] PluginManager:220 - loadIPPluginJar : add genericplugin
2026-02-17 20:25:21,235 [INFO] IPUIPlugin:80 - create IPUIPlugin
2026-02-17 20:25:21,235 [INFO] PluginManager:220 - loadIPPluginJar : add gfxmmu
2026-02-17 20:25:21,238 [INFO] IPUIPlugin:80 - create IPUIPlugin
2026-02-17 20:25:21,238 [INFO] PluginManager:220 - loadIPPluginJar : add gic
2026-02-17 20:25:21,241 [INFO] IPUIPlugin:80 - create IPUIPlugin
2026-02-17 20:25:21,241 [INFO] PluginManager:220 - loadIPPluginJar : add gpio
2026-02-17 20:25:21,242 [INFO] IPUIPlugin:80 - create IPUIPlugin
2026-02-17 20:25:21,242 [INFO] PluginManager:220 - loadIPPluginJar : add gtzc
2026-02-17 20:25:21,244 [INFO] IPUIPlugin:80 - create IPUIPlugin
2026-02-17 20:25:21,244 [INFO] PluginManager:220 - loadIPPluginJar : add hash
2026-02-17 20:25:21,245 [INFO] IPUIPlugin:80 - create IPUIPlugin
2026-02-17 20:25:21,245 [INFO] PluginManager:220 - loadIPPluginJar : add i2c
2026-02-17 20:25:21,246 [INFO] IPUIPlugin:80 - create IPUIPlugin
2026-02-17 20:25:21,246 [INFO] PluginManager:220 - loadIPPluginJar : add i2s
2026-02-17 20:25:21,248 [INFO] IPUIPlugin:80 - create IPUIPlugin
2026-02-17 20:25:21,248 [INFO] PluginManager:220 - loadIPPluginJar : add i3c
2026-02-17 20:25:21,250 [INFO] IPUIPlugin:80 - create IPUIPlugin
2026-02-17 20:25:21,250 [INFO] PluginManager:220 - loadIPPluginJar : add ipddr
2026-02-17 20:25:21,254 [INFO] IPUIPlugin:80 - create IPUIPlugin
2026-02-17 20:25:21,254 [INFO] PluginManager:220 - loadIPPluginJar : add linkedlist
2026-02-17 20:25:21,256 [INFO] IPUIPlugin:80 - create IPUIPlugin
2026-02-17 20:25:21,256 [INFO] PluginManager:220 - loadIPPluginJar : add lorawan
2026-02-17 20:25:21,257 [INFO] IPUIPlugin:80 - create IPUIPlugin
2026-02-17 20:25:21,257 [INFO] PluginManager:220 - loadIPPluginJar : add ltdc
2026-02-17 20:25:21,261 [INFO] IPUIPlugin:80 - create IPUIPlugin
2026-02-17 20:25:21,262 [INFO] PluginManager:220 - loadIPPluginJar : add mdma
2026-02-17 20:25:21,264 [INFO] IPUIPlugin:80 - create IPUIPlugin
2026-02-17 20:25:21,264 [INFO] PluginManager:220 - loadIPPluginJar : add nvic
2026-02-17 20:25:21,265 [INFO] IPUIPlugin:80 - create IPUIPlugin
2026-02-17 20:25:21,265 [INFO] PluginManager:220 - loadIPPluginJar : add opamp
2026-02-17 20:25:21,266 [INFO] IPUIPlugin:80 - create IPUIPlugin
2026-02-17 20:25:21,266 [INFO] PluginManager:220 - loadIPPluginJar : add openamp
2026-02-17 20:25:21,268 [INFO] IPUIPlugin:80 - create IPUIPlugin
2026-02-17 20:25:21,268 [INFO] PluginManager:220 - loadIPPluginJar : add pdm2pcm
2026-02-17 20:25:21,272 [INFO] IPUIPlugin:80 - create IPUIPlugin
2026-02-17 20:25:21,273 [INFO] PluginManager:220 - loadIPPluginJar : add plateformsettings
2026-02-17 20:25:21,274 [INFO] IPUIPlugin:80 - create IPUIPlugin
2026-02-17 20:25:21,274 [INFO] PluginManager:220 - loadIPPluginJar : add quadspi
2026-02-17 20:25:21,275 [INFO] IPUIPlugin:80 - create IPUIPlugin
2026-02-17 20:25:21,276 [INFO] PluginManager:220 - loadIPPluginJar : add radio
2026-02-17 20:25:21,277 [INFO] IPUIPlugin:80 - create IPUIPlugin
2026-02-17 20:25:21,277 [INFO] PluginManager:220 - loadIPPluginJar : add resmgrutility
2026-02-17 20:25:21,279 [INFO] IPUIPlugin:80 - create IPUIPlugin
2026-02-17 20:25:21,279 [INFO] PluginManager:220 - loadIPPluginJar : add sai
2026-02-17 20:25:21,280 [INFO] IPUIPlugin:80 - create IPUIPlugin
2026-02-17 20:25:21,280 [INFO] PluginManager:220 - loadIPPluginJar : add spi
2026-02-17 20:25:21,284 [INFO] IPUIPlugin:80 - create IPUIPlugin
2026-02-17 20:25:21,284 [INFO] PluginManager:220 - loadIPPluginJar : add stm32_wpan
2026-02-17 20:25:21,284 [INFO] IPUIPlugin:80 - create IPUIPlugin
2026-02-17 20:25:21,284 [INFO] PluginManager:220 - loadIPPluginJar : add tim
2026-02-17 20:25:21,286 [INFO] IPUIPlugin:80 - create IPUIPlugin
2026-02-17 20:25:21,287 [INFO] PluginManager:220 - loadIPPluginJar : add touchsensing
2026-02-17 20:25:21,288 [INFO] IPUIPlugin:80 - create IPUIPlugin
2026-02-17 20:25:21,288 [INFO] PluginManager:220 - loadIPPluginJar : add tracer_emb
2026-02-17 20:25:21,289 [INFO] IPUIPlugin:80 - create IPUIPlugin
2026-02-17 20:25:21,289 [INFO] PluginManager:220 - loadIPPluginJar : add ts
2026-02-17 20:25:21,290 [INFO] IPUIPlugin:80 - create IPUIPlugin
2026-02-17 20:25:21,290 [INFO] PluginManager:220 - loadIPPluginJar : add tsc
2026-02-17 20:25:21,291 [INFO] IPUIPlugin:80 - create IPUIPlugin
2026-02-17 20:25:21,292 [INFO] PluginManager:220 - loadIPPluginJar : add ucpd
2026-02-17 20:25:21,293 [INFO] IPUIPlugin:80 - create IPUIPlugin
2026-02-17 20:25:21,293 [INFO] PluginManager:220 - loadIPPluginJar : add usart
2026-02-17 20:25:21,295 [INFO] IPUIPlugin:80 - create IPUIPlugin
2026-02-17 20:25:21,295 [INFO] PluginManager:220 - loadIPPluginJar : add usbx
2026-02-17 20:25:21,396 [FATAL] Updater:351 - Updater called before beeing initialized
2026-02-17 20:25:21,413 [INFO] RulesReader:64 - Compatibility file has been processed (317 Rules)
2026-02-17 20:25:21,420 [INFO] RulesReader:64 - Compatibility file has been processed (317 Rules)
2026-02-17 20:25:21,427 [INFO] CADModel:165 - CPN selected for project level
2026-02-17 20:25:21,428 [INFO] CADModel:114 - Register for checkConnection events
2026-02-17 20:25:21,428 [FATAL] Updater:351 - Updater called before beeing initialized
2026-02-17 20:25:21,428 [ERROR] CADModel:125 - Updater not yet initialized, retry later 
2026-02-17 20:25:21,537 [FATAL] Updater:351 - Updater called before beeing initialized
2026-02-17 20:25:21,538 [INFO] CADModel:165 - CPN selected for project level
2026-02-17 20:25:21,538 [INFO] CADModel:114 - Register for checkConnection events
2026-02-17 20:25:21,538 [FATAL] Updater:351 - Updater called before beeing initialized
2026-02-17 20:25:21,538 [ERROR] CADModel:125 - Updater not yet initialized, retry later 
2026-02-17 20:25:21,548 [FATAL] Updater:351 - Updater called before beeing initialized
2026-02-17 20:25:21,634 [FATAL] Updater:351 - Updater called before beeing initialized
2026-02-17 20:25:21,642 [INFO] DbMcusAds:53 - JSON generation date=Thu Jan 08 16:57:51 CET 2026 (1767887871456)
2026-02-17 20:25:21,642 [FATAL] Updater:351 - Updater called before beeing initialized
2026-02-17 20:25:21,660 [WARN] DetailPanel:346 - Failed to get advertising image, set to default
2026-02-17 20:25:21,707 [FATAL] Updater:351 - Updater called before beeing initialized
2026-02-17 20:25:21,708 [FATAL] Updater:351 - Updater called before beeing initialized
2026-02-17 20:25:21,708 [FATAL] Updater:351 - Updater called before beeing initialized
2026-02-17 20:25:21,708 [WARN] DetailPanel:346 - Failed to get advertising image, set to default
2026-02-17 20:25:21,708 [FATAL] Updater:351 - Updater called before beeing initialized
2026-02-17 20:25:21,731 [ERROR] Updater:1198 - MainUpdater not yet initialized. External WinMGr cannot be set.
2026-02-17 20:25:21,732 [INFO] Updater:1134 - Updater Version found : 6.15.0
2026-02-17 20:25:21,743 [INFO] ApplicationProperties:184 - Using Application install path: C:\ST\STM32CubeIDE_1.19.0\STM32CubeIDE\plugins\com.st.stm32cube.common.mx_6.15.0.202507011659
2026-02-17 20:25:23,303 [ERROR] LogOutputStream:75 - [STDERR_REDIRECT] Feb 17, 2026 8:25:23 PM java.util.prefs.WindowsPreferences <init>
2026-02-17 20:25:23,304 [ERROR] LogOutputStream:75 - [STDERR_REDIRECT] WARNING: Could not open/create prefs root node Software\JavaSoft\Prefs at root 0xffffffff80000002. Windows RegCreateKeyEx(...) returned error code 5.
2026-02-17 20:25:23,304 [ERROR] LogOutputStream:75 - [STDERR_REDIRECT] 
2026-02-17 20:25:23,553 [INFO] MainUpdater:2872 - connection check result : 10
2026-02-17 20:25:23,553 [INFO] MainUpdater:289 - Updater Check For Update Now.
2026-02-17 20:25:23,553 [INFO] MicroXplorer:498 - Change Database Version : DB.6.0.150
2026-02-17 20:25:23,565 [INFO] McuFinderGlobals:63 - Set McuFinder mode to 2 (CubeIDE integrated)
2026-02-17 20:25:23,565 [INFO] UserAuth:487 - Internet connection configuration mode: 1
2026-02-17 20:25:23,592 [INFO] JxBrowserEngine:152 - Initiate JxBrowser Engine with user profile folder
2026-02-17 20:25:23,703 [INFO] CheckServerUpdateThread:120 - End of CheckServer Thread
2026-02-17 20:25:23,987 [WARN] PackLoader:240 - Cannot read IP mode file for STMicroelectronics.FP-SNS-MOTENVWB1.1.4.0
2026-02-17 20:25:23,993 [WARN] PackLoader:240 - Cannot read IP mode file for STMicroelectronics.FP-ATR-ASTRA1.2.0.2
2026-02-17 20:25:23,999 [WARN] PackLoader:240 - Cannot read IP mode file for STMicroelectronics.X-CUBE-SMBUS.2.1.0
2026-02-17 20:25:24,002 [WARN] PackLoader:240 - Cannot read IP mode file for STMicroelectronics.X-CUBE-TOUCHGFX.4.23.0
2026-02-17 20:25:24,019 [WARN] PackLoader:240 - Cannot read IP mode file for STMicroelectronics.X-CUBE-AZRTOS-F7.1.1.0
2026-02-17 20:25:24,028 [WARN] PackLoader:240 - Cannot read IP mode file for STMicroelectronics.FP-SNS-MOTENV1.4.3.2
2026-02-17 20:25:24,032 [WARN] PackLoader:240 - Cannot read IP mode file for STMicroelectronics.FP-SNS-MOTENV1.5.1.0
2026-02-17 20:25:24,037 [WARN] PackLoader:240 - Cannot read IP mode file for WES.I-CUBE-Cesium.1.4.0
2026-02-17 20:25:24,041 [WARN] PackLoader:240 - Cannot read IP mode file for STMicroelectronics.FP-SNS-FLIGHT1.5.0.2
2026-02-17 20:25:24,052 [WARN] PackLoader:240 - Cannot read IP mode file for STMicroelectronics.X-CUBE-AZRTOS-H7.3.4.0
2026-02-17 20:25:24,058 [WARN] PackLoader:240 - Cannot read IP mode file for STMicroelectronics.X-CUBE-DISPLAY.3.0.0
2026-02-17 20:25:24,062 [WARN] PackLoader:240 - Cannot read IP mode file for STMicroelectronics.FP-SNS-MOTENVWB1.1.5.0
2026-02-17 20:25:24,066 [WARN] PackLoader:240 - Cannot read IP mode file for STMicroelectronics.X-CUBE-BLE1.7.0.0
2026-02-17 20:25:24,070 [WARN] PackLoader:240 - Cannot read IP mode file for STMicroelectronics.X-CUBE-NFC10.1.0.0
2026-02-17 20:25:24,073 [WARN] PackLoader:240 - Cannot read IP mode file for STMicroelectronics.X-CUBE-ST60.1.1.0
2026-02-17 20:25:24,076 [WARN] PackLoader:240 - Cannot read IP mode file for emotas.I-CUBE-CANOPEN.1.3.0
2026-02-17 20:25:24,079 [WARN] PackLoader:240 - Cannot read IP mode file for STMicroelectronics.X-CUBE-GNSS1.7.1.0
2026-02-17 20:25:24,082 [WARN] PackLoader:240 - Cannot read IP mode file for STMicroelectronics.FP-SNS-STBOX1.2.1.0
2026-02-17 20:25:24,086 [WARN] PackLoader:240 - Cannot read IP mode file for STMicroelectronics.FP-SNS-SMARTAG2.1.2.0
2026-02-17 20:25:24,088 [WARN] PackLoader:240 - Cannot read IP mode file for STMicroelectronics.FP-SNS-FLIGHT1.5.1.0
2026-02-17 20:25:24,094 [INFO] LogOutputStream:77 - [STDOUT_REDIRECT] 1 : Invalid condition id : UX_CORESTACK_Condition cause : null
2026-02-17 20:25:24,094 [INFO] LogOutputStream:77 - [STDOUT_REDIRECT] 1 : Invalid condition id : UX_CORESTACK_Condition cause : null
2026-02-17 20:25:24,095 [INFO] LogOutputStream:77 - [STDOUT_REDIRECT] 1 : Invalid condition id : UX_CORESTACK_Condition cause : null
2026-02-17 20:25:24,095 [INFO] LogOutputStream:77 - [STDOUT_REDIRECT] 1 : Invalid condition id : UX_CORESTACK_Condition cause : null
2026-02-17 20:25:24,096 [INFO] LogOutputStream:77 - [STDOUT_REDIRECT] 1 : Invalid condition id : UX_CORESTACK_Condition cause : null
2026-02-17 20:25:24,097 [WARN] PackLoader:240 - Cannot read IP mode file for STMicroelectronics.X-CUBE-AZRTOS-WL.2.0.0
2026-02-17 20:25:24,106 [WARN] PackLoader:240 - Cannot read IP mode file for STMicroelectronics.X-CUBE-AZRTOS-H7RS.1.2.0
2026-02-17 20:25:24,111 [WARN] PackLoader:240 - Cannot read IP mode file for WES.I-CUBE-Cesium.1.3.0
2026-02-17 20:25:24,114 [WARN] PackLoader:240 - Cannot read IP mode file for STMicroelectronics.X-CUBE-BLE2.3.3.0
2026-02-17 20:25:24,142 [WARN] PackLoader:240 - Cannot read IP mode file for Infineon.AIROC-Wi-Fi-Bluetooth-STM32.1.8.0
2026-02-17 20:25:24,148 [WARN] PackLoader:240 - Cannot read IP mode file for STMicroelectronics.X-CUBE-NFC9.1.0.0
2026-02-17 20:25:24,152 [WARN] PackLoader:240 - Cannot read IP mode file for STMicroelectronics.X-CUBE-BLE1.7.1.0
2026-02-17 20:25:24,154 [WARN] PackLoader:240 - Cannot read IP mode file for wolfSSL.I-CUBE-wolfMQTT.1.19.2
2026-02-17 20:25:24,158 [WARN] PackLoader:240 - Cannot read IP mode file for STMicroelectronics.X-CUBE-FREERTOS.1.4.0
2026-02-17 20:25:24,161 [WARN] PackLoader:240 - Cannot read IP mode file for STMicroelectronics.X-CUBE-EEPRMA1.5.2.0
2026-02-17 20:25:24,165 [WARN] PackLoader:240 - Cannot read IP mode file for wolfSSL.I-CUBE-wolfSSL.5.8.4
2026-02-17 20:25:24,167 [WARN] PackLoader:240 - Cannot read IP mode file for Cesanta.I-CUBE-Mongoose.7.20.0
2026-02-17 20:25:24,190 [WARN] PackLoader:240 - Cannot read IP mode file for STMicroelectronics.X-CUBE-MEMS1.12.0.0
2026-02-17 20:25:24,240 [WARN] PackLoader:240 - Cannot read IP mode file for STMicroelectronics.X-CUBE-ALGOBUILD.1.3.0
2026-02-17 20:25:24,270 [WARN] PackLoader:240 - Cannot read IP mode file for STMicroelectronics.X-CUBE-AZRTOS-G0.1.1.0
2026-02-17 20:25:24,276 [WARN] PackLoader:240 - Cannot read IP mode file for STMicroelectronics.X-CUBE-NFC4.3.0.0
2026-02-17 20:25:24,284 [WARN] PackLoader:240 - Cannot read IP mode file for EmbeddedOffice.I-CUBE-FS-RTOS.1.0.1
2026-02-17 20:25:24,288 [WARN] PackLoader:240 - Cannot read IP mode file for STMicroelectronics.X-CUBE-WB05N.2.0.0
2026-02-17 20:25:24,294 [WARN] PackLoader:240 - Cannot read IP mode file for STMicroelectronics.X-CUBE-BLEMGR.3.0.0
2026-02-17 20:25:24,298 [WARN] PackLoader:240 - Cannot read IP mode file for wolfSSL.I-CUBE-wolfTPM.3.8.0
2026-02-17 20:25:24,302 [WARN] PackLoader:240 - Cannot read IP mode file for STMicroelectronics.X-CUBE-TCPP.4.2.0
2026-02-17 20:25:24,306 [WARN] PackLoader:240 - Cannot read IP mode file for RealThread.X-CUBE-RT-Thread_Nano.4.1.1
2026-02-17 20:25:24,308 [WARN] PackLoader:240 - Cannot read IP mode file for STMicroelectronics.FP-ATR-SIGFOX1.3.2.0
2026-02-17 20:25:24,310 [WARN] PackLoader:240 - Cannot read IP mode file for STMicroelectronics.X-CUBE-EEPRMA1.5.1.0
2026-02-17 20:25:24,314 [WARN] PackLoader:240 - Cannot read IP mode file for ITTIA_DB.I-CUBE-ITTIADB.8.9.0
2026-02-17 20:25:24,318 [WARN] PackLoader:240 - Cannot read IP mode file for STMicroelectronics.X-CUBE-NFC6.3.2.0
2026-02-17 20:25:24,322 [WARN] PackLoader:240 - Cannot read IP mode file for STMicroelectronics.X-CUBE-AI.10.2.0
2026-02-17 20:25:24,338 [WARN] PackLoader:240 - Cannot read IP mode file for SEGGER.I-CUBE-embOS.1.3.1
2026-02-17 20:25:24,362 [WARN] PackLoader:240 - Cannot read IP mode file for STMicroelectronics.X-CUBE-ALGOBUILD.1.4.0
2026-02-17 20:25:24,368 [WARN] PackLoader:240 - Cannot read IP mode file for STMicroelectronics.X-CUBE-PM33A1.1.0.0
2026-02-17 20:25:24,374 [WARN] PackLoader:240 - Cannot read IP mode file for STMicroelectronics.X-CUBE-GNSS1.6.0.0
2026-02-17 20:25:24,390 [WARN] PackLoader:240 - Cannot read IP mode file for STMicroelectronics.X-CUBE-AZRTOS-F4.1.1.0
2026-02-17 20:25:24,394 [WARN] PackLoader:240 - Cannot read IP mode file for STMicroelectronics.X-CUBE-ISPU.2.1.0
2026-02-17 20:25:24,402 [WARN] PackLoader:240 - Cannot read IP mode file for STMicroelectronics.X-CUBE-IPS.3.2.0
2026-02-17 20:25:24,408 [WARN] PackLoader:240 - Cannot read IP mode file for wolfSSL.I-CUBE-wolfSSL.5.6.6
2026-02-17 20:25:24,411 [WARN] PackLoader:240 - Cannot read IP mode file for STMicroelectronics.X-CUBE-NFC12.1.0.0
2026-02-17 20:25:24,418 [WARN] PackLoader:240 - Cannot read IP mode file for STMicroelectronics.X-CUBE-AZRTOS-L5.2.0.0
2026-02-17 20:25:24,421 [WARN] PackLoader:240 - Cannot read IP mode file for STMicroelectronics.X-CUBE-EEPRMA1.4.2.0
2026-02-17 20:25:24,424 [WARN] PackLoader:240 - Cannot read IP mode file for STMicroelectronics.X-CUBE-NFC6.3.1.0
2026-02-17 20:25:24,427 [WARN] PackLoader:240 - Cannot read IP mode file for ITTIA_DB.I-CUBE-ITTIADB.8.8.0
2026-02-17 20:25:24,430 [WARN] PackLoader:240 - Cannot read IP mode file for STMicroelectronics.X-CUBE-NFC7.1.0.1
2026-02-17 20:25:24,432 [WARN] PackLoader:240 - Cannot read IP mode file for STMicroelectronics.X-CUBE-TOUCHGFX.4.26.0
2026-02-17 20:25:24,435 [WARN] PackLoader:240 - Cannot read IP mode file for STMicroelectronics.X-CUBE-NFC6.3.0.0
2026-02-17 20:25:24,441 [WARN] PackLoader:240 - Cannot read IP mode file for STMicroelectronics.FP-SNS-STAIOTCFT.1.0.0
2026-02-17 20:25:24,444 [WARN] PackLoader:240 - Cannot read IP mode file for STMicroelectronics.X-CUBE-DPower.1.3.0
2026-02-17 20:25:24,445 [WARN] PackLoader:240 - Cannot read IP mode file for STMicroelectronics.X-CUBE-AI.8.1.0
2026-02-17 20:25:24,453 [WARN] ConditionMgr:438 - getConditionDescription Invalid condition id : LAN8742 Phy interface Condition cause : null
2026-02-17 20:25:24,453 [WARN] PackLoader:240 - Cannot read IP mode file for STMicroelectronics.X-CUBE-AZRTOS-L4.2.0.0
2026-02-17 20:25:24,454 [WARN] ConditionMgr:1044 - genDependencies : Invalid condition id : LAN8742 Phy interface Condition cause : null
2026-02-17 20:25:24,454 [WARN] ConditionMgr:1044 - genDependencies : Invalid condition id : LAN8742 Phy interface Condition cause : null
2026-02-17 20:25:24,454 [WARN] ConditionMgr:1044 - genDependencies : Invalid condition id : LAN8742 Phy interface Condition cause : null
2026-02-17 20:25:24,457 [WARN] PackLoader:240 - Cannot read IP mode file for STMicroelectronics.X-CUBE-SFXS2LP1.4.0.0
2026-02-17 20:25:24,462 [WARN] PackLoader:240 - Cannot read IP mode file for STMicroelectronics.X-CUBE-ST67W61.1.2.0
2026-02-17 20:25:24,465 [WARN] PackLoader:240 - Cannot read IP mode file for STMicroelectronics.X-CUBE-BLEMGR.4.1.0
2026-02-17 20:25:24,471 [WARN] ConditionMgr:438 - getConditionDescription Invalid condition id : UX DEVICE CLASS RTOS Condition cause : null
2026-02-17 20:25:24,472 [WARN] ConditionMgr:438 - getConditionDescription Invalid condition id : UX DEVICE CLASS RTOS Condition cause : null
2026-02-17 20:25:24,476 [WARN] PackLoader:240 - Cannot read IP mode file for STMicroelectronics.X-CUBE-AZRTOS-WB.2.0.0
2026-02-17 20:25:24,476 [WARN] ConditionMgr:1044 - genDependencies : Invalid condition id : UX DEVICE CLASS RTOS Condition cause : null
2026-02-17 20:25:24,476 [WARN] ConditionMgr:1044 - genDependencies : Invalid condition id : UX DEVICE CLASS RTOS Condition cause : null
2026-02-17 20:25:24,477 [WARN] ConditionMgr:1044 - genDependencies : Invalid condition id : UX DEVICE CLASS RTOS Condition cause : null
2026-02-17 20:25:24,477 [WARN] ConditionMgr:1044 - genDependencies : Invalid condition id : UX DEVICE CLASS RTOS Condition cause : null
2026-02-17 20:25:24,477 [WARN] ConditionMgr:1044 - genDependencies : Invalid condition id : UX DEVICE CLASS RTOS Condition cause : null
2026-02-17 20:25:24,481 [WARN] ConditionMgr:438 - getConditionDescription Invalid condition id : Cortex-A Device cause : null
2026-02-17 20:25:24,488 [WARN] ConditionMgr:1044 - genDependencies : Invalid condition id : Cortex-A Device cause : null
2026-02-17 20:25:24,488 [WARN] ConditionMgr:1044 - genDependencies : Invalid condition id : Cortex-A Device cause : null
2026-02-17 20:25:24,488 [WARN] ConditionMgr:1044 - genDependencies : Invalid condition id : Cortex-A Device cause : null
2026-02-17 20:25:24,491 [WARN] PackLoader:240 - Cannot read IP mode file for STMicroelectronics.X-CUBE-STSE01.2.0.0
2026-02-17 20:25:24,494 [WARN] PackLoader:240 - Cannot read IP mode file for STMicroelectronics.X-CUBE-SUBG2.5.0.0
2026-02-17 20:25:24,501 [WARN] PackLoader:240 - Cannot read IP mode file for STMicroelectronics.X-CUBE-AZRTOS-G4.2.0.0
2026-02-17 20:25:24,506 [WARN] PackLoader:240 - Cannot read IP mode file for Infineon.AIROC-Wi-Fi-Bluetooth-STM32.1.5.1
2026-02-17 20:25:24,509 [WARN] PackLoader:240 - Cannot read IP mode file for wolfSSL.I-CUBE-wolfSSH.1.4.20
2026-02-17 20:25:24,511 [WARN] PackLoader:240 - Cannot read IP mode file for STMicroelectronics.X-CUBE-NFC7.2.0.0
2026-02-17 20:25:24,512 [WARN] PackLoader:240 - Cannot read IP mode file for STMicroelectronics.FP-SNS-MOTENVWB1.1.3.1
2026-02-17 20:25:24,515 [WARN] PackLoader:240 - Cannot read IP mode file for STMicroelectronics.X-CUBE-ISPU.2.0.0
2026-02-17 20:25:24,518 [WARN] PackLoader:240 - Cannot read IP mode file for STMicroelectronics.X-CUBE-ALS.1.0.2
2026-02-17 20:25:24,529 [WARN] PackLoader:240 - Cannot read IP mode file for STMicroelectronics.X-CUBE-MEMS1.10.0.0
2026-02-17 20:25:24,563 [WARN] PackLoader:240 - Cannot read IP mode file for STMicroelectronics.X-CUBE-FREERTOS.1.1.0
2026-02-17 20:25:24,566 [WARN] PackLoader:240 - Cannot read IP mode file for STMicroelectronics.X-CUBE-STSE01.1.0.0
2026-02-17 20:25:24,574 [WARN] PackLoader:240 - Cannot read IP mode file for portGmbH.I-Cube-SoM-uGOAL.1.1.0
2026-02-17 20:25:24,578 [WARN] PackLoader:240 - Cannot read IP mode file for STMicroelectronics.X-CUBE-ALS.1.0.1
2026-02-17 20:25:24,581 [WARN] PackLoader:240 - Cannot read IP mode file for STMicroelectronics.FP-ATR-ASTRA1.2.0.0
2026-02-17 20:25:24,588 [WARN] PackLoader:240 - Cannot read IP mode file for STMicroelectronics.X-CUBE-TOF1.3.4.3
2026-02-17 20:25:24,607 [WARN] PackLoader:240 - Cannot read IP mode file for STMicroelectronics.X-CUBE-TOF1.3.4.0
2026-02-17 20:25:24,623 [WARN] PackLoader:240 - Cannot read IP mode file for STMicroelectronics.X-CUBE-AZRTOS-H7.3.2.0
2026-02-17 20:25:24,625 [INFO] ThirdParty:978 - Integrity check success = true
2026-02-17 20:25:24,625 [INFO] IntegrityCheckThread:100 - exiting critical section [integrity check]
2026-02-17 20:25:24,625 [INFO] IntegrityCheckThread:103 - End integrity checks thread
2026-02-17 20:25:24,968 [INFO] WebApp:169 - Instantiating new browser for Auth
2026-02-17 20:25:25,327 [INFO] WebApp:463 - Apply proxy settings
2026-02-17 20:25:25,327 [INFO] WebApp:548 - Chromium requires no authentication
2026-02-17 20:25:25,331 [INFO] WebApp:491 - Direct internet connection detected
2026-02-17 20:25:25,341 [INFO] WebApp:900 - Register for checkConnection events
2026-02-17 20:25:25,342 [INFO] WebApp:463 - Apply proxy settings
2026-02-17 20:25:25,342 [INFO] WebApp:548 - Chromium requires no authentication
2026-02-17 20:25:25,342 [INFO] WebApp:491 - Direct internet connection detected
2026-02-17 20:25:25,425 [INFO] WebApp:225 - Starting web application
2026-02-17 20:25:25,425 [INFO] WebApp:593 - Web application path used C:\ST\STM32CubeIDE_1.19.0\STM32CubeIDE\plugins\com.st.stm32cube.common.mx_6.15.0.202507011659\db\plugins\mcufinder\reactClient1\index.html
2026-02-17 20:25:25,501 [INFO] UserAuth:487 - Internet connection configuration mode: 1
2026-02-17 20:25:25,865 [INFO] WebApp:191 - Connection restablished
2026-02-17 20:30:23,687 [ERROR] LogOutputStream:75 - [STDERR_REDIRECT] 
2026-02-17 20:30:23,687 [ERROR] LogOutputStream:75 - [STDERR_REDIRECT] 
