19:26:13 **** Incremental Build of configuration Debug for project p10 ****
make -j20 all 
arm-none-eabi-size  p10.elf 
   text	   data	    bss	    dec	    hex	filename
  87340	    200	  26408	 113948	  1bd1c	p10.elf
Finished building: default.size.stdout
 
19:26:16 **** Incremental Build of configuration Debug for project p10 ****
make -j20 all 
arm-none-eabi-size  p10.elf 
   text	   data	    bss	    dec	    hex	filename
  87340	    200	  26408	 113948	  1bd1c	p10.elf
Finished building: default.size.stdout
 
19:28:32 **** Incremental Build of configuration Debug for project p10 ****
make -j20 all 
arm-none-eabi-size  p10.elf 
   text	   data	    bss	    dec	    hex	filename
  87340	    200	  26408	 113948	  1bd1c	p10.elf
Finished building: default.size.stdout
 
