20:56:37 **** Incremental Build of configuration Debug for project p10 ****
make -j20 all 
arm-none-eabi-gcc -o "p10.elf" @"objects.list"   -mcpu=cortex-m4 -T"C:\repos\SistemasCiberYSegHard\SCYSH_proyecto\p10\STM32L475VGTX_FLASH.ld" --specs=nosys.specs -Wl,-Map="p10.map" -Wl,--gc-sections -static --specs=nano.specs -mfpu=fpv4-sp-d16 -mfloat-abi=hard -mthumb -Wl,--start-group -lc -lm -Wl,--end-group
C:/ST/STM32CubeIDE_1.19.0/STM32CubeIDE/plugins/com.st.stm32cube.ide.mcu.externaltools.gnu-tools-for-stm32.13.3.rel1.win32_1.0.0.202411081344/tools/bin/../lib/gcc/arm-none-eabi/13.3.1/../../../../arm-none-eabi/bin/ld.exe: ./Core/Src/main.o: in function `log_printf':
C:/repos/SistemasCiberYSegHard/SCYSH_proyecto/p10/Debug/../Core/Src/main.c:256:(.text.log_printf+0x8a): undefined reference to `send_mqtt_msg'
collect2.exe: error: ld returned 1 exit status
make: *** [makefile:70: p10.elf] Error 1
"make -j20 all" terminated with exit code 2. Build might be incomplete.
21:02:39 **** Incremental Build of configuration Debug for project p10 ****
make -j20 all 
arm-none-eabi-gcc "../Core/Src/main.c" -mcpu=cortex-m4 -std=gnu11 -g3 -DDEBUG -DNODE_ID=1 -DUSE_HAL_DRIVER -DSTM32L475xx -c -I../Core/Inc -I"C:/repos/SistemasCiberYSegHard/SCYSH_proyecto/p10/Drivers/BSP/inc" -I../Drivers/STM32L4xx_HAL_Driver/Inc -I../Drivers/STM32L4xx_HAL_Driver/Inc/Legacy -I../Drivers/CMSIS/Device/ST/STM32L4xx/Include -I../Drivers/CMSIS/Include -I../Middlewares/Third_Party/FreeRTOS/Source/include -I../Middlewares/Third_Party/FreeRTOS/Source/CMSIS_RTOS_V2 -I../Middlewares/Third_Party/FreeRTOS/Source/portable/GCC/ARM_CM4F -O0 -ffunction-sections -fdata-sections -Wall -fstack-usage -fcyclomatic-complexity -MMD -MP -MF"Core/Src/main.d" -MT"Core/Src/main.o" --specs=nano.specs -mfpu=fpv4-sp-d16 -mfloat-abi=hard -mthumb -o "Core/Src/main.o"
../Core/Src/main.c:65: warning: "NODE_ID" redefined
   65 | #define NODE_ID 0
      | 
<command-line>: note: this is the location of the previous definition
../Core/Src/main.c: In function 'task_envReadFunc':
../Core/Src/main.c:1627:84: warning: format '%ld' expects argument of type 'long int', but argument 7 has type 'int' [-Wformat=]
 1627 |                  "{\"id\":1,\"msg_id\":%ld,\"origen\":\"%d\",\"temp\":%d,\"hum\":%ld}",
      |                                                                                  ~~^
      |                                                                                    |
      |                                                                                    long int
      |                                                                                  %d
......
 1631 |                  hum);
      |                  ~~~                                                                
      |                  |
      |                  int
../Core/Src/main.c: In function 'Accel_Task_Func':
../Core/Src/main.c:1722:28: warning: implicit declaration of function 'now_ms' [-Wimplicit-function-declaration]
 1722 |     const uint32_t t0_ms = now_ms();
      |                            ^~~~~~
../Core/Src/main.c:1768:11: warning: implicit declaration of function 'build_payload_block' [-Wimplicit-function-declaration]
 1768 |           build_payload_block(payload, sizeof(payload),
      |           ^~~~~~~~~~~~~~~~~~~
In file included from ../Core/Src/main.c:31:
../Core/Inc/mqtt_priv.h: At top level:
../Core/Inc/mqtt_priv.h:48:13: warning: 'prvMQTTProcessResponse' declared 'static' but never defined [-Wunused-function]
   48 | static void prvMQTTProcessResponse( MQTTPacketInfo_t * pxIncomingPacket,
      |             ^~~~~~~~~~~~~~~~~~~~~~
arm-none-eabi-gcc -o "p10.elf" @"objects.list"   -mcpu=cortex-m4 -T"C:\repos\SistemasCiberYSegHard\SCYSH_proyecto\p10\STM32L475VGTX_FLASH.ld" --specs=nosys.specs -Wl,-Map="p10.map" -Wl,--gc-sections -static --specs=nano.specs -mfpu=fpv4-sp-d16 -mfloat-abi=hard -mthumb -Wl,--start-group -lc -lm -Wl,--end-group
Finished building target: p10.elf
 
arm-none-eabi-size  p10.elf 
arm-none-eabi-objdump -h -S p10.elf  > "p10.list"
   text	   data	    bss	    dec	    hex	filename
  92772	    224	  38648	 131644	  2023c	p10.elf
Finished building: default.size.stdout
 
Finished building: p10.list
 
21:04:32 **** Incremental Build of configuration Debug for project p10 ****
make -j20 all 
arm-none-eabi-size  p10.elf 
   text	   data	    bss	    dec	    hex	filename
  92772	    224	  38648	 131644	  2023c	p10.elf
Finished building: default.size.stdout
 
21:07:58 **** Incremental Build of configuration Debug for project p10 ****
make -j20 all 
arm-none-eabi-gcc "../Core/Src/cmd_parser.c" -mcpu=cortex-m4 -std=gnu11 -g3 -DDEBUG -DNODE_ID=1 -DUSE_HAL_DRIVER -DSTM32L475xx -c -I../Core/Inc -I"C:/repos/SistemasCiberYSegHard/SCYSH_proyecto/p10/Drivers/BSP/inc" -I../Drivers/STM32L4xx_HAL_Driver/Inc -I../Drivers/STM32L4xx_HAL_Driver/Inc/Legacy -I../Drivers/CMSIS/Device/ST/STM32L4xx/Include -I../Drivers/CMSIS/Include -I../Middlewares/Third_Party/FreeRTOS/Source/include -I../Middlewares/Third_Party/FreeRTOS/Source/CMSIS_RTOS_V2 -I../Middlewares/Third_Party/FreeRTOS/Source/portable/GCC/ARM_CM4F -O0 -ffunction-sections -fdata-sections -Wall -fstack-usage -fcyclomatic-complexity -MMD -MP -MF"Core/Src/cmd_parser.d" -MT"Core/Src/cmd_parser.o" --specs=nano.specs -mfpu=fpv4-sp-d16 -mfloat-abi=hard -mthumb -o "Core/Src/cmd_parser.o"
arm-none-eabi-gcc "../Core/Src/main.c" -mcpu=cortex-m4 -std=gnu11 -g3 -DDEBUG -DNODE_ID=1 -DUSE_HAL_DRIVER -DSTM32L475xx -c -I../Core/Inc -I"C:/repos/SistemasCiberYSegHard/SCYSH_proyecto/p10/Drivers/BSP/inc" -I../Drivers/STM32L4xx_HAL_Driver/Inc -I../Drivers/STM32L4xx_HAL_Driver/Inc/Legacy -I../Drivers/CMSIS/Device/ST/STM32L4xx/Include -I../Drivers/CMSIS/Include -I../Middlewares/Third_Party/FreeRTOS/Source/include -I../Middlewares/Third_Party/FreeRTOS/Source/CMSIS_RTOS_V2 -I../Middlewares/Third_Party/FreeRTOS/Source/portable/GCC/ARM_CM4F -O0 -ffunction-sections -fdata-sections -Wall -fstack-usage -fcyclomatic-complexity -MMD -MP -MF"Core/Src/main.d" -MT"Core/Src/main.o" --specs=nano.specs -mfpu=fpv4-sp-d16 -mfloat-abi=hard -mthumb -o "Core/Src/main.o"
arm-none-eabi-gcc "../Core/Src/mqtt_priv.c" -mcpu=cortex-m4 -std=gnu11 -g3 -DDEBUG -DNODE_ID=1 -DUSE_HAL_DRIVER -DSTM32L475xx -c -I../Core/Inc -I"C:/repos/SistemasCiberYSegHard/SCYSH_proyecto/p10/Drivers/BSP/inc" -I../Drivers/STM32L4xx_HAL_Driver/Inc -I../Drivers/STM32L4xx_HAL_Driver/Inc/Legacy -I../Drivers/CMSIS/Device/ST/STM32L4xx/Include -I../Drivers/CMSIS/Include -I../Middlewares/Third_Party/FreeRTOS/Source/include -I../Middlewares/Third_Party/FreeRTOS/Source/CMSIS_RTOS_V2 -I../Middlewares/Third_Party/FreeRTOS/Source/portable/GCC/ARM_CM4F -O0 -ffunction-sections -fdata-sections -Wall -fstack-usage -fcyclomatic-complexity -MMD -MP -MF"Core/Src/mqtt_priv.d" -MT"Core/Src/mqtt_priv.o" --specs=nano.specs -mfpu=fpv4-sp-d16 -mfloat-abi=hard -mthumb -o "Core/Src/mqtt_priv.o"
../Core/Src/mqtt_priv.c: In function 'prvCreateMQTTConnectionWithBroker':
../Core/Src/mqtt_priv.c:117:33: warning: argument 1 null where non-null expected [-Wnonnull]
  117 |     xConnectInfo.userNameLength=strlen(mqttUserName);
      |                                 ^~~~~~
In file included from C:/repos/SistemasCiberYSegHard/SCYSH_proyecto/p10/Drivers/BSP/inc/es_wifi.h:28,
                 from C:/repos/SistemasCiberYSegHard/SCYSH_proyecto/p10/Drivers/BSP/inc/wifi.h:26,
                 from ../Core/Inc/mqtt_priv.h:13,
                 from ../Core/Src/mqtt_priv.c:4:
C:\ST\STM32CubeIDE_1.19.0\STM32CubeIDE\plugins\com.st.stm32cube.ide.mcu.externaltools.gnu-tools-for-stm32.13.3.rel1.win32_1.0.0.202411081344\tools\bin/../lib/gcc/arm-none-eabi/13.3.1/../../../../arm-none-eabi/include/string.h:41:10: note: in a call to function 'strlen' declared 'nonnull'
   41 | size_t   strlen (const char *);
      |          ^~~~~~
../Core/Src/mqtt_priv.c:119:33: warning: argument 1 null where non-null expected [-Wnonnull]
  119 |     xConnectInfo.passwordLength=strlen(mqttPass);
      |                                 ^~~~~~
C:\ST\STM32CubeIDE_1.19.0\STM32CubeIDE\plugins\com.st.stm32cube.ide.mcu.externaltools.gnu-tools-for-stm32.13.3.rel1.win32_1.0.0.202411081344\tools\bin/../lib/gcc/arm-none-eabi/13.3.1/../../../../arm-none-eabi/include/string.h:41:10: note: in a call to function 'strlen' declared 'nonnull'
   41 | size_t   strlen (const char *);
      |          ^~~~~~
../Core/Src/mqtt_priv.c: At top level:
../Core/Src/mqtt_priv.c:336:13: warning: 'prvMQTTProcessResponse' defined but not used [-Wunused-function]
  336 | static void prvMQTTProcessResponse( MQTTPacketInfo_t * pxIncomingPacket,
      |             ^~~~~~~~~~~~~~~~~~~~~~
../Core/Src/main.c:65: warning: "NODE_ID" redefined
   65 | #define NODE_ID 2
      | 
<command-line>: note: this is the location of the previous definition
../Core/Src/main.c: In function 'task_envReadFunc':
../Core/Src/main.c:1627:84: warning: format '%ld' expects argument of type 'long int', but argument 7 has type 'int' [-Wformat=]
 1627 |                  "{\"id\":1,\"msg_id\":%ld,\"origen\":\"%d\",\"temp\":%d,\"hum\":%ld}",
      |                                                                                  ~~^
      |                                                                                    |
      |                                                                                    long int
      |                                                                                  %d
......
 1631 |                  hum);
      |                  ~~~                                                                
      |                  |
      |                  int
../Core/Src/main.c: In function 'Accel_Task_Func':
../Core/Src/main.c:1722:28: warning: implicit declaration of function 'now_ms' [-Wimplicit-function-declaration]
 1722 |     const uint32_t t0_ms = now_ms();
      |                            ^~~~~~
../Core/Src/main.c:1768:11: warning: implicit declaration of function 'build_payload_block' [-Wimplicit-function-declaration]
 1768 |           build_payload_block(payload, sizeof(payload),
      |           ^~~~~~~~~~~~~~~~~~~
In file included from ../Core/Src/main.c:31:
../Core/Inc/mqtt_priv.h: At top level:
../Core/Inc/mqtt_priv.h:48:13: warning: 'prvMQTTProcessResponse' declared 'static' but never defined [-Wunused-function]
   48 | static void prvMQTTProcessResponse( MQTTPacketInfo_t * pxIncomingPacket,
      |             ^~~~~~~~~~~~~~~~~~~~~~
arm-none-eabi-gcc -o "p10.elf" @"objects.list"   -mcpu=cortex-m4 -T"C:\repos\SistemasCiberYSegHard\SCYSH_proyecto\p10\STM32L475VGTX_FLASH.ld" --specs=nosys.specs -Wl,-Map="p10.map" -Wl,--gc-sections -static --specs=nano.specs -mfpu=fpv4-sp-d16 -mfloat-abi=hard -mthumb -Wl,--start-group -lc -lm -Wl,--end-group
Finished building target: p10.elf
 
arm-none-eabi-size  p10.elf 
arm-none-eabi-objdump -h -S p10.elf  > "p10.list"
   text	   data	    bss	    dec	    hex	filename
  99096	    252	  38748	 138096	  21b70	p10.elf
Finished building: default.size.stdout
 
Finished building: p10.list
 
22:18:33 **** Incremental Build of configuration Debug for project p10 ****
make -j20 all 
arm-none-eabi-gcc "../Core/Src/main.c" -mcpu=cortex-m4 -std=gnu11 -g3 -DDEBUG -DNODE_ID=1 -DUSE_HAL_DRIVER -DSTM32L475xx -c -I../Core/Inc -I"C:/repos/SistemasCiberYSegHard/SCYSH_proyecto/p10/Drivers/BSP/inc" -I../Drivers/STM32L4xx_HAL_Driver/Inc -I../Drivers/STM32L4xx_HAL_Driver/Inc/Legacy -I../Drivers/CMSIS/Device/ST/STM32L4xx/Include -I../Drivers/CMSIS/Include -I../Middlewares/Third_Party/FreeRTOS/Source/include -I../Middlewares/Third_Party/FreeRTOS/Source/CMSIS_RTOS_V2 -I../Middlewares/Third_Party/FreeRTOS/Source/portable/GCC/ARM_CM4F -O0 -ffunction-sections -fdata-sections -Wall -fstack-usage -fcyclomatic-complexity -MMD -MP -MF"Core/Src/main.d" -MT"Core/Src/main.o" --specs=nano.specs -mfpu=fpv4-sp-d16 -mfloat-abi=hard -mthumb -o "Core/Src/main.o"
arm-none-eabi-gcc "../Core/Src/mqtt_priv.c" -mcpu=cortex-m4 -std=gnu11 -g3 -DDEBUG -DNODE_ID=1 -DUSE_HAL_DRIVER -DSTM32L475xx -c -I../Core/Inc -I"C:/repos/SistemasCiberYSegHard/SCYSH_proyecto/p10/Drivers/BSP/inc" -I../Drivers/STM32L4xx_HAL_Driver/Inc -I../Drivers/STM32L4xx_HAL_Driver/Inc/Legacy -I../Drivers/CMSIS/Device/ST/STM32L4xx/Include -I../Drivers/CMSIS/Include -I../Middlewares/Third_Party/FreeRTOS/Source/include -I../Middlewares/Third_Party/FreeRTOS/Source/CMSIS_RTOS_V2 -I../Middlewares/Third_Party/FreeRTOS/Source/portable/GCC/ARM_CM4F -O0 -ffunction-sections -fdata-sections -Wall -fstack-usage -fcyclomatic-complexity -MMD -MP -MF"Core/Src/mqtt_priv.d" -MT"Core/Src/mqtt_priv.o" --specs=nano.specs -mfpu=fpv4-sp-d16 -mfloat-abi=hard -mthumb -o "Core/Src/mqtt_priv.o"
../Core/Src/mqtt_priv.c: In function 'prvCreateMQTTConnectionWithBroker':
../Core/Src/mqtt_priv.c:117:33: warning: argument 1 null where non-null expected [-Wnonnull]
  117 |     xConnectInfo.userNameLength=strlen(mqttUserName);
      |                                 ^~~~~~
In file included from C:/repos/SistemasCiberYSegHard/SCYSH_proyecto/p10/Drivers/BSP/inc/es_wifi.h:28,
                 from C:/repos/SistemasCiberYSegHard/SCYSH_proyecto/p10/Drivers/BSP/inc/wifi.h:26,
                 from ../Core/Inc/mqtt_priv.h:13,
                 from ../Core/Src/mqtt_priv.c:4:
C:\ST\STM32CubeIDE_1.19.0\STM32CubeIDE\plugins\com.st.stm32cube.ide.mcu.externaltools.gnu-tools-for-stm32.13.3.rel1.win32_1.0.0.202411081344\tools\bin/../lib/gcc/arm-none-eabi/13.3.1/../../../../arm-none-eabi/include/string.h:41:10: note: in a call to function 'strlen' declared 'nonnull'
   41 | size_t   strlen (const char *);
      |          ^~~~~~
../Core/Src/mqtt_priv.c:119:33: warning: argument 1 null where non-null expected [-Wnonnull]
  119 |     xConnectInfo.passwordLength=strlen(mqttPass);
      |                                 ^~~~~~
C:\ST\STM32CubeIDE_1.19.0\STM32CubeIDE\plugins\com.st.stm32cube.ide.mcu.externaltools.gnu-tools-for-stm32.13.3.rel1.win32_1.0.0.202411081344\tools\bin/../lib/gcc/arm-none-eabi/13.3.1/../../../../arm-none-eabi/include/string.h:41:10: note: in a call to function 'strlen' declared 'nonnull'
   41 | size_t   strlen (const char *);
      |          ^~~~~~
../Core/Src/main.c:65: warning: "NODE_ID" redefined
   65 | #define NODE_ID 2
      | 
<command-line>: note: this is the location of the previous definition
../Core/Src/mqtt_priv.c: At top level:
../Core/Src/mqtt_priv.c:336:13: warning: 'prvMQTTProcessResponse' defined but not used [-Wunused-function]
  336 | static void prvMQTTProcessResponse( MQTTPacketInfo_t * pxIncomingPacket,
      |             ^~~~~~~~~~~~~~~~~~~~~~
../Core/Src/main.c: In function 'task_envReadFunc':
../Core/Src/main.c:1627:84: warning: format '%ld' expects argument of type 'long int', but argument 7 has type 'int' [-Wformat=]
 1627 |                  "{\"id\":1,\"msg_id\":%ld,\"origen\":\"%d\",\"temp\":%d,\"hum\":%ld}",
      |                                                                                  ~~^
      |                                                                                    |
      |                                                                                    long int
      |                                                                                  %d
......
 1631 |                  hum);
      |                  ~~~                                                                
      |                  |
      |                  int
../Core/Src/main.c: In function 'Accel_Task_Func':
../Core/Src/main.c:1722:28: warning: implicit declaration of function 'now_ms' [-Wimplicit-function-declaration]
 1722 |     const uint32_t t0_ms = now_ms();
      |                            ^~~~~~
../Core/Src/main.c:1768:11: warning: implicit declaration of function 'build_payload_block' [-Wimplicit-function-declaration]
 1768 |           build_payload_block(payload, sizeof(payload),
      |           ^~~~~~~~~~~~~~~~~~~
In file included from ../Core/Src/main.c:31:
../Core/Inc/mqtt_priv.h: At top level:
../Core/Inc/mqtt_priv.h:48:13: warning: 'prvMQTTProcessResponse' declared 'static' but never defined [-Wunused-function]
   48 | static void prvMQTTProcessResponse( MQTTPacketInfo_t * pxIncomingPacket,
      |             ^~~~~~~~~~~~~~~~~~~~~~
arm-none-eabi-gcc -o "p10.elf" @"objects.list"   -mcpu=cortex-m4 -T"C:\repos\SistemasCiberYSegHard\SCYSH_proyecto\p10\STM32L475VGTX_FLASH.ld" --specs=nosys.specs -Wl,-Map="p10.map" -Wl,--gc-sections -static --specs=nano.specs -mfpu=fpv4-sp-d16 -mfloat-abi=hard -mthumb -Wl,--start-group -lc -lm -Wl,--end-group
Finished building target: p10.elf
 
arm-none-eabi-size  p10.elf 
arm-none-eabi-objdump -h -S p10.elf  > "p10.list"
   text	   data	    bss	    dec	    hex	filename
  99072	    252	  38748	 138072	  21b58	p10.elf
Finished building: default.size.stdout
 
Finished building: p10.list
 
22:21:29 **** Incremental Build of configuration Debug for project p10 ****
make -j20 all 
arm-none-eabi-gcc "../Core/Src/main.c" -mcpu=cortex-m4 -std=gnu11 -g3 -DDEBUG -DNODE_ID=1 -DUSE_HAL_DRIVER -DSTM32L475xx -c -I../Core/Inc -I"C:/repos/SistemasCiberYSegHard/SCYSH_proyecto/p10/Drivers/BSP/inc" -I../Drivers/STM32L4xx_HAL_Driver/Inc -I../Drivers/STM32L4xx_HAL_Driver/Inc/Legacy -I../Drivers/CMSIS/Device/ST/STM32L4xx/Include -I../Drivers/CMSIS/Include -I../Middlewares/Third_Party/FreeRTOS/Source/include -I../Middlewares/Third_Party/FreeRTOS/Source/CMSIS_RTOS_V2 -I../Middlewares/Third_Party/FreeRTOS/Source/portable/GCC/ARM_CM4F -O0 -ffunction-sections -fdata-sections -Wall -fstack-usage -fcyclomatic-complexity -MMD -MP -MF"Core/Src/main.d" -MT"Core/Src/main.o" --specs=nano.specs -mfpu=fpv4-sp-d16 -mfloat-abi=hard -mthumb -o "Core/Src/main.o"
../Core/Src/main.c:65: warning: "NODE_ID" redefined
   65 | #define NODE_ID 2
      | 
<command-line>: note: this is the location of the previous definition
../Core/Src/main.c: In function 'task_envReadFunc':
../Core/Src/main.c:1627:84: warning: format '%ld' expects argument of type 'long int', but argument 7 has type 'int' [-Wformat=]
 1627 |                  "{\"id\":1,\"msg_id\":%ld,\"origen\":\"%d\",\"temp\":%d,\"hum\":%ld}",
      |                                                                                  ~~^
      |                                                                                    |
      |                                                                                    long int
      |                                                                                  %d
......
 1631 |                  hum);
      |                  ~~~                                                                
      |                  |
      |                  int
../Core/Src/main.c: In function 'Accel_Task_Func':
../Core/Src/main.c:1722:28: warning: implicit declaration of function 'now_ms' [-Wimplicit-function-declaration]
 1722 |     const uint32_t t0_ms = now_ms();
      |                            ^~~~~~
../Core/Src/main.c:1768:11: warning: implicit declaration of function 'build_payload_block' [-Wimplicit-function-declaration]
 1768 |           build_payload_block(payload, sizeof(payload),
      |           ^~~~~~~~~~~~~~~~~~~
In file included from ../Core/Src/main.c:31:
../Core/Inc/mqtt_priv.h: At top level:
../Core/Inc/mqtt_priv.h:48:13: warning: 'prvMQTTProcessResponse' declared 'static' but never defined [-Wunused-function]
   48 | static void prvMQTTProcessResponse( MQTTPacketInfo_t * pxIncomingPacket,
      |             ^~~~~~~~~~~~~~~~~~~~~~
arm-none-eabi-gcc -o "p10.elf" @"objects.list"   -mcpu=cortex-m4 -T"C:\repos\SistemasCiberYSegHard\SCYSH_proyecto\p10\STM32L475VGTX_FLASH.ld" --specs=nosys.specs -Wl,-Map="p10.map" -Wl,--gc-sections -static --specs=nano.specs -mfpu=fpv4-sp-d16 -mfloat-abi=hard -mthumb -Wl,--start-group -lc -lm -Wl,--end-group
Finished building target: p10.elf
 
arm-none-eabi-size  p10.elf 
arm-none-eabi-objdump -h -S p10.elf  > "p10.list"
   text	   data	    bss	    dec	    hex	filename
  99100	    252	  38748	 138100	  21b74	p10.elf
Finished building: default.size.stdout
 
Finished building: p10.list
 
22:23:50 **** Incremental Build of configuration Debug for project p10 ****
make -j20 all 
arm-none-eabi-gcc "../Core/Src/main.c" -mcpu=cortex-m4 -std=gnu11 -g3 -DDEBUG -DNODE_ID=1 -DUSE_HAL_DRIVER -DSTM32L475xx -c -I../Core/Inc -I"C:/repos/SistemasCiberYSegHard/SCYSH_proyecto/p10/Drivers/BSP/inc" -I../Drivers/STM32L4xx_HAL_Driver/Inc -I../Drivers/STM32L4xx_HAL_Driver/Inc/Legacy -I../Drivers/CMSIS/Device/ST/STM32L4xx/Include -I../Drivers/CMSIS/Include -I../Middlewares/Third_Party/FreeRTOS/Source/include -I../Middlewares/Third_Party/FreeRTOS/Source/CMSIS_RTOS_V2 -I../Middlewares/Third_Party/FreeRTOS/Source/portable/GCC/ARM_CM4F -O0 -ffunction-sections -fdata-sections -Wall -fstack-usage -fcyclomatic-complexity -MMD -MP -MF"Core/Src/main.d" -MT"Core/Src/main.o" --specs=nano.specs -mfpu=fpv4-sp-d16 -mfloat-abi=hard -mthumb -o "Core/Src/main.o"
../Core/Src/main.c:65: warning: "NODE_ID" redefined
   65 | #define NODE_ID 2
      | 
<command-line>: note: this is the location of the previous definition
../Core/Src/main.c: In function 'task_envReadFunc':
../Core/Src/main.c:1627:84: warning: format '%ld' expects argument of type 'long int', but argument 7 has type 'int' [-Wformat=]
 1627 |                  "{\"id\":1,\"msg_id\":%ld,\"origen\":\"%d\",\"temp\":%d,\"hum\":%ld}",
      |                                                                                  ~~^
      |                                                                                    |
      |                                                                                    long int
      |                                                                                  %d
......
 1631 |                  hum);
      |                  ~~~                                                                
      |                  |
      |                  int
../Core/Src/main.c: In function 'Accel_Task_Func':
../Core/Src/main.c:1722:28: warning: implicit declaration of function 'now_ms' [-Wimplicit-function-declaration]
 1722 |     const uint32_t t0_ms = now_ms();
      |                            ^~~~~~
../Core/Src/main.c:1768:11: warning: implicit declaration of function 'build_payload_block' [-Wimplicit-function-declaration]
 1768 |           build_payload_block(payload, sizeof(payload),
      |           ^~~~~~~~~~~~~~~~~~~
In file included from ../Core/Src/main.c:31:
../Core/Inc/mqtt_priv.h: At top level:
../Core/Inc/mqtt_priv.h:48:13: warning: 'prvMQTTProcessResponse' declared 'static' but never defined [-Wunused-function]
   48 | static void prvMQTTProcessResponse( MQTTPacketInfo_t * pxIncomingPacket,
      |             ^~~~~~~~~~~~~~~~~~~~~~
arm-none-eabi-gcc -o "p10.elf" @"objects.list"   -mcpu=cortex-m4 -T"C:\repos\SistemasCiberYSegHard\SCYSH_proyecto\p10\STM32L475VGTX_FLASH.ld" --specs=nosys.specs -Wl,-Map="p10.map" -Wl,--gc-sections -static --specs=nano.specs -mfpu=fpv4-sp-d16 -mfloat-abi=hard -mthumb -Wl,--start-group -lc -lm -Wl,--end-group
Finished building target: p10.elf
 
arm-none-eabi-size  p10.elf 
arm-none-eabi-objdump -h -S p10.elf  > "p10.list"
   text	   data	    bss	    dec	    hex	filename
  99100	    252	  38748	 138100	  21b74	p10.elf
Finished building: default.size.stdout
 
Finished building: p10.list
 
