18:54:49 **** Incremental Build of configuration Debug for project p10 ****
make -j20 all 
arm-none-eabi-size  p10.elf 
   text	   data	    bss	    dec	    hex	filename
  87428	    200	  26408	 114036	  1bd74	p10.elf
Finished building: default.size.stdout
 
18:55:37 **** Incremental Build of configuration Debug for project p10 ****
make -j20 all 
arm-none-eabi-size  p10.elf 
   text	   data	    bss	    dec	    hex	filename
  87428	    200	  26408	 114036	  1bd74	p10.elf
Finished building: default.size.stdout
 
18:57:32 **** Incremental Build of configuration Debug for project p10 ****
make -j20 all 
arm-none-eabi-size  p10.elf 
   text	   data	    bss	    dec	    hex	filename
  87428	    200	  26408	 114036	  1bd74	p10.elf
Finished building: default.size.stdout
 
