20:02:40 **** Incremental Build of configuration Debug for project p10 ****
make -j20 all 
arm-none-eabi-size  p10.elf 
   text	   data	    bss	    dec	    hex	filename
  84924	    172	  40396	 125492	  1ea34	p10.elf
Finished building: default.size.stdout
 
20:02:43 **** Incremental Build of configuration Debug for project p10 ****
make -j20 all 
arm-none-eabi-size  p10.elf 
   text	   data	    bss	    dec	    hex	filename
  84924	    172	  40396	 125492	  1ea34	p10.elf
Finished building: default.size.stdout
 
20:04:11 **** Incremental Build of configuration Debug for project p10 ****
make -j20 all 
arm-none-eabi-size  p10.elf 
   text	   data	    bss	    dec	    hex	filename
  84924	    172	  40396	 125492	  1ea34	p10.elf
Finished building: default.size.stdout
 
