22:23:50 **** Incremental Build of configuration Debug for project p10 ****
make -j20 all 
arm-none-eabi-gcc "../Core/Src/main.c" -mcpu=cortex-m4 -std=gnu11 -g3 -DDEBUG -DNODE_ID=1 -DUSE_HAL_DRIVER -DSTM32L475xx -c -I../Core/Inc -I"C:/repos/SistemasCiberYSegHard/SCYSH_proyecto/p10/Drivers/BSP/inc" -I../Drivers/STM32L4xx_HAL_Driver/Inc -I../Drivers/STM32L4xx_HAL_Driver/Inc/Legacy -I../Drivers/CMSIS/Device/ST/STM32L4xx/Include -I../Drivers/CMSIS/Include -I../Middlewares/Third_Party/FreeRTOS/Source/include -I../Middlewares/Third_Party/FreeRTOS/Source/CMSIS_RTOS_V2 -I../Middlewares/Third_Party/FreeRTOS/Source/portable/GCC/ARM_CM4F -O0 -ffunction-sections -fdata-sections -Wall -fstack-usage -fcyclomatic-complexity -MMD -MP -MF"Core/Src/main.d" -MT"Core/Src/main.o" --specs=nano.specs -mfpu=fpv4-sp-d16 -mfloat-abi=hard -mthumb -o "Core/Src/main.o"
../Core/Src/main.c:65: warning: "NODE_ID" redefined
   65 | #define NODE_ID 2
      | 
<command-line>: note: this is the location of the previous definition
../Core/Src/main.c: In function 'task_envReadFunc':
../Core/Src/main.c:1627:84: warning: format '%ld' expects argument of type 'long int', but argument 7 has type 'int' [-Wformat=]
 1627 |                  "{\"id\":1,\"msg_id\":%ld,\"origen\":\"%d\",\"temp\":%d,\"hum\":%ld}",
      |                                                                                  ~~^
      |                                                                                    |
      |                                                                                    long int
      |                                                                                  %d
......
 1631 |                  hum);
      |                  ~~~                                                                
      |                  |
      |                  int
../Core/Src/main.c: In function 'Accel_Task_Func':
../Core/Src/main.c:1722:28: warning: implicit declaration of function 'now_ms' [-Wimplicit-function-declaration]
 1722 |     const uint32_t t0_ms = now_ms();
      |                            ^~~~~~
../Core/Src/main.c:1768:11: warning: implicit declaration of function 'build_payload_block' [-Wimplicit-function-declaration]
 1768 |           build_payload_block(payload, sizeof(payload),
      |           ^~~~~~~~~~~~~~~~~~~
In file included from ../Core/Src/main.c:31:
../Core/Inc/mqtt_priv.h: At top level:
../Core/Inc/mqtt_priv.h:48:13: warning: 'prvMQTTProcessResponse' declared 'static' but never defined [-Wunused-function]
   48 | static void prvMQTTProcessResponse( MQTTPacketInfo_t * pxIncomingPacket,
      |             ^~~~~~~~~~~~~~~~~~~~~~
arm-none-eabi-gcc -o "p10.elf" @"objects.list"   -mcpu=cortex-m4 -T"C:\repos\SistemasCiberYSegHard\SCYSH_proyecto\p10\STM32L475VGTX_FLASH.ld" --specs=nosys.specs -Wl,-Map="p10.map" -Wl,--gc-sections -static --specs=nano.specs -mfpu=fpv4-sp-d16 -mfloat-abi=hard -mthumb -Wl,--start-group -lc -lm -Wl,--end-group
Finished building target: p10.elf
 
arm-none-eabi-size  p10.elf 
arm-none-eabi-objdump -h -S p10.elf  > "p10.list"
   text	   data	    bss	    dec	    hex	filename
  99100	    252	  38748	 138100	  21b74	p10.elf
Finished building: default.size.stdout
 
Finished building: p10.list
 

22:23:51 Build Finished. 0 errors, 5 warnings. (took 1s.37ms)

